{"DTUID":"111","SENSORID":9,"FUNCID":3,"NDATA":2,"SENSORTYPE":"PWR-METER-POWER","RCV_BYTES":["005E","8F80"],"DATAS":[94,-28800],"DATAS1":[],"DATAS2":[],"TIMESTAMP":"2025-05-11T00:38:58.228Z","BUFFER":"2B5243563A3131312C090304005E8F8077B1"}
{"DTUID":"111","SENSORID":9,"FUNCID":3,"NDATA":2,"SENSORTYPE":"PWR-METER-POWER","RCV_BYTES":["005E","9200"],"DATAS":[94,-28160],"DATAS1":[],"DATAS2":[],"TIMESTAMP":"2025-05-11T12:13:42.710Z","BUFFER":"2B5243563A3131312C090304005E92007F41"}
{"DTUID":"111","SENSORID":9,"FUNCID":3,"NDATA":2,"SENSORTYPE":"PWR-METER-POWER","RCV_BYTES":["005E","9200"],"DATAS":[94,-28160],"DATAS1":[],"DATAS2":[],"TIMESTAMP":"2025-05-11T12:33:33.821Z","BUFFER":"2B5243563A3131312C090304005E92007F41"}
{"DTUID":"111","SENSORID":9,"FUNCID":3,"NDATA":2,"SENSORTYPE":"PWR-METER-POWER","RCV_BYTES":["005E","9200"],"DATAS":[94,-28160],"DATAS1":[],"DATAS2":[],"TIMESTAMP":"2025-05-11T12:43:40.801Z","BUFFER":"2B5243563A3131312C090304005E92007F41"}
{"DTUID":"111","SENSORID":9,"FUNCID":3,"NDATA":2,"SENSORTYPE":"PWR-METER-POWER","RCV_BYTES":["005E","9200"],"DATAS":[94,-28160],"DATAS1":[],"DATAS2":[],"TIMESTAMP":"2025-05-11T12:53:31.429Z","BUFFER":"2B5243563A3131312C090304005E92007F41"}
{"DTUID":"111","SENSORID":9,"FUNCID":3,"NDATA":2,"SENSORTYPE":"PWR-METER-POWER","RCV_BYTES":["005E","9200"],"DATAS":[94,-28160],"DATAS1":[],"DATAS2":[],"TIMESTAMP":"2025-05-11T14:10:29.997Z","BUFFER":"2B5243563A3131312C090304005E92007F41"}
{"DTUID":"111","SENSORID":9,"FUNCID":3,"NDATA":2,"SENSORTYPE":"PWR-METER-POWER","RCV_BYTES":["005E","9200"],"DATAS":[94,-28160],"DATAS1":[],"DATAS2":[],"TIMESTAMP":"2025-05-11T15:13:24.115Z","BUFFER":"2B5243563A3131312C090304005E92007F41"}
{"DTUID":"111","SENSORID":9,"FUNCID":3,"NDATA":2,"SENSORTYPE":"PWR-METER-POWER","RCV_BYTES":["005E","9200"],"DATAS":[94,-28160],"DATAS1":[],"DATAS2":[],"TIMESTAMP":"2025-05-11T15:47:48.375Z","BUFFER":"2B5243563A3131312C090304005E92007F41"}
{"DTUID":"111","SENSORID":9,"FUNCID":3,"NDATA":2,"SENSORTYPE":"PWR-METER-POWER","RCV_BYTES":["005E","9200"],"DATAS":[94,-28160],"DATAS1":[],"DATAS2":[],"TIMESTAMP":"2025-05-11T16:16:29.822Z","BUFFER":"2B5243563A3131312C090304005E92007F41"}
{"DTUID":"111","SENSORID":9,"FUNCID":3,"NDATA":2,"SENSORTYPE":"PWR-METER-POWER","RCV_BYTES":["005E","9200"],"DATAS":[94,-28160],"DATAS1":[],"DATAS2":[],"TIMESTAMP":"2025-05-11T17:33:40.848Z","BUFFER":"2B5243563A3131312C090304005E92007F41"}
{"DTUID":"111","SENSORID":9,"FUNCID":3,"NDATA":2,"SENSORTYPE":"PWR-METER-POWER","RCV_BYTES":["005E","9200"],"DATAS":[94,-28160],"DATAS1":[],"DATAS2":[],"TIMESTAMP":"2025-05-11T18:28:52.303Z","BUFFER":"2B5243563A3131312C090304005E92007F41"}
{"DTUID":"111","SENSORID":9,"FUNCID":3,"NDATA":2,"SENSORTYPE":"PWR-METER-POWER","RCV_BYTES":["005E","9536"],"DATAS":[94,-27338],"DATAS1":[],"DATAS2":[],"TIMESTAMP":"2025-05-12T11:24:35.609Z","BUFFER":"2B5243563A3131312C090304005E9536FD67"}
{"DTUID":"111","SENSORID":9,"FUNCID":3,"NDATA":2,"SENSORTYPE":"PWR-METER-POWER","RCV_BYTES":["005E","9592"],"DATAS":[94,-27246],"DATAS1":[],"DATAS2":[],"TIMESTAMP":"2025-05-12T13:04:39.990Z","BUFFER":"2B5243563A3131312C090304005E9592FCDC"}
{"DTUID":"111","SENSORID":9,"FUNCID":3,"NDATA":2,"SENSORTYPE":"PWR-METER-POWER","RCV_BYTES":["005E","9603"],"DATAS":[94,-27133],"DATAS1":[],"DATAS2":[],"TIMESTAMP":"2025-05-12T15:04:54.972Z","BUFFER":"2B5243563A3131312C090304005E96033D80"}
{"DTUID":"111","SENSORID":9,"FUNCID":3,"NDATA":2,"SENSORTYPE":"PWR-METER-POWER","RCV_BYTES":["005E","9691"],"DATAS":[94,-26991],"DATAS1":[],"DATAS2":[],"TIMESTAMP":"2025-05-12T17:36:01.235Z","BUFFER":"2B5243563A3131312C090304005E9691BC2D"}
{"DTUID":"111","SENSORID":9,"FUNCID":3,"NDATA":2,"SENSORTYPE":"PWR-METER-POWER","RCV_BYTES":["005E","96A4"],"DATAS":[94,-26972],"DATAS1":[],"DATAS2":[],"TIMESTAMP":"2025-05-12T17:56:00.174Z","BUFFER":"2B5243563A3131312C090304005E96A47C3A"}
{"DTUID":"111","SENSORID":9,"FUNCID":3,"NDATA":2,"SENSORTYPE":"PWR-METER-POWER","RCV_BYTES":["005E","9A8F"],"DATAS":[94,-25969],"DATAS1":[],"DATAS2":[],"TIMESTAMP":"2025-05-13T11:44:38.540Z","BUFFER":"2B5243563A3131312C090304005E9A8F3925"}
{"DTUID":"111","SENSORID":9,"FUNCID":3,"NDATA":2,"SENSORTYPE":"PWR-METER-POWER","RCV_BYTES":["005E","9AA0"],"DATAS":[94,-25952],"DATAS1":[],"DATAS2":[],"TIMESTAMP":"2025-05-13T12:04:39.899Z","BUFFER":"2B5243563A3131312C090304005E9AA078F9"}
{"DTUID":"111","SENSORID":9,"FUNCID":3,"NDATA":2,"SENSORTYPE":"PWR-METER-POWER","RCV_BYTES":["005E","9AF4"],"DATAS":[94,-25868],"DATAS1":[],"DATAS2":[],"TIMESTAMP":"2025-05-13T13:38:16.259Z","BUFFER":"2B5243563A3131312C090304005E9AF47906"}
{"DTUID":"111","SENSORID":9,"FUNCID":3,"NDATA":2,"SENSORTYPE":"PWR-METER-POWER","RCV_BYTES":["005E","9B15"],"DATAS":[94,-25835],"DATAS1":[],"DATAS2":[],"TIMESTAMP":"2025-05-13T14:18:08.994Z","BUFFER":"2B5243563A3131312C090304005E9B15B8DE"}
{"DTUID":"111","SENSORID":9,"FUNCID":3,"NDATA":2,"SENSORTYPE":"PWR-METER-POWER","RCV_BYTES":["005E","9FC4"],"DATAS":[94,-24636],"DATAS1":[],"DATAS2":[],"TIMESTAMP":"2025-05-14T13:01:42.662Z","BUFFER":"2B5243563A3131312C090304005E9FC47A42"}
{"DTUID":"111","SENSORID":9,"FUNCID":3,"NDATA":2,"SENSORTYPE":"PWR-METER-POWER","RCV_BYTES":["005E","A09F"],"DATAS":[94,-24417],"DATAS1":[],"DATAS2":[],"TIMESTAMP":"2025-05-14T17:15:01.665Z","BUFFER":"2B5243563A3131312C090304005EA09F2A49"}
{"DTUID":"111","SENSORID":9,"FUNCID":3,"NDATA":2,"SENSORTYPE":"PWR-METER-POWER","RCV_BYTES":["005E","A0C0"],"DATAS":[94,-24384],"DATAS1":[],"DATAS2":[],"TIMESTAMP":"2025-05-14T17:49:48.356Z","BUFFER":"2B5243563A3131312C090304005EA0C06A71"}
{"DTUID":"111","SENSORID":9,"FUNCID":3,"NDATA":2,"SENSORTYPE":"PWR-METER-POWER","RCV_BYTES":["005E","AF27"],"DATAS":[94,-20697],"DATAS1":[],"DATAS2":[],"TIMESTAMP":"2025-05-17T11:42:07.615Z","BUFFER":"2B5243563A3131312C090304005EAF272FCB"}
{"DTUID":"111","SENSORID":9,"FUNCID":3,"NDATA":2,"SENSORTYPE":"PWR-METER-POWER","RCV_BYTES":["005E","B50C"],"DATAS":[94,-19188],"DATAS1":[],"DATAS2":[],"TIMESTAMP":"2025-05-19T13:39:03.516Z","BUFFER":"2B5243563A3131312C090304005EB50C64B4"}
{"DTUID":"111","SENSORID":9,"FUNCID":3,"NDATA":2,"SENSORTYPE":"PWR-METER-POWER","RCV_BYTES":["005E","B548"],"DATAS":[94,-19128],"DATAS1":[],"DATAS2":[],"TIMESTAMP":"2025-05-19T14:40:18.479Z","BUFFER":"2B5243563A3131312C090304005EB5486487"}
{"DTUID":"111","SENSORID":9,"FUNCID":3,"NDATA":2,"SENSORTYPE":"PWR-METER-POWER","RCV_BYTES":["005E","B9EE"],"DATAS":[94,-17938],"DATAS1":[],"DATAS2":[],"TIMESTAMP":"2025-05-20T12:07:10.991Z","BUFFER":"2B5243563A3131312C090304005EB9EEE1FD"}
{"DTUID":"111","SENSORID":9,"FUNCID":3,"NDATA":2,"SENSORTYPE":"PWR-METER-POWER","RCV_BYTES":["005E","BA0E"],"DATAS":[94,-17906],"DATAS1":[],"DATAS2":[],"TIMESTAMP":"2025-05-20T12:42:31.539Z","BUFFER":"2B5243563A3131312C090304005EBA0EE085"}
{"DTUID":"111","SENSORID":9,"FUNCID":3,"NDATA":2,"SENSORTYPE":"PWR-METER-POWER","RCV_BYTES":["005E","BA1F"],"DATAS":[94,-17889],"DATAS1":[],"DATAS2":[],"TIMESTAMP":"2025-05-20T13:01:51.373Z","BUFFER":"2B5243563A3131312C090304005EBA1F2089"}
{"DTUID":"111","SENSORID":9,"FUNCID":3,"NDATA":2,"SENSORTYPE":"PWR-METER-POWER","RCV_BYTES":["005E","BA2A"],"DATAS":[94,-17878],"DATAS1":[],"DATAS2":[],"TIMESTAMP":"2025-05-20T13:14:49.292Z","BUFFER":"2B5243563A3131312C090304005EBA2AE09E"}
{"DTUID":"111","SENSORID":9,"FUNCID":3,"NDATA":2,"SENSORTYPE":"PWR-METER-POWER","RCV_BYTES":["005E","BA5F"],"DATAS":[94,-17825],"DATAS1":[],"DATAS2":[],"TIMESTAMP":"2025-05-20T14:11:59.224Z","BUFFER":"2B5243563A3131312C090304005EBA5F2179"}
{"DTUID":"111","SENSORID":9,"FUNCID":3,"NDATA":2,"SENSORTYPE":"PWR-METER-POWER","RCV_BYTES":["005E","BA8C"],"DATAS":[94,-17780],"DATAS1":[],"DATAS2":[],"TIMESTAMP":"2025-05-20T15:02:18.890Z","BUFFER":"2B5243563A3131312C090304005EBA8C60E4"}
{"DTUID":"111","SENSORID":9,"FUNCID":3,"NDATA":2,"SENSORTYPE":"PWR-METER-POWER","RCV_BYTES":["005E","BA97"],"DATAS":[94,-17769],"DATAS1":[],"DATAS2":[],"TIMESTAMP":"2025-05-20T15:14:37.165Z","BUFFER":"2B5243563A3131312C090304005EBA9720EF"}
{"DTUID":"111","SENSORID":9,"FUNCID":3,"NDATA":2,"SENSORTYPE":"PWR-METER-POWER","RCV_BYTES":["005E","BA9F"],"DATAS":[94,-17761],"DATAS1":[],"DATAS2":[],"TIMESTAMP":"2025-05-20T15:24:17.816Z","BUFFER":"2B5243563A3131312C090304005EBA9F2129"}
{"DTUID":"111","SENSORID":9,"FUNCID":3,"NDATA":2,"SENSORTYPE":"PWR-METER-POWER","RCV_BYTES":["005E","BAB0"],"DATAS":[94,-17744],"DATAS1":[],"DATAS2":[],"TIMESTAMP":"2025-05-20T15:43:49.404Z","BUFFER":"2B5243563A3131312C090304005EBAB060F5"}
{"DTUID":"111","SENSORID":9,"FUNCID":3,"NDATA":2,"SENSORTYPE":"PWR-METER-POWER","RCV_BYTES":["005E","BAB8"],"DATAS":[94,-17736],"DATAS1":[],"DATAS2":[],"TIMESTAMP":"2025-05-20T15:53:43.323Z","BUFFER":"2B5243563A3131312C090304005EBAB86133"}
{"DTUID":"111","SENSORID":9,"FUNCID":3,"NDATA":2,"SENSORTYPE":"PWR-METER-POWER","RCV_BYTES":["005E","BAC2"],"DATAS":[94,-17726],"DATAS1":[],"DATAS2":[],"TIMESTAMP":"2025-05-20T16:03:28.348Z","BUFFER":"2B5243563A3131312C090304005EBAC2E0D0"}
{"DTUID":"111","SENSORID":9,"FUNCID":3,"NDATA":2,"SENSORTYPE":"PWR-METER-POWER","RCV_BYTES":["005E","BACB"],"DATAS":[94,-17717],"DATAS1":[],"DATAS2":[],"TIMESTAMP":"2025-05-20T16:13:28.580Z","BUFFER":"2B5243563A3131312C090304005EBACB20D6"}
{"DTUID":"111","SENSORID":9,"FUNCID":3,"NDATA":2,"SENSORTYPE":"PWR-METER-POWER","RCV_BYTES":["005E","BAE8"],"DATAS":[94,-17688],"DATAS1":[],"DATAS2":[],"TIMESTAMP":"2025-05-20T16:44:23.802Z","BUFFER":"2B5243563A3131312C090304005EBAE8610F"}
{"DTUID":"111","SENSORID":9,"FUNCID":3,"NDATA":2,"SENSORTYPE":"PWR-METER-POWER","RCV_BYTES":["005E","BAF1"],"DATAS":[94,-17679],"DATAS1":[],"DATAS2":[],"TIMESTAMP":"2025-05-20T16:54:18.463Z","BUFFER":"2B5243563A3131312C090304005EBAF1A0C5"}
{"DTUID":"111","SENSORID":9,"FUNCID":3,"NDATA":2,"SENSORTYPE":"PWR-METER-POWER","RCV_BYTES":["005E","BB15"],"DATAS":[94,-17643],"DATAS1":[],"DATAS2":[],"TIMESTAMP":"2025-05-20T17:34:08.807Z","BUFFER":"2B5243563A3131312C090304005EBB15A11E"}
{"DTUID":"111","SENSORID":9,"FUNCID":3,"NDATA":2,"SENSORTYPE":"PWR-METER-POWER","RCV_BYTES":["005E","BB56"],"DATAS":[94,-17578],"DATAS1":[],"DATAS2":[],"TIMESTAMP":"2025-05-20T18:44:10.327Z","BUFFER":"2B5243563A3131312C090304005EBB56E0EF"}
{"DTUID":"111","SENSORID":9,"FUNCID":3,"NDATA":2,"SENSORTYPE":"PWR-METER-POWER","RCV_BYTES":["005E","BEEC"],"DATAS":[94,-16660],"DATAS1":[],"DATAS2":[],"TIMESTAMP":"2025-05-21T12:00:37.690Z","BUFFER":"2B5243563A3131312C090304005EBEEC620C"}
{"DTUID":"111","SENSORID":9,"FUNCID":3,"NDATA":2,"SENSORTYPE":"PWR-METER-POWER","RCV_BYTES":["005E","BEF8"],"DATAS":[94,-16648],"DATAS1":[],"DATAS2":[],"TIMESTAMP":"2025-05-21T12:16:57.967Z","BUFFER":"2B5243563A3131312C090304005EBEF86203"}
{"DTUID":"111","SENSORID":9,"FUNCID":3,"NDATA":2,"SENSORTYPE":"PWR-METER-POWER","RCV_BYTES":["005E","BF1A"],"DATAS":[94,-16614],"DATAS1":[],"DATAS2":[],"TIMESTAMP":"2025-05-21T12:56:58.715Z","BUFFER":"2B5243563A3131312C090304005EBF1AE3DA"}
{"DTUID":"111","SENSORID":9,"FUNCID":3,"NDATA":2,"SENSORTYPE":"PWR-METER-POWER","RCV_BYTES":["005E","BF32"],"DATAS":[94,-16590],"DATAS1":[],"DATAS2":[],"TIMESTAMP":"2025-05-21T13:27:02.336Z","BUFFER":"2B5243563A3131312C090304005EBF32E3C4"}
{"DTUID":"111","SENSORID":9,"FUNCID":3,"NDATA":2,"SENSORTYPE":"PWR-METER-POWER","RCV_BYTES":["005E","C244"],"DATAS":[94,-15804],"DATAS1":[],"DATAS2":[],"TIMESTAMP":"2025-05-22T04:36:59.176Z","BUFFER":"2B5243563A3131312C090304005EC2444372"}
{"DTUID":"111","SENSORID":9,"FUNCID":3,"NDATA":2,"SENSORTYPE":"PWR-METER-POWER","RCV_BYTES":["005E","C71A"],"DATAS":[94,-14566],"DATAS1":[],"DATAS2":[],"TIMESTAMP":"2025-05-23T04:52:56.675Z","BUFFER":"2B5243563A3131312C090304005EC71AC1DA"}
{"DTUID":"111","SENSORID":9,"FUNCID":3,"NDATA":2,"SENSORTYPE":"PWR-METER-POWER","RCV_BYTES":["005E","C71A"],"DATAS":[94,-14566],"DATAS1":[],"DATAS2":[],"TIMESTAMP":"2025-05-23T04:52:57.276Z","BUFFER":"2B5243563A3131312C090304005EC71AC1DA"}
{"DTUID":"111","SENSORID":9,"FUNCID":3,"NDATA":2,"SENSORTYPE":"PWR-METER-POWER","RCV_BYTES":["005E","C728"],"DATAS":[94,-14552],"DATAS1":[],"DATAS2":[],"TIMESTAMP":"2025-05-23T05:04:48.486Z","BUFFER":"2B5243563A3131312C090304005EC728400F"}
{"DTUID":"111","SENSORID":9,"FUNCID":3,"NDATA":2,"SENSORTYPE":"PWR-METER-POWER","RCV_BYTES":["005E","C731"],"DATAS":[94,-14543],"DATAS1":[],"DATAS2":[],"TIMESTAMP":"2025-05-23T05:14:42.738Z","BUFFER":"2B5243563A3131312C090304005EC73181C5"}
{"DTUID":"111","SENSORID":9,"FUNCID":3,"NDATA":2,"SENSORTYPE":"PWR-METER-POWER","RCV_BYTES":["005E","DDAC"],"DATAS":[94,-8788],"DATAS1":[],"DATAS2":[],"TIMESTAMP":"2025-05-27T23:50:35.295Z","BUFFER":"2B5243563A3131312C090304005EDDAC4B0C"}
{"DTUID":"111","SENSORID":9,"FUNCID":3,"NDATA":2,"SENSORTYPE":"PWR-METER-POWER","RCV_BYTES":["005E","DDB5"],"DATAS":[94,-8779],"DATAS1":[],"DATAS2":[],"TIMESTAMP":"2025-05-28T00:00:57.134Z","BUFFER":"2B5243563A3131312C090304005EDDB58AC6"}
{"DTUID":"111","SENSORID":9,"FUNCID":3,"NDATA":2,"SENSORTYPE":"PWR-METER-POWER","RCV_BYTES":["005E","E1E8"],"DATAS":[94,-7704],"DATAS1":[],"DATAS2":[],"TIMESTAMP":"2025-05-28T18:31:12.046Z","BUFFER":"2B5243563A3131312C090304005EE1E85A3F"}
{"DTUID":"111","SENSORID":9,"FUNCID":3,"NDATA":2,"SENSORTYPE":"PWR-METER-POWER","RCV_BYTES":["005E","E35D"],"DATAS":[94,-7331],"DATAS1":[],"DATAS2":[],"TIMESTAMP":"2025-05-29T00:56:07.581Z","BUFFER":"2B5243563A3131312C090304005EE35D9AE8"}
{"DTUID":"111","SENSORID":9,"FUNCID":3,"NDATA":2,"SENSORTYPE":"PWR-METER-POWER","RCV_BYTES":["005E","E366"],"DATAS":[94,-7322],"DATAS1":[],"DATAS2":[],"TIMESTAMP":"2025-05-29T01:06:04.019Z","BUFFER":"2B5243563A3131312C090304005EE366DB3B"}
{"DTUID":"111","SENSORID":9,"FUNCID":3,"NDATA":2,"SENSORTYPE":"PWR-METER-POWER","RCV_BYTES":["005E","EA74"],"DATAS":[94,-5516],"DATAS1":[],"DATAS2":[],"TIMESTAMP":"2025-05-30T09:16:12.596Z","BUFFER":"2B5243563A3131312C090304005EEA745D66"}
{"DTUID":"111","SENSORID":9,"FUNCID":3,"NDATA":2,"SENSORTYPE":"PWR-METER-POWER","RCV_BYTES":["005E","EED4"],"DATAS":[94,-4396],"DATAS1":[],"DATAS2":[],"TIMESTAMP":"2025-05-31T05:37:06.060Z","BUFFER":"2B5243563A3131312C090304005EEED45FDE"}
{"DTUID":"111","SENSORID":9,"FUNCID":3,"NDATA":2,"SENSORTYPE":"PWR-METER-POWER","RCV_BYTES":["005E","F2AE"],"DATAS":[94,-3410],"DATAS1":[],"DATAS2":[],"TIMESTAMP":"2025-06-01T18:06:24.240Z","BUFFER":"2B5243563A3131312C090304005EF2AED6FD"}
{"DTUID":"111","SENSORID":9,"FUNCID":3,"NDATA":2,"SENSORTYPE":"PWR-METER-POWER","RCV_BYTES":["005E","F2AE"],"DATAS":[94,-3410],"DATAS1":[],"DATAS2":[],"TIMESTAMP":"2025-06-01T19:46:20.089Z","BUFFER":"2B5243563A3131312C090304005EF2AED6FD"}
{"DTUID":"111","SENSORID":9,"FUNCID":3,"NDATA":2,"SENSORTYPE":"PWR-METER-POWER","RCV_BYTES":["005E","F897"],"DATAS":[94,-1897],"DATAS1":[],"DATAS2":[],"TIMESTAMP":"2025-06-03T00:08:19.762Z","BUFFER":"2B5243563A3131312C090304005EF897104F"}
{"DTUID":"111","SENSORID":9,"FUNCID":3,"NDATA":2,"SENSORTYPE":"PWR-METER-POWER","RCV_BYTES":["005E","F9D8"],"DATAS":[94,-1576],"DATAS1":[],"DATAS2":[],"TIMESTAMP":"2025-06-03T06:18:50.025Z","BUFFER":"2B5243563A3131312C090304005EF9D8502B"}
{"DTUID":"111","SENSORID":9,"FUNCID":3,"NDATA":2,"SENSORTYPE":"PWR-METER-POWER","RCV_BYTES":["005E","F9FA"],"DATAS":[94,-1542],"DATAS1":[],"DATAS2":[],"TIMESTAMP":"2025-06-03T07:00:52.291Z","BUFFER":"2B5243563A3131312C090304005EF9FAD032"}
{"DTUID":"111","SENSORID":9,"FUNCID":3,"NDATA":2,"SENSORTYPE":"PWR-METER-POWER","RCV_BYTES":["005E","FA70"],"DATAS":[94,-1424],"DATAS1":[],"DATAS2":[],"TIMESTAMP":"2025-06-03T09:27:31.041Z","BUFFER":"2B5243563A3131312C090304005EFA705165"}
{"DTUID":"111","SENSORID":9,"FUNCID":3,"NDATA":2,"SENSORTYPE":"PWR-METER-POWER","RCV_BYTES":["005E","FA79"],"DATAS":[94,-1415],"DATAS1":[],"DATAS2":[],"TIMESTAMP":"2025-06-03T09:37:37.136Z","BUFFER":"2B5243563A3131312C090304005EFA799163"}
{"DTUID":"111","SENSORID":9,"FUNCID":3,"NDATA":2,"SENSORTYPE":"PWR-METER-POWER","RCV_BYTES":["005E","FB2A"],"DATAS":[94,-1238],"DATAS1":[],"DATAS2":[],"TIMESTAMP":"2025-06-03T13:12:34.833Z","BUFFER":"2B5243563A3131312C090304005EFB2AD0CE"}
{"DTUID":"111","SENSORID":9,"FUNCID":3,"NDATA":2,"SENSORTYPE":"PWR-METER-POWER","RCV_BYTES":["005E","FB33"],"DATAS":[94,-1229],"DATAS1":[],"DATAS2":[],"TIMESTAMP":"2025-06-03T13:22:34.052Z","BUFFER":"2B5243563A3131312C090304005EFB331104"}
{"DTUID":"111","SENSORID":9,"FUNCID":3,"NDATA":2,"SENSORTYPE":"PWR-METER-POWER","RCV_BYTES":["005E","FB4C"],"DATAS":[94,-1204],"DATAS1":[],"DATAS2":[],"TIMESTAMP":"2025-06-03T13:52:39.290Z","BUFFER":"2B5243563A3131312C090304005EFB4C50E4"}
{"DTUID":"111","SENSORID":9,"FUNCID":3,"NDATA":2,"SENSORTYPE":"PWR-METER-POWER","RCV_BYTES":["005E","FB53"],"DATAS":[94,-1197],"DATAS1":[],"DATAS2":[],"TIMESTAMP":"2025-06-03T14:01:43.160Z","BUFFER":"2B5243563A3131312C090304005EFB53112C"}
{"DTUID":"111","SENSORID":9,"FUNCID":3,"NDATA":2,"SENSORTYPE":"PWR-METER-POWER","RCV_BYTES":["005F","0320"],"DATAS":[95,800],"DATAS1":[],"DATAS2":[],"TIMESTAMP":"2025-06-05T04:31:44.860Z","BUFFER":"2B5243563A3131312C090304005F032042C9"}
{"DTUID":"111","SENSORID":9,"FUNCID":3,"NDATA":2,"SENSORTYPE":"PWR-METER-POWER","RCV_BYTES":["005F","0CDE"],"DATAS":[95,3294],"DATAS1":[],"DATAS2":[],"TIMESTAMP":"2025-06-07T02:41:38.117Z","BUFFER":"2B5243563A3131312C090304005F0CDEC6B9"}
{"DTUID":"111","SENSORID":9,"FUNCID":3,"NDATA":2,"SENSORTYPE":"PWR-METER-POWER","RCV_BYTES":["005F","0D08"],"DATAS":[95,3336],"DATAS1":[],"DATAS2":[],"TIMESTAMP":"2025-06-07T03:29:25.949Z","BUFFER":"2B5243563A3131312C090304005F0D0846B7"}
{"DTUID":"111","SENSORID":9,"FUNCID":3,"NDATA":2,"SENSORTYPE":"PWR-METER-POWER","RCV_BYTES":["005F","0D12"],"DATAS":[95,3346],"DATAS1":[],"DATAS2":[],"TIMESTAMP":"2025-06-07T03:38:26.050Z","BUFFER":"2B5243563A3131312C090304005F0D12C77C"}
{"DTUID":"111","SENSORID":9,"FUNCID":3,"NDATA":2,"SENSORTYPE":"PWR-METER-POWER","RCV_BYTES":["005F","0DEE"],"DATAS":[95,3566],"DATAS1":[],"DATAS2":[],"TIMESTAMP":"2025-06-07T07:16:36.503Z","BUFFER":"2B5243563A3131312C090304005F0DEEC73D"}
{"DTUID":"111","SENSORID":9,"FUNCID":3,"NDATA":2,"SENSORTYPE":"PWR-METER-POWER","RCV_BYTES":["005F","0E1E"],"DATAS":[95,3614],"DATAS1":[],"DATAS2":[],"TIMESTAMP":"2025-06-07T08:04:37.927Z","BUFFER":"2B5243563A3131312C090304005F0E1EC789"}
{"DTUID":"111","SENSORID":9,"FUNCID":3,"NDATA":2,"SENSORTYPE":"PWR-METER-POWER","RCV_BYTES":["005F","0E3C"],"DATAS":[95,3644],"DATAS1":[],"DATAS2":[],"TIMESTAMP":"2025-06-07T08:34:25.869Z","BUFFER":"2B5243563A3131312C090304005F0E3C4790"}
{"DTUID":"111","SENSORID":9,"FUNCID":3,"NDATA":2,"SENSORTYPE":"PWR-METER-POWER","RCV_BYTES":["005F","0E50"],"DATAS":[95,3664],"DATAS1":[],"DATAS2":[],"TIMESTAMP":"2025-06-07T08:54:26.541Z","BUFFER":"2B5243563A3131312C090304005F0E5047BD"}

{"DTUID":"111","SENSORID":9,"FUNCID":3,"NDATA":2,"SENSORTYPE":"PWR-METER-POWER","RCV_BYTES":["005F","0F8F"],"DATAS":[95,3983],"DATAS1":[],"DATAS2":[],"TIMESTAMP":"2025-06-07T14:33:17.632Z","BUFFER":"2B5243563A3131312C090304005F0F8F07B5"}
{"DTUID":"111","SENSORID":9,"FUNCID":3,"NDATA":2,"SENSORTYPE":"PWR-METER-POWER","RCV_BYTES":["005F","0FA7"],"DATAS":[95,4007],"DATAS1":[],"DATAS2":[],"TIMESTAMP":"2025-06-07T14:59:49.643Z","BUFFER":"2B5243563A3131312C090304005F0FA707AB"}
{"DTUID":"111","SENSORID":9,"FUNCID":3,"NDATA":2,"SENSORTYPE":"PWR-METER-POWER","RCV_BYTES":["005F","0FB0"],"DATAS":[95,4016],"DATAS1":[],"DATAS2":[],"TIMESTAMP":"2025-06-07T15:09:59.104Z","BUFFER":"2B5243563A3131312C090304005F0FB047A5"}
{"DTUID":"111","SENSORID":9,"FUNCID":3,"NDATA":2,"SENSORTYPE":"PWR-METER-POWER","RCV_BYTES":["005F","103E"],"DATAS":[95,4158],"DATAS1":[],"DATAS2":[],"TIMESTAMP":"2025-06-07T17:52:06.700Z","BUFFER":"2B5243563A3131312C090304005F103ECFF1"}
{"DTUID":"111","SENSORID":9,"FUNCID":3,"NDATA":2,"SENSORTYPE":"PWR-METER-POWER","RCV_BYTES":["005F","104F"],"DATAS":[95,4175],"DATAS1":[],"DATAS2":[],"TIMESTAMP":"2025-06-07T18:13:04.264Z","BUFFER":"2B5243563A3131312C090304005F104F0FD5"}
{"DTUID":"111","SENSORID":9,"FUNCID":3,"NDATA":2,"SENSORTYPE":"PWR-METER-POWER","RCV_BYTES":["005F","1073"],"DATAS":[95,4211],"DATAS1":[],"DATAS2":[],"TIMESTAMP":"2025-06-07T18:52:06.724Z","BUFFER":"2B5243563A3131312C090304005F10730FC4"}
{"DTUID":"111","SENSORID":9,"FUNCID":3,"NDATA":2,"SENSORTYPE":"PWR-METER-POWER","RCV_BYTES":["005F","1FB4"],"DATAS":[95,8116],"DATAS1":[],"DATAS2":[],"TIMESTAMP":"2025-06-11T16:45:17.798Z","BUFFER":"2B5243563A3131312C090304005F1FB44BA6"}
{"DTUID":"111","SENSORID":9,"FUNCID":3,"NDATA":2,"SENSORTYPE":"PWR-METER-POWER","RCV_BYTES":["005F","1F90"],"DATAS":[95,8080],"DATAS1":[],"DATAS2":[],"TIMESTAMP":"2025-06-11T16:45:19.238Z","BUFFER":"2B5243563A3131312C090304005F1F904BBD"}
{"DTUID":"111","SENSORID":9,"FUNCID":3,"NDATA":2,"SENSORTYPE":"PWR-METER-POWER","RCV_BYTES":["005F","1FB8"],"DATAS":[95,8120],"DATAS1":[],"DATAS2":[],"TIMESTAMP":"2025-06-11T16:47:16.237Z","BUFFER":"2B5243563A3131312C090304005F1FB84BA3"}
{"DTUID":"111","SENSORID":9,"FUNCID":3,"NDATA":2,"SENSORTYPE":"PWR-METER-POWER","RCV_BYTES":["005F","1FB8"],"DATAS":[95,8120],"DATAS1":[],"DATAS2":[],"TIMESTAMP":"2025-06-11T16:50:16.378Z","BUFFER":"2B5243563A3131312C090304005F1FB84BA3"}
{"DTUID":"111","SENSORID":9,"FUNCID":3,"NDATA":2,"SENSORTYPE":"PWR-METER-POWER","RCV_BYTES":["005F","1FB8"],"DATAS":[95,8120],"DATAS1":[],"DATAS2":[],"TIMESTAMP":"2025-06-11T16:53:16.266Z","BUFFER":"2B5243563A3131312C090304005F1FB84BA3"}
{"DTUID":"111","SENSORID":9,"FUNCID":3,"NDATA":2,"SENSORTYPE":"PWR-METER-POWER","RCV_BYTES":["005F","1FB8"],"DATAS":[95,8120],"DATAS1":[],"DATAS2":[],"TIMESTAMP":"2025-06-11T16:56:16.510Z","BUFFER":"2B5243563A3131312C090304005F1FB84BA3"}
{"DTUID":"111","SENSORID":9,"FUNCID":3,"NDATA":2,"SENSORTYPE":"PWR-METER-POWER","RCV_BYTES":["005F","1FB8"],"DATAS":[95,8120],"DATAS1":[],"DATAS2":[],"TIMESTAMP":"2025-06-11T16:59:16.318Z","BUFFER":"2B5243563A3131312C090304005F1FB84BA3"}
{"DTUID":"111","SENSORID":9,"FUNCID":3,"NDATA":2,"SENSORTYPE":"PWR-METER-POWER","RCV_BYTES":["005F","2170"],"DATAS":[95,8560],"DATAS1":[],"DATAS2":[],"TIMESTAMP":"2025-06-12T01:02:16.848Z","BUFFER":"2B5243563A3131312C090304005F21705A55"}
{"DTUID":"111","SENSORID":9,"FUNCID":3,"NDATA":2,"SENSORTYPE":"PWR-METER-POWER","RCV_BYTES":["005F","2170"],"DATAS":[95,8560],"DATAS1":[],"DATAS2":[],"TIMESTAMP":"2025-06-12T01:05:16.740Z","BUFFER":"2B5243563A3131312C090304005F21705A55"}
{"DTUID":"111","SENSORID":9,"FUNCID":3,"NDATA":2,"SENSORTYPE":"PWR-METER-POWER","RCV_BYTES":["005F","2170"],"DATAS":[95,8560],"DATAS1":[],"DATAS2":[],"TIMESTAMP":"2025-06-12T01:08:16.741Z","BUFFER":"2B5243563A3131312C090304005F21705A55"}
{"DTUID":"111","SENSORID":9,"FUNCID":3,"NDATA":2,"SENSORTYPE":"PWR-METER-POWER","RCV_BYTES":["005F","3408"],"DATAS":[95,13320],"DATAS1":[],"DATAS2":[],"TIMESTAMP":"2025-06-16T12:43:23.239Z","BUFFER":"2B5243563A3131312C090304005F340854E7"}
{"DTUID":"111","SENSORID":9,"FUNCID":3,"NDATA":2,"SENSORTYPE":"PWR-METER-POWER","RCV_BYTES":["005F","3408"],"DATAS":[95,13320],"DATAS1":[],"DATAS2":[],"TIMESTAMP":"2025-06-16T12:46:23.140Z","BUFFER":"2B5243563A3131312C090304005F340854E7"}
{"DTUID":"111","SENSORID":9,"FUNCID":3,"NDATA":2,"SENSORTYPE":"PWR-METER-POWER","RCV_BYTES":["005F","3408"],"DATAS":[95,13320],"DATAS1":[],"DATAS2":[],"TIMESTAMP":"2025-06-16T12:49:23.186Z","BUFFER":"2B5243563A3131312C090304005F340854E7"}
{"DTUID":"111","SENSORID":9,"FUNCID":3,"NDATA":2,"SENSORTYPE":"PWR-METER-POWER","RCV_BYTES":["005F","3480"],"DATAS":[95,13440],"DATAS1":[],"DATAS2":[],"TIMESTAMP":"2025-06-16T15:19:23.418Z","BUFFER":"2B5243563A3131312C090304005F34805481"}
{"DTUID":"111","SENSORID":9,"FUNCID":3,"NDATA":2,"SENSORTYPE":"PWR-METER-POWER","RCV_BYTES":["005F","3480"],"DATAS":[95,13440],"DATAS1":[],"DATAS2":[],"TIMESTAMP":"2025-06-16T15:22:23.277Z","BUFFER":"2B5243563A3131312C090304005F34805481"}
{"DTUID":"111","SENSORID":9,"FUNCID":3,"NDATA":2,"SENSORTYPE":"PWR-METER-POWER","RCV_BYTES":["005F","3480"],"DATAS":[95,13440],"DATAS1":[],"DATAS2":[],"TIMESTAMP":"2025-06-16T15:25:23.358Z","BUFFER":"2B5243563A3131312C090304005F34805481"}
{"DTUID":"111","SENSORID":9,"FUNCID":3,"NDATA":2,"SENSORTYPE":"PWR-METER-POWER","RCV_BYTES":["005F","34A8"],"DATAS":[95,13480],"DATAS1":[],"DATAS2":[],"TIMESTAMP":"2025-06-16T15:37:23.524Z","BUFFER":"2B5243563A3131312C090304005F34A8549F"}
{"DTUID":"111","SENSORID":9,"FUNCID":3,"NDATA":2,"SENSORTYPE":"PWR-METER-POWER","RCV_BYTES":["005F","34A9"],"DATAS":[95,13481],"DATAS1":[],"DATAS2":[],"TIMESTAMP":"2025-06-16T15:38:16.341Z","BUFFER":"2B5243563A3131312C090304005F34A9955F"}
{"DTUID":"111","SENSORID":9,"FUNCID":3,"NDATA":2,"SENSORTYPE":"PWR-METER-POWER","RCV_BYTES":["005F","34A8"],"DATAS":[95,13480],"DATAS1":[],"DATAS2":[],"TIMESTAMP":"2025-06-16T15:40:23.882Z","BUFFER":"2B5243563A3131312C090304005F34A8549F"}
{"DTUID":"111","SENSORID":9,"FUNCID":3,"NDATA":2,"SENSORTYPE":"PWR-METER-POWER","RCV_BYTES":["005F","34A8"],"DATAS":[95,13480],"DATAS1":[],"DATAS2":[],"TIMESTAMP":"2025-06-16T15:43:23.280Z","BUFFER":"2B5243563A3131312C090304005F34A8549F"}
{"DTUID":"111","SENSORID":9,"FUNCID":3,"NDATA":2,"SENSORTYPE":"PWR-METER-POWER","RCV_BYTES":["005F","34A8"],"DATAS":[95,13480],"DATAS1":[],"DATAS2":[],"TIMESTAMP":"2025-06-16T15:50:10.741Z","BUFFER":"2B5243563A3131312C090304005F34A8549F"}
{"DTUID":"111","SENSORID":9,"FUNCID":3,"NDATA":2,"SENSORTYPE":"PWR-METER-POWER","RCV_BYTES":["005F","34A8"],"DATAS":[95,13480],"DATAS1":[],"DATAS2":[],"TIMESTAMP":"2025-06-16T15:52:23.460Z","BUFFER":"2B5243563A3131312C090304005F34A8549F"}
{"DTUID":"111","SENSORID":9,"FUNCID":3,"NDATA":2,"SENSORTYPE":"PWR-METER-POWER","RCV_BYTES":["005F","34A8"],"DATAS":[95,13480],"DATAS1":[],"DATAS2":[],"TIMESTAMP":"2025-06-16T15:55:23.417Z","BUFFER":"2B5243563A3131312C090304005F34A8549F"}
{"DTUID":"111","SENSORID":9,"FUNCID":3,"NDATA":2,"SENSORTYPE":"PWR-METER-POWER","RCV_BYTES":["005F","34BA"],"DATAS":[95,13498],"DATAS1":[],"DATAS2":[],"TIMESTAMP":"2025-06-16T15:59:42.462Z","BUFFER":"2B5243563A3131312C090304005F34BAD492"}
{"DTUID":"111","SENSORID":9,"FUNCID":3,"NDATA":2,"SENSORTYPE":"PWR-METER-POWER","RCV_BYTES":["005F","34A8"],"DATAS":[95,13480],"DATAS1":[],"DATAS2":[],"TIMESTAMP":"2025-06-16T15:59:44.582Z","BUFFER":"2B5243563A3131312C090304005F34A8549F"}
{"DTUID":"111","SENSORID":9,"FUNCID":3,"NDATA":2,"SENSORTYPE":"PWR-METER-POWER","RCV_BYTES":["005F","34A8"],"DATAS":[95,13480],"DATAS1":[],"DATAS2":[],"TIMESTAMP":"2025-06-16T16:01:24.122Z","BUFFER":"2B5243563A3131312C090304005F34A8549F"}
{"DTUID":"111","SENSORID":9,"FUNCID":3,"NDATA":2,"SENSORTYPE":"PWR-METER-POWER","RCV_BYTES":["005F","34A8"],"DATAS":[95,13480],"DATAS1":[],"DATAS2":[],"TIMESTAMP":"2025-06-16T16:04:23.962Z","BUFFER":"2B5243563A3131312C090304005F34A8549F"}
{"DTUID":"111","SENSORID":9,"FUNCID":3,"NDATA":2,"SENSORTYPE":"PWR-METER-POWER","RCV_BYTES":["005F","34A8"],"DATAS":[95,13480],"DATAS1":[],"DATAS2":[],"TIMESTAMP":"2025-06-16T16:07:28.201Z","BUFFER":"2B5243563A3131312C090304005F34A8549F"}
{"DTUID":"111","SENSORID":9,"FUNCID":3,"NDATA":2,"SENSORTYPE":"PWR-METER-POWER","RCV_BYTES":["005F","34A8"],"DATAS":[95,13480],"DATAS1":[],"DATAS2":[],"TIMESTAMP":"2025-06-16T16:10:23.423Z","BUFFER":"2B5243563A3131312C090304005F34A8549F"}
{"DTUID":"111","SENSORID":9,"FUNCID":3,"NDATA":2,"SENSORTYPE":"PWR-METER-POWER","RCV_BYTES":["005F","34A8"],"DATAS":[95,13480],"DATAS1":[],"DATAS2":[],"TIMESTAMP":"2025-06-16T16:13:23.422Z","BUFFER":"2B5243563A3131312C090304005F34A8549F"}
{"DTUID":"111","SENSORID":9,"FUNCID":3,"NDATA":2,"SENSORTYPE":"PWR-METER-POWER","RCV_BYTES":["005F","34CD"],"DATAS":[95,13517],"DATAS1":[],"DATAS2":[],"TIMESTAMP":"2025-06-16T16:19:36.482Z","BUFFER":"2B5243563A3131312C090304005F34CD94B4"}
{"DTUID":"111","SENSORID":9,"FUNCID":3,"NDATA":2,"SENSORTYPE":"PWR-METER-POWER","RCV_BYTES":["005F","34A8"],"DATAS":[95,13480],"DATAS1":[],"DATAS2":[],"TIMESTAMP":"2025-06-16T16:19:39.822Z","BUFFER":"2B5243563A3131312C090304005F34A8549F"}
{"DTUID":"111","SENSORID":9,"FUNCID":3,"NDATA":2,"SENSORTYPE":"PWR-METER-POWER","RCV_BYTES":["005F","34D0"],"DATAS":[95,13520],"DATAS1":[],"DATAS2":[],"TIMESTAMP":"2025-06-16T16:22:23.363Z","BUFFER":"2B5243563A3131312C090304005F34D054BD"}
{"DTUID":"111","SENSORID":9,"FUNCID":3,"NDATA":2,"SENSORTYPE":"PWR-METER-POWER","RCV_BYTES":["005F","34D0"],"DATAS":[95,13520],"DATAS1":[],"DATAS2":[],"TIMESTAMP":"2025-06-16T16:25:23.503Z","BUFFER":"2B5243563A3131312C090304005F34D054BD"}
{"DTUID":"111","SENSORID":9,"FUNCID":3,"NDATA":2,"SENSORTYPE":"PWR-METER-POWER","RCV_BYTES":["005F","34D0"],"DATAS":[95,13520],"DATAS1":[],"DATAS2":[],"TIMESTAMP":"2025-06-16T16:28:23.413Z","BUFFER":"2B5243563A3131312C090304005F34D054BD"}
{"DTUID":"111","SENSORID":9,"FUNCID":3,"NDATA":2,"SENSORTYPE":"PWR-METER-POWER","RCV_BYTES":["005F","34D0"],"DATAS":[95,13520],"DATAS1":[],"DATAS2":[],"TIMESTAMP":"2025-06-16T16:31:24.892Z","BUFFER":"2B5243563A3131312C090304005F34D054BD"}
{"DTUID":"111","SENSORID":9,"FUNCID":3,"NDATA":2,"SENSORTYPE":"PWR-METER-POWER","RCV_BYTES":["005F","34D0"],"DATAS":[95,13520],"DATAS1":[],"DATAS2":[],"TIMESTAMP":"2025-06-16T16:34:23.433Z","BUFFER":"2B5243563A3131312C090304005F34D054BD"}
{"DTUID":"111","SENSORID":9,"FUNCID":3,"NDATA":2,"SENSORTYPE":"PWR-METER-POWER","RCV_BYTES":["005F","34D0"],"DATAS":[95,13520],"DATAS1":[],"DATAS2":[],"TIMESTAMP":"2025-06-16T16:37:23.671Z","BUFFER":"2B5243563A3131312C090304005F34D054BD"}
{"DTUID":"111","SENSORID":9,"FUNCID":3,"NDATA":2,"SENSORTYPE":"PWR-METER-POWER","RCV_BYTES":["005F","34D0"],"DATAS":[95,13520],"DATAS1":[],"DATAS2":[],"TIMESTAMP":"2025-06-16T16:40:23.632Z","BUFFER":"2B5243563A3131312C090304005F34D054BD"}
{"DTUID":"111","SENSORID":9,"FUNCID":3,"NDATA":2,"SENSORTYPE":"PWR-METER-POWER","RCV_BYTES":["005F","34D0"],"DATAS":[95,13520],"DATAS1":[],"DATAS2":[],"TIMESTAMP":"2025-06-16T16:43:23.371Z","BUFFER":"2B5243563A3131312C090304005F34D054BD"}
{"DTUID":"111","SENSORID":9,"FUNCID":3,"NDATA":2,"SENSORTYPE":"PWR-METER-POWER","RCV_BYTES":["005F","3548"],"DATAS":[95,13640],"DATAS1":[],"DATAS2":[],"TIMESTAMP":"2025-06-16T18:58:23.581Z","BUFFER":"2B5243563A3131312C090304005F35485487"}
{"DTUID":"111","SENSORID":9,"FUNCID":3,"NDATA":2,"SENSORTYPE":"PWR-METER-POWER","RCV_BYTES":["005F","3548"],"DATAS":[95,13640],"DATAS1":[],"DATAS2":[],"TIMESTAMP":"2025-06-16T19:01:24.342Z","BUFFER":"2B5243563A3131312C090304005F35485487"}
{"DTUID":"111","SENSORID":9,"FUNCID":3,"NDATA":2,"SENSORTYPE":"PWR-METER-POWER","RCV_BYTES":["005F","3548"],"DATAS":[95,13640],"DATAS1":[],"DATAS2":[],"TIMESTAMP":"2025-06-16T19:04:23.982Z","BUFFER":"2B5243563A3131312C090304005F35485487"}
{"DTUID":"111","SENSORID":9,"FUNCID":3,"NDATA":2,"SENSORTYPE":"PWR-METER-POWER","RCV_BYTES":["005F","3C50"],"DATAS":[95,15440],"DATAS1":[],"DATAS2":[],"TIMESTAMP":"2025-06-18T05:13:25.487Z","BUFFER":"2B5243563A3131312C090304005F3C5052DD"}
{"DTUID":"111","SENSORID":9,"FUNCID":3,"NDATA":2,"SENSORTYPE":"PWR-METER-POWER","RCV_BYTES":["005F","3C50"],"DATAS":[95,15440],"DATAS1":[],"DATAS2":[],"TIMESTAMP":"2025-06-18T05:16:25.520Z","BUFFER":"2B5243563A3131312C090304005F3C5052DD"}
{"DTUID":"111","SENSORID":9,"FUNCID":3,"NDATA":2,"SENSORTYPE":"PWR-METER-POWER","RCV_BYTES":["005F","3C50"],"DATAS":[95,15440],"DATAS1":[],"DATAS2":[],"TIMESTAMP":"2025-06-18T05:19:25.979Z","BUFFER":"2B5243563A3131312C090304005F3C5052DD"}
{"DTUID":"111","SENSORID":9,"FUNCID":3,"NDATA":2,"SENSORTYPE":"PWR-METER-POWER","RCV_BYTES":["005F","3C50"],"DATAS":[95,15440],"DATAS1":[],"DATAS2":[],"TIMESTAMP":"2025-06-18T05:22:25.759Z","BUFFER":"2B5243563A3131312C090304005F3C5052DD"}
{"DTUID":"111","SENSORID":9,"FUNCID":3,"NDATA":2,"SENSORTYPE":"PWR-METER-POWER","RCV_BYTES":["005F","3C50"],"DATAS":[95,15440],"DATAS1":[],"DATAS2":[],"TIMESTAMP":"2025-06-18T05:25:25.519Z","BUFFER":"2B5243563A3131312C090304005F3C5052DD"}
{"DTUID":"111","SENSORID":9,"FUNCID":3,"NDATA":2,"SENSORTYPE":"PWR-METER-POWER","RCV_BYTES":["005F","3C50"],"DATAS":[95,15440],"DATAS1":[],"DATAS2":[],"TIMESTAMP":"2025-06-18T05:28:25.539Z","BUFFER":"2B5243563A3131312C090304005F3C5052DD"}
{"DTUID":"111","SENSORID":9,"FUNCID":3,"NDATA":2,"SENSORTYPE":"PWR-METER-POWER","RCV_BYTES":["005F","3C50"],"DATAS":[95,15440],"DATAS1":[],"DATAS2":[],"TIMESTAMP":"2025-06-18T05:31:25.524Z","BUFFER":"2B5243563A3131312C090304005F3C5052DD"}
{"DTUID":"111","SENSORID":9,"FUNCID":3,"NDATA":2,"SENSORTYPE":"PWR-METER-POWER","RCV_BYTES":["005F","3C50"],"DATAS":[95,15440],"DATAS1":[],"DATAS2":[],"TIMESTAMP":"2025-06-18T05:34:25.608Z","BUFFER":"2B5243563A3131312C090304005F3C5052DD"}
{"DTUID":"111","SENSORID":9,"FUNCID":3,"NDATA":2,"SENSORTYPE":"PWR-METER-POWER","RCV_BYTES":["005F","3C78"],"DATAS":[95,15480],"DATAS1":[],"DATAS2":[],"TIMESTAMP":"2025-06-18T05:37:25.566Z","BUFFER":"2B5243563A3131312C090304005F3C7852C3"}
{"DTUID":"111","SENSORID":9,"FUNCID":3,"NDATA":2,"SENSORTYPE":"PWR-METER-POWER","RCV_BYTES":["005F","4100"],"DATAS":[95,16640],"DATAS1":[],"DATAS2":[],"TIMESTAMP":"2025-06-19T02:01:26.872Z","BUFFER":"2B5243563A3131312C090304005F410073B1"}
{"DTUID":"111","SENSORID":9,"FUNCID":3,"NDATA":2,"SENSORTYPE":"PWR-METER-POWER","RCV_BYTES":["005F","4100"],"DATAS":[95,16640],"DATAS1":[],"DATAS2":[],"TIMESTAMP":"2025-06-19T02:04:26.723Z","BUFFER":"2B5243563A3131312C090304005F410073B1"}
{"DTUID":"111","SENSORID":9,"FUNCID":3,"NDATA":2,"SENSORTYPE":"PWR-METER-POWER","RCV_BYTES":["005F","4100"],"DATAS":[95,16640],"DATAS1":[],"DATAS2":[],"TIMESTAMP":"2025-06-19T02:07:26.779Z","BUFFER":"2B5243563A3131312C090304005F410073B1"}
{"DTUID":"111","SENSORID":9,"FUNCID":3,"NDATA":2,"SENSORTYPE":"PWR-METER-POWER","RCV_BYTES":["005F","4100"],"DATAS":[95,16640],"DATAS1":[],"DATAS2":[],"TIMESTAMP":"2025-06-19T02:13:26.801Z","BUFFER":"2B5243563A3131312C090304005F410073B1"}
{"DTUID":"111","SENSORID":9,"FUNCID":3,"NDATA":2,"SENSORTYPE":"PWR-METER-POWER","RCV_BYTES":["005F","4100"],"DATAS":[95,16640],"DATAS1":[],"DATAS2":[],"TIMESTAMP":"2025-06-19T02:16:26.722Z","BUFFER":"2B5243563A3131312C090304005F410073B1"}
{"DTUID":"111","SENSORID":9,"FUNCID":3,"NDATA":2,"SENSORTYPE":"PWR-METER-POWER","RCV_BYTES":["005F","4100"],"DATAS":[95,16640],"DATAS1":[],"DATAS2":[],"TIMESTAMP":"2025-06-19T02:19:26.742Z","BUFFER":"2B5243563A3131312C090304005F410073B1"}
{"DTUID":"111","SENSORID":9,"FUNCID":3,"NDATA":2,"SENSORTYPE":"PWR-METER-POWER","RCV_BYTES":["005F","4128"],"DATAS":[95,16680],"DATAS1":[],"DATAS2":[],"TIMESTAMP":"2025-06-19T03:01:26.927Z","BUFFER":"2B5243563A3131312C090304005F412873AF"}
{"DTUID":"111","SENSORID":9,"FUNCID":3,"NDATA":2,"SENSORTYPE":"PWR-METER-POWER","RCV_BYTES":["005F","4128"],"DATAS":[95,16680],"DATAS1":[],"DATAS2":[],"TIMESTAMP":"2025-06-19T03:04:26.829Z","BUFFER":"2B5243563A3131312C090304005F412873AF"}
{"DTUID":"111","SENSORID":9,"FUNCID":3,"NDATA":2,"SENSORTYPE":"PWR-METER-POWER","RCV_BYTES":["005F","4128"],"DATAS":[95,16680],"DATAS1":[],"DATAS2":[],"TIMESTAMP":"2025-06-19T03:07:26.871Z","BUFFER":"2B5243563A3131312C090304005F412873AF"}
{"DTUID":"111","SENSORID":9,"FUNCID":3,"NDATA":2,"SENSORTYPE":"PWR-METER-POWER","RCV_BYTES":["005F","4128"],"DATAS":[95,16680],"DATAS1":[],"DATAS2":[],"TIMESTAMP":"2025-06-19T03:13:26.952Z","BUFFER":"2B5243563A3131312C090304005F412873AF"}
{"DTUID":"111","SENSORID":9,"FUNCID":3,"NDATA":2,"SENSORTYPE":"PWR-METER-POWER","RCV_BYTES":["005F","4128"],"DATAS":[95,16680],"DATAS1":[],"DATAS2":[],"TIMESTAMP":"2025-06-19T03:16:26.791Z","BUFFER":"2B5243563A3131312C090304005F412873AF"}
{"DTUID":"111","SENSORID":9,"FUNCID":3,"NDATA":2,"SENSORTYPE":"PWR-METER-POWER","RCV_BYTES":["005F","4128"],"DATAS":[95,16680],"DATAS1":[],"DATAS2":[],"TIMESTAMP":"2025-06-19T03:19:26.919Z","BUFFER":"2B5243563A3131312C090304005F412873AF"}
{"DTUID":"111","SENSORID":9,"FUNCID":3,"NDATA":2,"SENSORTYPE":"PWR-METER-POWER","RCV_BYTES":["005F","4128"],"DATAS":[95,16680],"DATAS1":[],"DATAS2":[],"TIMESTAMP":"2025-06-19T03:22:27.011Z","BUFFER":"2B5243563A3131312C090304005F412873AF"}
{"DTUID":"111","SENSORID":9,"FUNCID":3,"NDATA":2,"SENSORTYPE":"PWR-METER-POWER","RCV_BYTES":["005F","4150"],"DATAS":[95,16720],"DATAS1":[],"DATAS2":[],"TIMESTAMP":"2025-06-19T03:25:26.943Z","BUFFER":"2B5243563A3131312C090304005F4150738D"}
{"DTUID":"111","SENSORID":9,"FUNCID":3,"NDATA":2,"SENSORTYPE":"PWR-METER-POWER","RCV_BYTES":["005F","4150"],"DATAS":[95,16720],"DATAS1":[],"DATAS2":[],"TIMESTAMP":"2025-06-19T03:28:26.933Z","BUFFER":"2B5243563A3131312C090304005F4150738D"}
{"DTUID":"111","SENSORID":9,"FUNCID":3,"NDATA":2,"SENSORTYPE":"PWR-METER-POWER","RCV_BYTES":["005F","41A0"],"DATAS":[95,16800],"DATAS1":[],"DATAS2":[],"TIMESTAMP":"2025-06-19T04:52:27.003Z","BUFFER":"2B5243563A3131312C090304005F41A073C9"}
{"DTUID":"111","SENSORID":9,"FUNCID":3,"NDATA":2,"SENSORTYPE":"PWR-METER-POWER","RCV_BYTES":["005F","41A0"],"DATAS":[95,16800],"DATAS1":[],"DATAS2":[],"TIMESTAMP":"2025-06-19T04:55:27.152Z","BUFFER":"2B5243563A3131312C090304005F41A073C9"}
{"DTUID":"111","SENSORID":9,"FUNCID":3,"NDATA":2,"SENSORTYPE":"PWR-METER-POWER","RCV_BYTES":["005F","41A0"],"DATAS":[95,16800],"DATAS1":[],"DATAS2":[],"TIMESTAMP":"2025-06-19T04:58:27.017Z","BUFFER":"2B5243563A3131312C090304005F41A073C9"}
{"DTUID":"111","SENSORID":9,"FUNCID":3,"NDATA":2,"SENSORTYPE":"PWR-METER-POWER","RCV_BYTES":["005F","4448"],"DATAS":[95,17480],"DATAS1":[],"DATAS2":[],"TIMESTAMP":"2025-06-19T16:13:27.647Z","BUFFER":"2B5243563A3131312C090304005F444870D7"}
{"DTUID":"111","SENSORID":9,"FUNCID":3,"NDATA":2,"SENSORTYPE":"PWR-METER-POWER","RCV_BYTES":["005F","4448"],"DATAS":[95,17480],"DATAS1":[],"DATAS2":[],"TIMESTAMP":"2025-06-19T16:16:27.645Z","BUFFER":"2B5243563A3131312C090304005F444870D7"}
{"DTUID":"111","SENSORID":9,"FUNCID":3,"NDATA":2,"SENSORTYPE":"PWR-METER-POWER","RCV_BYTES":["005F","4448"],"DATAS":[95,17480],"DATAS1":[],"DATAS2":[],"TIMESTAMP":"2025-06-19T16:19:27.626Z","BUFFER":"2B5243563A3131312C090304005F444870D7"}
{"DTUID":"111","SENSORID":9,"FUNCID":3,"NDATA":2,"SENSORTYPE":"PWR-METER-POWER","RCV_BYTES":["005F","4448"],"DATAS":[95,17480],"DATAS1":[],"DATAS2":[],"TIMESTAMP":"2025-06-19T16:22:27.597Z","BUFFER":"2B5243563A3131312C090304005F444870D7"}
{"DTUID":"111","SENSORID":9,"FUNCID":3,"NDATA":2,"SENSORTYPE":"PWR-METER-POWER","RCV_BYTES":["005F","4448"],"DATAS":[95,17480],"DATAS1":[],"DATAS2":[],"TIMESTAMP":"2025-06-19T16:25:27.597Z","BUFFER":"2B5243563A3131312C090304005F444870D7"}
{"DTUID":"111","SENSORID":9,"FUNCID":3,"NDATA":2,"SENSORTYPE":"PWR-METER-POWER","RCV_BYTES":["005F","4448"],"DATAS":[95,17480],"DATAS1":[],"DATAS2":[],"TIMESTAMP":"2025-06-19T16:28:27.655Z","BUFFER":"2B5243563A3131312C090304005F444870D7"}
{"DTUID":"111","SENSORID":9,"FUNCID":3,"NDATA":2,"SENSORTYPE":"PWR-METER-POWER","RCV_BYTES":["005F","4718"],"DATAS":[95,18200],"DATAS1":[],"DATAS2":[],"TIMESTAMP":"2025-06-20T04:16:29.322Z","BUFFER":"2B5243563A3131312C090304005F4718701B"}
{"DTUID":"111","SENSORID":9,"FUNCID":3,"NDATA":2,"SENSORTYPE":"PWR-METER-POWER","RCV_BYTES":["005F","4718"],"DATAS":[95,18200],"DATAS1":[],"DATAS2":[],"TIMESTAMP":"2025-06-20T04:19:28.304Z","BUFFER":"2B5243563A3131312C090304005F4718701B"}
{"DTUID":"111","SENSORID":9,"FUNCID":3,"NDATA":2,"SENSORTYPE":"PWR-METER-POWER","RCV_BYTES":["005F","4718"],"DATAS":[95,18200],"DATAS1":[],"DATAS2":[],"TIMESTAMP":"2025-06-20T04:22:28.650Z","BUFFER":"2B5243563A3131312C090304005F4718701B"}
{"DTUID":"111","SENSORID":9,"FUNCID":3,"NDATA":2,"SENSORTYPE":"PWR-METER-POWER","RCV_BYTES":["005F","4718"],"DATAS":[95,18200],"DATAS1":[],"DATAS2":[],"TIMESTAMP":"2025-06-20T04:25:35.601Z","BUFFER":"2B5243563A3131312C090304005F4718701B"}
{"DTUID":"111","SENSORID":9,"FUNCID":3,"NDATA":2,"SENSORTYPE":"PWR-METER-POWER","RCV_BYTES":["005F","4718"],"DATAS":[95,18200],"DATAS1":[],"DATAS2":[],"TIMESTAMP":"2025-06-20T04:28:28.342Z","BUFFER":"2B5243563A3131312C090304005F4718701B"}
{"DTUID":"111","SENSORID":9,"FUNCID":3,"NDATA":2,"SENSORTYPE":"PWR-METER-POWER","RCV_BYTES":["005F","4718"],"DATAS":[95,18200],"DATAS1":[],"DATAS2":[],"TIMESTAMP":"2025-06-20T04:31:28.362Z","BUFFER":"2B5243563A3131312C090304005F4718701B"}
{"DTUID":"111","SENSORID":9,"FUNCID":3,"NDATA":2,"SENSORTYPE":"PWR-METER-POWER","RCV_BYTES":["005F","4718"],"DATAS":[95,18200],"DATAS1":[],"DATAS2":[],"TIMESTAMP":"2025-06-20T04:40:28.331Z","BUFFER":"2B5243563A3131312C090304005F4718701B"}
{"DTUID":"111","SENSORID":9,"FUNCID":3,"NDATA":2,"SENSORTYPE":"PWR-METER-POWER","RCV_BYTES":["005F","4718"],"DATAS":[95,18200],"DATAS1":[],"DATAS2":[],"TIMESTAMP":"2025-06-20T04:43:28.790Z","BUFFER":"2B5243563A3131312C090304005F4718701B"}
{"DTUID":"111","SENSORID":9,"FUNCID":3,"NDATA":2,"SENSORTYPE":"PWR-METER-POWER","RCV_BYTES":["005F","4738"],"DATAS":[95,18232],"DATAS1":[],"DATAS2":[],"TIMESTAMP":"2025-06-20T04:47:54.502Z","BUFFER":"2B5243563A3131312C090304005F473871C3"}
{"DTUID":"111","SENSORID":9,"FUNCID":3,"NDATA":2,"SENSORTYPE":"PWR-METER-POWER","RCV_BYTES":["005F","4718"],"DATAS":[95,18200],"DATAS1":[],"DATAS2":[],"TIMESTAMP":"2025-06-20T04:47:57.242Z","BUFFER":"2B5243563A3131312C090304005F4718701B"}
{"DTUID":"111","SENSORID":9,"FUNCID":3,"NDATA":2,"SENSORTYPE":"PWR-METER-POWER","RCV_BYTES":["005F","4718"],"DATAS":[95,18200],"DATAS1":[],"DATAS2":[],"TIMESTAMP":"2025-06-20T04:49:28.274Z","BUFFER":"2B5243563A3131312C090304005F4718701B"}
{"DTUID":"111","SENSORID":9,"FUNCID":3,"NDATA":2,"SENSORTYPE":"PWR-METER-POWER","RCV_BYTES":["005F","4718"],"DATAS":[95,18200],"DATAS1":[],"DATAS2":[],"TIMESTAMP":"2025-06-20T04:52:29.630Z","BUFFER":"2B5243563A3131312C090304005F4718701B"}
{"DTUID":"111","SENSORID":9,"FUNCID":3,"NDATA":2,"SENSORTYPE":"PWR-METER-POWER","RCV_BYTES":["005F","4740"],"DATAS":[95,18240],"DATAS1":[],"DATAS2":[],"TIMESTAMP":"2025-06-20T04:57:39.322Z","BUFFER":"2B5243563A3131312C090304005F474071E1"}
{"DTUID":"111","SENSORID":9,"FUNCID":3,"NDATA":2,"SENSORTYPE":"PWR-METER-POWER","RCV_BYTES":["005F","4742"],"DATAS":[95,18242],"DATAS1":[],"DATAS2":[],"TIMESTAMP":"2025-06-20T04:57:41.343Z","BUFFER":"2B5243563A3131312C090304005F4742F020"}
{"DTUID":"111","SENSORID":9,"FUNCID":3,"NDATA":2,"SENSORTYPE":"PWR-METER-POWER","RCV_BYTES":["005F","4740"],"DATAS":[95,18240],"DATAS1":[],"DATAS2":[],"TIMESTAMP":"2025-06-20T04:58:28.282Z","BUFFER":"2B5243563A3131312C090304005F474071E1"}
{"DTUID":"111","SENSORID":9,"FUNCID":3,"NDATA":2,"SENSORTYPE":"PWR-METER-POWER","RCV_BYTES":["005F","4740"],"DATAS":[95,18240],"DATAS1":[],"DATAS2":[],"TIMESTAMP":"2025-06-20T05:01:28.882Z","BUFFER":"2B5243563A3131312C090304005F474071E1"}
{"DTUID":"111","SENSORID":9,"FUNCID":3,"NDATA":2,"SENSORTYPE":"PWR-METER-POWER","RCV_BYTES":["005F","474E"],"DATAS":[95,18254],"DATAS1":[],"DATAS2":[],"TIMESTAMP":"2025-06-20T05:07:33.282Z","BUFFER":"2B5243563A3131312C090304005F474EF025"}
{"DTUID":"111","SENSORID":9,"FUNCID":3,"NDATA":2,"SENSORTYPE":"PWR-METER-POWER","RCV_BYTES":["005F","4740"],"DATAS":[95,18240],"DATAS1":[],"DATAS2":[],"TIMESTAMP":"2025-06-20T05:07:37.230Z","BUFFER":"2B5243563A3131312C090304005F474071E1"}
{"DTUID":"111","SENSORID":9,"FUNCID":3,"NDATA":2,"SENSORTYPE":"PWR-METER-POWER","RCV_BYTES":["005F","4740"],"DATAS":[95,18240],"DATAS1":[],"DATAS2":[],"TIMESTAMP":"2025-06-20T05:10:28.462Z","BUFFER":"2B5243563A3131312C090304005F474071E1"}
{"DTUID":"111","SENSORID":9,"FUNCID":3,"NDATA":2,"SENSORTYPE":"PWR-METER-POWER","RCV_BYTES":["005F","4740"],"DATAS":[95,18240],"DATAS1":[],"DATAS2":[],"TIMESTAMP":"2025-06-20T05:13:28.382Z","BUFFER":"2B5243563A3131312C090304005F474071E1"}
{"DTUID":"111","SENSORID":9,"FUNCID":3,"NDATA":2,"SENSORTYPE":"PWR-METER-POWER","RCV_BYTES":["005F","4758"],"DATAS":[95,18264],"DATAS1":[],"DATAS2":[],"TIMESTAMP":"2025-06-20T05:16:15.722Z","BUFFER":"2B5243563A3131312C090304005F475871EB"}
{"DTUID":"111","SENSORID":9,"FUNCID":3,"NDATA":2,"SENSORTYPE":"PWR-METER-POWER","RCV_BYTES":["005F","4740"],"DATAS":[95,18240],"DATAS1":[],"DATAS2":[],"TIMESTAMP":"2025-06-20T05:16:29.100Z","BUFFER":"2B5243563A3131312C090304005F474071E1"}
{"DTUID":"111","SENSORID":9,"FUNCID":3,"NDATA":2,"SENSORTYPE":"PWR-METER-POWER","RCV_BYTES":["005F","4740"],"DATAS":[95,18240],"DATAS1":[],"DATAS2":[],"TIMESTAMP":"2025-06-20T05:19:28.462Z","BUFFER":"2B5243563A3131312C090304005F474071E1"}
{"DTUID":"111","SENSORID":9,"FUNCID":3,"NDATA":2,"SENSORTYPE":"PWR-METER-POWER","RCV_BYTES":["005F","4740"],"DATAS":[95,18240],"DATAS1":[],"DATAS2":[],"TIMESTAMP":"2025-06-20T05:22:28.444Z","BUFFER":"2B5243563A3131312C090304005F474071E1"}
{"DTUID":"111","SENSORID":9,"FUNCID":3,"NDATA":2,"SENSORTYPE":"PWR-METER-POWER","RCV_BYTES":["005F","4740"],"DATAS":[95,18240],"DATAS1":[],"DATAS2":[],"TIMESTAMP":"2025-06-20T05:25:28.423Z","BUFFER":"2B5243563A3131312C090304005F474071E1"}
{"DTUID":"111","SENSORID":9,"FUNCID":3,"NDATA":2,"SENSORTYPE":"PWR-METER-POWER","RCV_BYTES":["005F","4740"],"DATAS":[95,18240],"DATAS1":[],"DATAS2":[],"TIMESTAMP":"2025-06-20T05:28:28.451Z","BUFFER":"2B5243563A3131312C090304005F474071E1"}
{"DTUID":"111","SENSORID":9,"FUNCID":3,"NDATA":2,"SENSORTYPE":"PWR-METER-POWER","RCV_BYTES":["005F","4768"],"DATAS":[95,18280],"DATAS1":[],"DATAS2":[],"TIMESTAMP":"2025-06-20T05:31:28.422Z","BUFFER":"2B5243563A3131312C090304005F476871FF"}
{"DTUID":"111","SENSORID":9,"FUNCID":3,"NDATA":2,"SENSORTYPE":"PWR-METER-POWER","RCV_BYTES":["005F","4768"],"DATAS":[95,18280],"DATAS1":[],"DATAS2":[],"TIMESTAMP":"2025-06-20T05:37:29.723Z","BUFFER":"2B5243563A3131312C090304005F476871FF"}
{"DTUID":"111","SENSORID":9,"FUNCID":3,"NDATA":2,"SENSORTYPE":"PWR-METER-POWER","RCV_BYTES":["005F","4768"],"DATAS":[95,18280],"DATAS1":[],"DATAS2":[],"TIMESTAMP":"2025-06-20T05:40:28.743Z","BUFFER":"2B5243563A3131312C090304005F476871FF"}
{"DTUID":"111","SENSORID":9,"FUNCID":3,"NDATA":2,"SENSORTYPE":"PWR-METER-POWER","RCV_BYTES":["005F","4768"],"DATAS":[95,18280],"DATAS1":[],"DATAS2":[],"TIMESTAMP":"2025-06-20T05:43:29.062Z","BUFFER":"2B5243563A3131312C090304005F476871FF"}
{"DTUID":"111","SENSORID":9,"FUNCID":3,"NDATA":2,"SENSORTYPE":"PWR-METER-POWER","RCV_BYTES":["005F","4768"],"DATAS":[95,18280],"DATAS1":[],"DATAS2":[],"TIMESTAMP":"2025-06-20T05:46:28.419Z","BUFFER":"2B5243563A3131312C090304005F476871FF"}
{"DTUID":"111","SENSORID":9,"FUNCID":3,"NDATA":2,"SENSORTYPE":"PWR-METER-POWER","RCV_BYTES":["005F","4768"],"DATAS":[95,18280],"DATAS1":[],"DATAS2":[],"TIMESTAMP":"2025-06-20T05:49:28.463Z","BUFFER":"2B5243563A3131312C090304005F476871FF"}
{"DTUID":"111","SENSORID":9,"FUNCID":3,"NDATA":2,"SENSORTYPE":"PWR-METER-POWER","RCV_BYTES":["005F","4768"],"DATAS":[95,18280],"DATAS1":[],"DATAS2":[],"TIMESTAMP":"2025-06-20T05:52:28.962Z","BUFFER":"2B5243563A3131312C090304005F476871FF"}
{"DTUID":"111","SENSORID":9,"FUNCID":3,"NDATA":2,"SENSORTYPE":"PWR-METER-POWER","RCV_BYTES":["005F","4768"],"DATAS":[95,18280],"DATAS1":[],"DATAS2":[],"TIMESTAMP":"2025-06-20T05:55:28.423Z","BUFFER":"2B5243563A3131312C090304005F476871FF"}
{"DTUID":"111","SENSORID":9,"FUNCID":3,"NDATA":2,"SENSORTYPE":"PWR-METER-POWER","RCV_BYTES":["005F","4768"],"DATAS":[95,18280],"DATAS1":[],"DATAS2":[],"TIMESTAMP":"2025-06-20T05:58:28.684Z","BUFFER":"2B5243563A3131312C090304005F476871FF"}
{"DTUID":"111","SENSORID":9,"FUNCID":3,"NDATA":2,"SENSORTYPE":"PWR-METER-POWER","RCV_BYTES":["005F","4790"],"DATAS":[95,18320],"DATAS1":[],"DATAS2":[],"TIMESTAMP":"2025-06-20T06:01:28.537Z","BUFFER":"2B5243563A3131312C090304005F4790707D"}
{"DTUID":"111","SENSORID":9,"FUNCID":3,"NDATA":2,"SENSORTYPE":"PWR-METER-POWER","RCV_BYTES":["005F","4790"],"DATAS":[95,18320],"DATAS1":[],"DATAS2":[],"TIMESTAMP":"2025-06-20T06:07:28.363Z","BUFFER":"2B5243563A3131312C090304005F4790707D"}
{"DTUID":"111","SENSORID":9,"FUNCID":3,"NDATA":2,"SENSORTYPE":"PWR-METER-POWER","RCV_BYTES":["005F","4790"],"DATAS":[95,18320],"DATAS1":[],"DATAS2":[],"TIMESTAMP":"2025-06-20T06:10:29.152Z","BUFFER":"2B5243563A3131312C090304005F4790707D"}
{"DTUID":"111","SENSORID":9,"FUNCID":3,"NDATA":2,"SENSORTYPE":"PWR-METER-POWER","RCV_BYTES":["005F","4790"],"DATAS":[95,18320],"DATAS1":[],"DATAS2":[],"TIMESTAMP":"2025-06-20T06:13:28.642Z","BUFFER":"2B5243563A3131312C090304005F4790707D"}
{"DTUID":"111","SENSORID":9,"FUNCID":3,"NDATA":2,"SENSORTYPE":"PWR-METER-POWER","RCV_BYTES":["005F","4E15"],"DATAS":[95,19989],"DATAS1":[],"DATAS2":[],"TIMESTAMP":"2025-06-21T09:44:51.209Z","BUFFER":"2B5243563A3131312C090304005F4E15B78E"}
{"DTUID":"111","SENSORID":9,"FUNCID":3,"NDATA":2,"SENSORTYPE":"PWR-METER-POWER","RCV_BYTES":["005F","5204"],"DATAS":[95,20996],"DATAS1":[],"DATAS2":[],"TIMESTAMP":"2025-06-22T02:01:26.867Z","BUFFER":"2B5243563A3131312C090304005F52047F42"}
{"DTUID":"111","SENSORID":9,"FUNCID":3,"NDATA":2,"SENSORTYPE":"PWR-METER-POWER","RCV_BYTES":["005F","5210"],"DATAS":[95,21008],"DATAS1":[],"DATAS2":[],"TIMESTAMP":"2025-06-22T02:10:28.219Z","BUFFER":"2B5243563A3131312C090304005F52107F4D"}
{"DTUID":"111","SENSORID":9,"FUNCID":3,"NDATA":2,"SENSORTYPE":"PWR-METER-POWER","RCV_BYTES":["005F","5DC0"],"DATAS":[95,24000],"DATAS1":[],"DATAS2":[],"TIMESTAMP":"2025-06-24T11:25:48.662Z","BUFFER":"2B5243563A3131312C090304005F5DC07B21"}
{"DTUID":"111","SENSORID":9,"FUNCID":3,"NDATA":2,"SENSORTYPE":"PWR-METER-POWER","RCV_BYTES":["005F","5DDF"],"DATAS":[95,24031],"DATAS1":[],"DATAS2":[],"TIMESTAMP":"2025-06-24T11:28:10.762Z","BUFFER":"2B5243563A3131312C090304005F5DDF3AE9"}
{"DTUID":"111","SENSORID":9,"FUNCID":3,"NDATA":2,"SENSORTYPE":"PWR-METER-POWER","RCV_BYTES":["005F","5DC0"],"DATAS":[95,24000],"DATAS1":[],"DATAS2":[],"TIMESTAMP":"2025-06-24T11:30:45.444Z","BUFFER":"2B5243563A3131312C090304005F5DC07B21"}
{"DTUID":"111","SENSORID":9,"FUNCID":3,"NDATA":2,"SENSORTYPE":"PWR-METER-POWER","RCV_BYTES":["005F","5DC0"],"DATAS":[95,24000],"DATAS1":[],"DATAS2":[],"TIMESTAMP":"2025-06-24T11:35:55.421Z","BUFFER":"2B5243563A3131312C090304005F5DC07B21"}
{"DTUID":"111","SENSORID":9,"FUNCID":3,"NDATA":2,"SENSORTYPE":"PWR-METER-POWER","RCV_BYTES":["005F","5DE8"],"DATAS":[95,24040],"DATAS1":[],"DATAS2":[],"TIMESTAMP":"2025-06-24T11:40:45.343Z","BUFFER":"2B5243563A3131312C090304005F5DE87B3F"}
{"DTUID":"111","SENSORID":9,"FUNCID":3,"NDATA":2,"SENSORTYPE":"PWR-METER-POWER","RCV_BYTES":["005F","5DE8"],"DATAS":[95,24040],"DATAS1":[],"DATAS2":[],"TIMESTAMP":"2025-06-24T11:45:47.022Z","BUFFER":"2B5243563A3131312C090304005F5DE87B3F"}
{"DTUID":"111","SENSORID":9,"FUNCID":3,"NDATA":2,"SENSORTYPE":"PWR-METER-POWER","RCV_BYTES":["005F","5DE8"],"DATAS":[95,24040],"DATAS1":[],"DATAS2":[],"TIMESTAMP":"2025-06-24T11:50:44.983Z","BUFFER":"2B5243563A3131312C090304005F5DE87B3F"}
{"DTUID":"111","SENSORID":9,"FUNCID":3,"NDATA":2,"SENSORTYPE":"PWR-METER-POWER","RCV_BYTES":["005F","5DE8"],"DATAS":[95,24040],"DATAS1":[],"DATAS2":[],"TIMESTAMP":"2025-06-24T11:55:45.342Z","BUFFER":"2B5243563A3131312C090304005F5DE87B3F"}
{"DTUID":"111","SENSORID":9,"FUNCID":3,"NDATA":2,"SENSORTYPE":"PWR-METER-POWER","RCV_BYTES":["005F","5DE8"],"DATAS":[95,24040],"DATAS1":[],"DATAS2":[],"TIMESTAMP":"2025-06-24T12:00:44.690Z","BUFFER":"2B5243563A3131312C090304005F5DE87B3F"}
{"DTUID":"111","SENSORID":9,"FUNCID":3,"NDATA":2,"SENSORTYPE":"PWR-METER-POWER","RCV_BYTES":["005F","5DE8"],"DATAS":[95,24040],"DATAS1":[],"DATAS2":[],"TIMESTAMP":"2025-06-24T12:05:45.178Z","BUFFER":"2B5243563A3131312C090304005F5DE87B3F"}
{"DTUID":"111","SENSORID":9,"FUNCID":3,"NDATA":2,"SENSORTYPE":"PWR-METER-POWER","RCV_BYTES":["005F","5DE8"],"DATAS":[95,24040],"DATAS1":[],"DATAS2":[],"TIMESTAMP":"2025-06-24T12:10:45.416Z","BUFFER":"2B5243563A3131312C090304005F5DE87B3F"}
{"DTUID":"111","SENSORID":9,"FUNCID":3,"NDATA":2,"SENSORTYPE":"PWR-METER-POWER","RCV_BYTES":["005F","5DE8"],"DATAS":[95,24040],"DATAS1":[],"DATAS2":[],"TIMESTAMP":"2025-06-24T12:15:46.976Z","BUFFER":"2B5243563A3131312C090304005F5DE87B3F"}
{"DTUID":"111","SENSORID":9,"FUNCID":3,"NDATA":2,"SENSORTYPE":"PWR-METER-POWER","RCV_BYTES":["005F","5E10"],"DATAS":[95,24080],"DATAS1":[],"DATAS2":[],"TIMESTAMP":"2025-06-24T12:20:45.516Z","BUFFER":"2B5243563A3131312C090304005F5E107A4D"}
{"DTUID":"111","SENSORID":9,"FUNCID":3,"NDATA":2,"SENSORTYPE":"PWR-METER-POWER","RCV_BYTES":["005F","5E10"],"DATAS":[95,24080],"DATAS1":[],"DATAS2":[],"TIMESTAMP":"2025-06-24T12:30:45.892Z","BUFFER":"2B5243563A3131312C090304005F5E107A4D"}
{"DTUID":"111","SENSORID":9,"FUNCID":3,"NDATA":2,"SENSORTYPE":"PWR-METER-POWER","RCV_BYTES":["005F","5E10"],"DATAS":[95,24080],"DATAS1":[],"DATAS2":[],"TIMESTAMP":"2025-06-24T12:35:47.252Z","BUFFER":"2B5243563A3131312C090304005F5E107A4D"}
{"DTUID":"111","SENSORID":9,"FUNCID":3,"NDATA":2,"SENSORTYPE":"PWR-METER-POWER","RCV_BYTES":["005F","5E10"],"DATAS":[95,24080],"DATAS1":[],"DATAS2":[],"TIMESTAMP":"2025-06-24T12:40:46.011Z","BUFFER":"2B5243563A3131312C090304005F5E107A4D"}
{"DTUID":"111","SENSORID":9,"FUNCID":3,"NDATA":2,"SENSORTYPE":"PWR-METER-POWER","RCV_BYTES":["005F","5E10"],"DATAS":[95,24080],"DATAS1":[],"DATAS2":[],"TIMESTAMP":"2025-06-24T12:45:42.478Z","BUFFER":"2B5243563A3131312C090304005F5E107A4D"}
{"DTUID":"111","SENSORID":9,"FUNCID":3,"NDATA":2,"SENSORTYPE":"PWR-METER-POWER","RCV_BYTES":["005F","60B6"],"DATAS":[95,24758],"DATAS1":[],"DATAS2":[],"TIMESTAMP":"2025-06-24T23:57:20.167Z","BUFFER":"2B5243563A3131312C090304005F60B6EA57"}
{"DTUID":"111","SENSORID":9,"FUNCID":3,"NDATA":2,"SENSORTYPE":"PWR-METER-POWER","RCV_BYTES":["005F","60B8"],"DATAS":[95,24760],"DATAS1":[],"DATAS2":[],"TIMESTAMP":"2025-06-25T00:00:46.170Z","BUFFER":"2B5243563A3131312C090304005F60B86B93"}
{"DTUID":"111","SENSORID":9,"FUNCID":3,"NDATA":2,"SENSORTYPE":"PWR-METER-POWER","RCV_BYTES":["005F","60C0"],"DATAS":[95,24768],"DATAS1":[],"DATAS2":[],"TIMESTAMP":"2025-06-25T00:08:24.570Z","BUFFER":"2B5243563A3131312C090304005F60C06BB1"}
{"DTUID":"111","SENSORID":9,"FUNCID":3,"NDATA":2,"SENSORTYPE":"PWR-METER-POWER","RCV_BYTES":["005F","60B8"],"DATAS":[95,24760],"DATAS1":[],"DATAS2":[],"TIMESTAMP":"2025-06-25T00:10:46.028Z","BUFFER":"2B5243563A3131312C090304005F60B86B93"}
{"DTUID":"111","SENSORID":9,"FUNCID":3,"NDATA":2,"SENSORTYPE":"PWR-METER-POWER","RCV_BYTES":["005F","60B8"],"DATAS":[95,24760],"DATAS1":[],"DATAS2":[],"TIMESTAMP":"2025-06-25T00:20:46.161Z","BUFFER":"2B5243563A3131312C090304005F60B86B93"}
{"DTUID":"111","SENSORID":9,"FUNCID":3,"NDATA":2,"SENSORTYPE":"PWR-METER-POWER","RCV_BYTES":["005F","61F8"],"DATAS":[95,25080],"DATAS1":[],"DATAS2":[],"TIMESTAMP":"2025-06-25T05:50:47.806Z","BUFFER":"2B5243563A3131312C090304005F61F86BF3"}
{"DTUID":"111","SENSORID":9,"FUNCID":3,"NDATA":2,"SENSORTYPE":"PWR-METER-POWER","RCV_BYTES":["005F","6209"],"DATAS":[95,25097],"DATAS1":[],"DATAS2":[],"TIMESTAMP":"2025-06-25T05:52:40.667Z","BUFFER":"2B5243563A3131312C090304005F6209AA87"}
{"DTUID":"111","SENSORID":9,"FUNCID":3,"NDATA":2,"SENSORTYPE":"PWR-METER-POWER","RCV_BYTES":["005F","61F8"],"DATAS":[95,25080],"DATAS1":[],"DATAS2":[],"TIMESTAMP":"2025-06-25T05:55:45.527Z","BUFFER":"2B5243563A3131312C090304005F61F86BF3"}
{"DTUID":"111","SENSORID":9,"FUNCID":3,"NDATA":2,"SENSORTYPE":"PWR-METER-POWER","RCV_BYTES":["005F","61F8"],"DATAS":[95,25080],"DATAS1":[],"DATAS2":[],"TIMESTAMP":"2025-06-25T06:00:49.627Z","BUFFER":"2B5243563A3131312C090304005F61F86BF3"}
{"DTUID":"111","SENSORID":9,"FUNCID":3,"NDATA":2,"SENSORTYPE":"PWR-METER-POWER","RCV_BYTES":["005F","6213"],"DATAS":[95,25107],"DATAS1":[],"DATAS2":[],"TIMESTAMP":"2025-06-25T06:01:56.086Z","BUFFER":"2B5243563A3131312C090304005F62132B4C"}
{"DTUID":"111","SENSORID":9,"FUNCID":3,"NDATA":2,"SENSORTYPE":"PWR-METER-POWER","RCV_BYTES":["005F","61F8"],"DATAS":[95,25080],"DATAS1":[],"DATAS2":[],"TIMESTAMP":"2025-06-25T06:05:45.115Z","BUFFER":"2B5243563A3131312C090304005F61F86BF3"}
{"DTUID":"111","SENSORID":9,"FUNCID":3,"NDATA":2,"SENSORTYPE":"PWR-METER-POWER","RCV_BYTES":["005F","6314"],"DATAS":[95,25364],"DATAS1":[],"DATAS2":[],"TIMESTAMP":"2025-06-25T10:16:36.478Z","BUFFER":"2B5243563A3131312C090304005F63146B1E"}
{"DTUID":"111","SENSORID":9,"FUNCID":3,"NDATA":2,"SENSORTYPE":"PWR-METER-POWER","RCV_BYTES":["005F","6310"],"DATAS":[95,25360],"DATAS1":[],"DATAS2":[],"TIMESTAMP":"2025-06-25T10:19:31.477Z","BUFFER":"2B5243563A3131312C090304005F63106ADD"}
{"DTUID":"111","SENSORID":9,"FUNCID":3,"NDATA":2,"SENSORTYPE":"PWR-METER-POWER","RCV_BYTES":["005F","631E"],"DATAS":[95,25374],"DATAS1":[],"DATAS2":[],"TIMESTAMP":"2025-06-25T10:27:09.997Z","BUFFER":"2B5243563A3131312C090304005F631EEB19"}
{"DTUID":"111","SENSORID":9,"FUNCID":3,"NDATA":2,"SENSORTYPE":"PWR-METER-POWER","RCV_BYTES":["005F","6310"],"DATAS":[95,25360],"DATAS1":[],"DATAS2":[],"TIMESTAMP":"2025-06-25T10:29:31.957Z","BUFFER":"2B5243563A3131312C090304005F63106ADD"}
{"DTUID":"111","SENSORID":9,"FUNCID":3,"NDATA":2,"SENSORTYPE":"PWR-METER-POWER","RCV_BYTES":["005F","6344"],"DATAS":[95,25412],"DATAS1":[],"DATAS2":[],"TIMESTAMP":"2025-06-25T11:07:05.697Z","BUFFER":"2B5243563A3131312C090304005F63446B22"}
{"DTUID":"111","SENSORID":9,"FUNCID":3,"NDATA":2,"SENSORTYPE":"PWR-METER-POWER","RCV_BYTES":["005F","6338"],"DATAS":[95,25400],"DATAS1":[],"DATAS2":[],"TIMESTAMP":"2025-06-25T11:09:31.696Z","BUFFER":"2B5243563A3131312C090304005F63386AC3"}
{"DTUID":"111","SENSORID":9,"FUNCID":3,"NDATA":2,"SENSORTYPE":"PWR-METER-POWER","RCV_BYTES":["005F","6338"],"DATAS":[95,25400],"DATAS1":[],"DATAS2":[],"TIMESTAMP":"2025-06-25T11:14:32.361Z","BUFFER":"2B5243563A3131312C090304005F63386AC3"}
{"DTUID":"111","SENSORID":9,"FUNCID":3,"NDATA":2,"SENSORTYPE":"PWR-METER-POWER","RCV_BYTES":["005F","634E"],"DATAS":[95,25422],"DATAS1":[],"DATAS2":[],"TIMESTAMP":"2025-06-25T11:16:50.722Z","BUFFER":"2B5243563A3131312C090304005F634EEB25"}
{"DTUID":"111","SENSORID":9,"FUNCID":3,"NDATA":2,"SENSORTYPE":"PWR-METER-POWER","RCV_BYTES":["005F","63B0"],"DATAS":[95,25520],"DATAS1":[],"DATAS2":[],"TIMESTAMP":"2025-06-25T13:14:41.950Z","BUFFER":"2B5243563A3131312C090304005F63B06AA5"}
{"DTUID":"111","SENSORID":9,"FUNCID":3,"NDATA":2,"SENSORTYPE":"PWR-METER-POWER","RCV_BYTES":["005F","63B6"],"DATAS":[95,25526],"DATAS1":[],"DATAS2":[],"TIMESTAMP":"2025-06-25T13:16:17.172Z","BUFFER":"2B5243563A3131312C090304005F63B6EAA7"}
{"DTUID":"111","SENSORID":9,"FUNCID":3,"NDATA":2,"SENSORTYPE":"PWR-METER-POWER","RCV_BYTES":["005F","63B0"],"DATAS":[95,25520],"DATAS1":[],"DATAS2":[],"TIMESTAMP":"2025-06-25T13:19:34.083Z","BUFFER":"2B5243563A3131312C090304005F63B06AA5"}
{"DTUID":"111","SENSORID":9,"FUNCID":3,"NDATA":2,"SENSORTYPE":"PWR-METER-POWER","RCV_BYTES":["005F","63B0"],"DATAS":[95,25520],"DATAS1":[],"DATAS2":[],"TIMESTAMP":"2025-06-25T13:29:32.852Z","BUFFER":"2B5243563A3131312C090304005F63B06AA5"}
{"DTUID":"111","SENSORID":9,"FUNCID":3,"NDATA":2,"SENSORTYPE":"PWR-METER-POWER","RCV_BYTES":["005F","63B0"],"DATAS":[95,25520],"DATAS1":[],"DATAS2":[],"TIMESTAMP":"2025-06-25T13:34:32.874Z","BUFFER":"2B5243563A3131312C090304005F63B06AA5"}
{"DTUID":"111","SENSORID":9,"FUNCID":3,"NDATA":2,"SENSORTYPE":"PWR-METER-POWER","RCV_BYTES":["005F","63B0"],"DATAS":[95,25520],"DATAS1":[],"DATAS2":[],"TIMESTAMP":"2025-06-25T13:39:34.073Z","BUFFER":"2B5243563A3131312C090304005F63B06AA5"}
{"DTUID":"111","SENSORID":9,"FUNCID":3,"NDATA":2,"SENSORTYPE":"PWR-METER-POWER","RCV_BYTES":["005F","6428"],"DATAS":[95,25640],"DATAS1":[],"DATAS2":[],"TIMESTAMP":"2025-06-25T15:29:33.092Z","BUFFER":"2B5243563A3131312C090304005F6428693F"}
{"DTUID":"111","SENSORID":9,"FUNCID":3,"NDATA":2,"SENSORTYPE":"PWR-METER-POWER","RCV_BYTES":["005F","6428"],"DATAS":[95,25640],"DATAS1":[],"DATAS2":[],"TIMESTAMP":"2025-06-25T15:34:33.012Z","BUFFER":"2B5243563A3131312C090304005F6428693F"}
{"DTUID":"111","SENSORID":9,"FUNCID":3,"NDATA":2,"SENSORTYPE":"PWR-METER-POWER","RCV_BYTES":["005F","6950"],"DATAS":[95,26960],"DATAS1":[],"DATAS2":[],"TIMESTAMP":"2025-06-26T15:05:31.219Z","BUFFER":"2B5243563A3131312C090304005F69506D8D"}
{"DTUID":"111","SENSORID":9,"FUNCID":3,"NDATA":2,"SENSORTYPE":"PWR-METER-POWER","RCV_BYTES":["005F","6950"],"DATAS":[95,26960],"DATAS1":[],"DATAS2":[],"TIMESTAMP":"2025-06-26T15:05:32.680Z","BUFFER":"2B5243563A3131312C090304005F69506D8D"}
{"DTUID":"111","SENSORID":9,"FUNCID":3,"NDATA":2,"SENSORTYPE":"PWR-METER-POWER","RCV_BYTES":["005F","6950"],"DATAS":[95,26960],"DATAS1":[],"DATAS2":[],"TIMESTAMP":"2025-06-26T15:09:33.801Z","BUFFER":"2B5243563A3131312C090304005F69506D8D"}
{"DTUID":"111","SENSORID":9,"FUNCID":3,"NDATA":2,"SENSORTYPE":"PWR-METER-POWER","RCV_BYTES":["005F","6959"],"DATAS":[95,26969],"DATAS1":[],"DATAS2":[],"TIMESTAMP":"2025-06-26T15:12:24.368Z","BUFFER":"2B5243563A3131312C090304005F6959AD8B"}
{"DTUID":"111","SENSORID":9,"FUNCID":3,"NDATA":2,"SENSORTYPE":"PWR-METER-POWER","RCV_BYTES":["005F","6950"],"DATAS":[95,26960],"DATAS1":[],"DATAS2":[],"TIMESTAMP":"2025-06-26T15:14:40.140Z","BUFFER":"2B5243563A3131312C090304005F69506D8D"}
{"DTUID":"111","SENSORID":9,"FUNCID":3,"NDATA":2,"SENSORTYPE":"PWR-METER-POWER","RCV_BYTES":["005F","6950"],"DATAS":[95,26960],"DATAS1":[],"DATAS2":[],"TIMESTAMP":"2025-06-26T15:19:34.428Z","BUFFER":"2B5243563A3131312C090304005F69506D8D"}
{"DTUID":"111","SENSORID":9,"FUNCID":3,"NDATA":2,"SENSORTYPE":"PWR-METER-POWER","RCV_BYTES":["005F","6950"],"DATAS":[95,26960],"DATAS1":[],"DATAS2":[],"TIMESTAMP":"2025-06-26T15:24:34.207Z","BUFFER":"2B5243563A3131312C090304005F69506D8D"}
{"DTUID":"111","SENSORID":9,"FUNCID":3,"NDATA":2,"SENSORTYPE":"PWR-METER-POWER","RCV_BYTES":["005F","6950"],"DATAS":[95,26960],"DATAS1":[],"DATAS2":[],"TIMESTAMP":"2025-06-26T15:29:34.259Z","BUFFER":"2B5243563A3131312C090304005F69506D8D"}
{"DTUID":"111","SENSORID":9,"FUNCID":3,"NDATA":2,"SENSORTYPE":"PWR-METER-POWER","RCV_BYTES":["005F","6950"],"DATAS":[95,26960],"DATAS1":[],"DATAS2":[],"TIMESTAMP":"2025-06-26T15:34:35.539Z","BUFFER":"2B5243563A3131312C090304005F69506D8D"}
{"DTUID":"111","SENSORID":9,"FUNCID":3,"NDATA":2,"SENSORTYPE":"PWR-METER-POWER","RCV_BYTES":["005F","6950"],"DATAS":[95,26960],"DATAS1":[],"DATAS2":[],"TIMESTAMP":"2025-06-26T15:39:34.001Z","BUFFER":"2B5243563A3131312C090304005F69506D8D"}
{"DTUID":"111","SENSORID":9,"FUNCID":3,"NDATA":2,"SENSORTYPE":"PWR-METER-POWER","RCV_BYTES":["005F","6978"],"DATAS":[95,27000],"DATAS1":[],"DATAS2":[],"TIMESTAMP":"2025-06-26T15:44:34.282Z","BUFFER":"2B5243563A3131312C090304005F69786D93"}
{"DTUID":"111","SENSORID":9,"FUNCID":3,"NDATA":2,"SENSORTYPE":"PWR-METER-POWER","RCV_BYTES":["005F","6978"],"DATAS":[95,27000],"DATAS1":[],"DATAS2":[],"TIMESTAMP":"2025-06-26T15:49:34.341Z","BUFFER":"2B5243563A3131312C090304005F69786D93"}
{"DTUID":"111","SENSORID":9,"FUNCID":3,"NDATA":2,"SENSORTYPE":"PWR-METER-POWER","RCV_BYTES":["005F","6978"],"DATAS":[95,27000],"DATAS1":[],"DATAS2":[],"TIMESTAMP":"2025-06-26T15:54:33.921Z","BUFFER":"2B5243563A3131312C090304005F69786D93"}
{"DTUID":"111","SENSORID":9,"FUNCID":3,"NDATA":2,"SENSORTYPE":"PWR-METER-POWER","RCV_BYTES":["005F","6978"],"DATAS":[95,27000],"DATAS1":[],"DATAS2":[],"TIMESTAMP":"2025-06-26T15:59:34.269Z","BUFFER":"2B5243563A3131312C090304005F69786D93"}
{"DTUID":"111","SENSORID":9,"FUNCID":3,"NDATA":2,"SENSORTYPE":"PWR-METER-POWER","RCV_BYTES":["005F","7B98"],"DATAS":[95,31640],"DATAS1":[],"DATAS2":[],"TIMESTAMP":"2025-06-30T12:54:39.271Z","BUFFER":"2B5243563A3131312C090304005F7B9860BB"}
{"DTUID":"111","SENSORID":9,"FUNCID":3,"NDATA":2,"SENSORTYPE":"PWR-METER-POWER","RCV_BYTES":["005F","7B98"],"DATAS":[95,31640],"DATAS1":[],"DATAS2":[],"TIMESTAMP":"2025-06-30T12:59:39.270Z","BUFFER":"2B5243563A3131312C090304005F7B9860BB"}
{"DTUID":"111","SENSORID":9,"FUNCID":3,"NDATA":2,"SENSORTYPE":"PWR-METER-POWER","RCV_BYTES":["005F","7B98"],"DATAS":[95,31640],"DATAS1":[],"DATAS2":[],"TIMESTAMP":"2025-06-30T13:04:39.182Z","BUFFER":"2B5243563A3131312C090304005F7B9860BB"}
{"DTUID":"111","SENSORID":9,"FUNCID":3,"NDATA":2,"SENSORTYPE":"PWR-METER-POWER","RCV_BYTES":["005F","7BC0"],"DATAS":[95,31680],"DATAS1":[],"DATAS2":[],"TIMESTAMP":"2025-06-30T13:09:39.351Z","BUFFER":"2B5243563A3131312C090304005F7BC06141"}
{"DTUID":"111","SENSORID":9,"FUNCID":3,"NDATA":2,"SENSORTYPE":"PWR-METER-POWER","RCV_BYTES":["005F","7BC0"],"DATAS":[95,31680],"DATAS1":[],"DATAS2":[],"TIMESTAMP":"2025-06-30T13:14:39.262Z","BUFFER":"2B5243563A3131312C090304005F7BC06141"}
{"DTUID":"111","SENSORID":9,"FUNCID":3,"NDATA":2,"SENSORTYPE":"PWR-METER-POWER","RCV_BYTES":["005F","7BC0"],"DATAS":[95,31680],"DATAS1":[],"DATAS2":[],"TIMESTAMP":"2025-06-30T13:19:39.320Z","BUFFER":"2B5243563A3131312C090304005F7BC06141"}
{"DTUID":"111","SENSORID":9,"FUNCID":3,"NDATA":2,"SENSORTYPE":"PWR-METER-POWER","RCV_BYTES":["005F","81D8"],"DATAS":[95,-32296],"DATAS1":[],"DATAS2":[],"TIMESTAMP":"2025-07-01T22:30:14.089Z","BUFFER":"2B5243563A3131312C090304005F81D823EB"}
{"DTUID":"111","SENSORID":9,"FUNCID":3,"NDATA":2,"SENSORTYPE":"PWR-METER-POWER","RCV_BYTES":["005F","81D8"],"DATAS":[95,-32296],"DATAS1":[],"DATAS2":[],"TIMESTAMP":"2025-07-01T22:35:09.370Z","BUFFER":"2B5243563A3131312C090304005F81D823EB"}
{"DTUID":"111","SENSORID":9,"FUNCID":3,"NDATA":2,"SENSORTYPE":"PWR-METER-POWER","RCV_BYTES":["005F","81D8"],"DATAS":[95,-32296],"DATAS1":[],"DATAS2":[],"TIMESTAMP":"2025-07-01T22:40:13.290Z","BUFFER":"2B5243563A3131312C090304005F81D823EB"}
{"DTUID":"111","SENSORID":9,"FUNCID":3,"NDATA":2,"SENSORTYPE":"PWR-METER-POWER","RCV_BYTES":["005F","81D8"],"DATAS":[95,-32296],"DATAS1":[],"DATAS2":[],"TIMESTAMP":"2025-07-01T22:45:09.329Z","BUFFER":"2B5243563A3131312C090304005F81D823EB"}
{"DTUID":"111","SENSORID":9,"FUNCID":3,"NDATA":2,"SENSORTYPE":"PWR-METER-POWER","RCV_BYTES":["005F","8200"],"DATAS":[95,-32256],"DATAS1":[],"DATAS2":[],"TIMESTAMP":"2025-07-01T22:50:08.839Z","BUFFER":"2B5243563A3131312C090304005F82002341"}
{"DTUID":"111","SENSORID":9,"FUNCID":3,"NDATA":2,"SENSORTYPE":"PWR-METER-POWER","RCV_BYTES":["005F","8200"],"DATAS":[95,-32256],"DATAS1":[],"DATAS2":[],"TIMESTAMP":"2025-07-01T22:55:09.370Z","BUFFER":"2B5243563A3131312C090304005F82002341"}
{"DTUID":"111","SENSORID":9,"FUNCID":3,"NDATA":2,"SENSORTYPE":"PWR-METER-POWER","RCV_BYTES":["005F","8200"],"DATAS":[95,-32256],"DATAS1":[],"DATAS2":[],"TIMESTAMP":"2025-07-01T23:00:07.411Z","BUFFER":"2B5243563A3131312C090304005F82002341"}
{"DTUID":"111","SENSORID":9,"FUNCID":3,"NDATA":2,"SENSORTYPE":"PWR-METER-POWER","RCV_BYTES":["005F","8200"],"DATAS":[95,-32256],"DATAS1":[],"DATAS2":[],"TIMESTAMP":"2025-07-01T23:05:09.610Z","BUFFER":"2B5243563A3131312C090304005F82002341"}
{"DTUID":"111","SENSORID":9,"FUNCID":3,"NDATA":2,"SENSORTYPE":"PWR-METER-POWER","RCV_BYTES":["005F","8200"],"DATAS":[95,-32256],"DATAS1":[],"DATAS2":[],"TIMESTAMP":"2025-07-01T23:10:09.010Z","BUFFER":"2B5243563A3131312C090304005F82002341"}
{"DTUID":"111","SENSORID":9,"FUNCID":3,"NDATA":2,"SENSORTYPE":"PWR-METER-POWER","RCV_BYTES":["005F","8200"],"DATAS":[95,-32256],"DATAS1":[],"DATAS2":[],"TIMESTAMP":"2025-07-01T23:15:09.438Z","BUFFER":"2B5243563A3131312C090304005F82002341"}
{"DTUID":"111","SENSORID":9,"FUNCID":3,"NDATA":2,"SENSORTYPE":"PWR-METER-POWER","RCV_BYTES":["005F","8200"],"DATAS":[95,-32256],"DATAS1":[],"DATAS2":[],"TIMESTAMP":"2025-07-01T23:20:10.170Z","BUFFER":"2B5243563A3131312C090304005F82002341"}
{"DTUID":"111","SENSORID":9,"FUNCID":3,"NDATA":2,"SENSORTYPE":"PWR-METER-POWER","RCV_BYTES":["005F","8200"],"DATAS":[95,-32256],"DATAS1":[],"DATAS2":[],"TIMESTAMP":"2025-07-01T23:25:09.389Z","BUFFER":"2B5243563A3131312C090304005F82002341"}
{"DTUID":"111","SENSORID":9,"FUNCID":3,"NDATA":2,"SENSORTYPE":"PWR-METER-POWER","RCV_BYTES":["005F","8200"],"DATAS":[95,-32256],"DATAS1":[],"DATAS2":[],"TIMESTAMP":"2025-07-01T23:30:09.471Z","BUFFER":"2B5243563A3131312C090304005F82002341"}
{"DTUID":"111","SENSORID":9,"FUNCID":3,"NDATA":2,"SENSORTYPE":"PWR-METER-POWER","RCV_BYTES":["005F","8200"],"DATAS":[95,-32256],"DATAS1":[],"DATAS2":[],"TIMESTAMP":"2025-07-01T23:35:09.430Z","BUFFER":"2B5243563A3131312C090304005F82002341"}
{"DTUID":"111","SENSORID":9,"FUNCID":3,"NDATA":2,"SENSORTYPE":"PWR-METER-POWER","RCV_BYTES":["005F","8200"],"DATAS":[95,-32256],"DATAS1":[],"DATAS2":[],"TIMESTAMP":"2025-07-01T23:40:09.352Z","BUFFER":"2B5243563A3131312C090304005F82002341"}
{"DTUID":"111","SENSORID":9,"FUNCID":3,"NDATA":2,"SENSORTYPE":"PWR-METER-POWER","RCV_BYTES":["005F","8200"],"DATAS":[95,-32256],"DATAS1":[],"DATAS2":[],"TIMESTAMP":"2025-07-01T23:45:08.972Z","BUFFER":"2B5243563A3131312C090304005F82002341"}
{"DTUID":"111","SENSORID":9,"FUNCID":3,"NDATA":2,"SENSORTYPE":"PWR-METER-POWER","RCV_BYTES":["005F","8200"],"DATAS":[95,-32256],"DATAS1":[],"DATAS2":[],"TIMESTAMP":"2025-07-01T23:50:09.450Z","BUFFER":"2B5243563A3131312C090304005F82002341"}
{"DTUID":"111","SENSORID":9,"FUNCID":3,"NDATA":2,"SENSORTYPE":"PWR-METER-POWER","RCV_BYTES":["005F","8228"],"DATAS":[95,-32216],"DATAS1":[],"DATAS2":[],"TIMESTAMP":"2025-07-01T23:55:09.029Z","BUFFER":"2B5243563A3131312C090304005F8228235F"}
{"DTUID":"111","SENSORID":9,"FUNCID":3,"NDATA":2,"SENSORTYPE":"PWR-METER-POWER","RCV_BYTES":["005F","8228"],"DATAS":[95,-32216],"DATAS1":[],"DATAS2":[],"TIMESTAMP":"2025-07-02T00:00:09.490Z","BUFFER":"2B5243563A3131312C090304005F8228235F"}
{"DTUID":"111","SENSORID":9,"FUNCID":3,"NDATA":2,"SENSORTYPE":"PWR-METER-POWER","RCV_BYTES":["005F","8228"],"DATAS":[95,-32216],"DATAS1":[],"DATAS2":[],"TIMESTAMP":"2025-07-02T00:05:09.478Z","BUFFER":"2B5243563A3131312C090304005F8228235F"}
{"DTUID":"111","SENSORID":9,"FUNCID":3,"NDATA":2,"SENSORTYPE":"PWR-METER-POWER","RCV_BYTES":["005F","8228"],"DATAS":[95,-32216],"DATAS1":[],"DATAS2":[],"TIMESTAMP":"2025-07-02T00:10:09.450Z","BUFFER":"2B5243563A3131312C090304005F8228235F"}
{"DTUID":"111","SENSORID":9,"FUNCID":3,"NDATA":2,"SENSORTYPE":"PWR-METER-POWER","RCV_BYTES":["005F","8228"],"DATAS":[95,-32216],"DATAS1":[],"DATAS2":[],"TIMESTAMP":"2025-07-02T00:15:09.430Z","BUFFER":"2B5243563A3131312C090304005F8228235F"}
{"DTUID":"111","SENSORID":9,"FUNCID":3,"NDATA":2,"SENSORTYPE":"PWR-METER-POWER","RCV_BYTES":["005F","8228"],"DATAS":[95,-32216],"DATAS1":[],"DATAS2":[],"TIMESTAMP":"2025-07-02T00:20:09.570Z","BUFFER":"2B5243563A3131312C090304005F8228235F"}
{"DTUID":"111","SENSORID":9,"FUNCID":3,"NDATA":2,"SENSORTYPE":"PWR-METER-POWER","RCV_BYTES":["005F","8228"],"DATAS":[95,-32216],"DATAS1":[],"DATAS2":[],"TIMESTAMP":"2025-07-02T00:25:09.410Z","BUFFER":"2B5243563A3131312C090304005F8228235F"}
{"DTUID":"111","SENSORID":9,"FUNCID":3,"NDATA":2,"SENSORTYPE":"PWR-METER-POWER","RCV_BYTES":["005F","87A0"],"DATAS":[95,-30816],"DATAS1":[],"DATAS2":[],"TIMESTAMP":"2025-07-03T03:40:08.346Z","BUFFER":"2B5243563A3131312C090304005F87A02069"}
{"DTUID":"111","SENSORID":9,"FUNCID":3,"NDATA":2,"SENSORTYPE":"PWR-METER-POWER","RCV_BYTES":["005F","87B5"],"DATAS":[95,-30795],"DATAS1":[],"DATAS2":[],"TIMESTAMP":"2025-07-03T03:42:13.566Z","BUFFER":"2B5243563A3131312C090304005F87B5E1A6"}
{"DTUID":"111","SENSORID":9,"FUNCID":3,"NDATA":2,"SENSORTYPE":"PWR-METER-POWER","RCV_BYTES":["005F","87A0"],"DATAS":[95,-30816],"DATAS1":[],"DATAS2":[],"TIMESTAMP":"2025-07-03T03:45:11.107Z","BUFFER":"2B5243563A3131312C090304005F87A02069"}
{"DTUID":"111","SENSORID":9,"FUNCID":3,"NDATA":2,"SENSORTYPE":"PWR-METER-POWER","RCV_BYTES":["005F","87A0"],"DATAS":[95,-30816],"DATAS1":[],"DATAS2":[],"TIMESTAMP":"2025-07-03T03:50:22.168Z","BUFFER":"2B5243563A3131312C090304005F87A02069"}
{"DTUID":"111","SENSORID":9,"FUNCID":3,"NDATA":2,"SENSORTYPE":"PWR-METER-POWER","RCV_BYTES":["005F","87C0"],"DATAS":[95,-30784],"DATAS1":[],"DATAS2":[],"TIMESTAMP":"2025-07-03T03:51:43.948Z","BUFFER":"2B5243563A3131312C090304005F87C02041"}
{"DTUID":"111","SENSORID":9,"FUNCID":3,"NDATA":2,"SENSORTYPE":"PWR-METER-POWER","RCV_BYTES":["005F","87C8"],"DATAS":[95,-30776],"DATAS1":[],"DATAS2":[],"TIMESTAMP":"2025-07-03T04:05:11.083Z","BUFFER":"2B5243563A3131312C090304005F87C82187"}
{"DTUID":"111","SENSORID":9,"FUNCID":3,"NDATA":2,"SENSORTYPE":"PWR-METER-POWER","RCV_BYTES":["005F","87C8"],"DATAS":[95,-30776],"DATAS1":[],"DATAS2":[],"TIMESTAMP":"2025-07-03T04:10:11.027Z","BUFFER":"2B5243563A3131312C090304005F87C82187"}
{"DTUID":"111","SENSORID":9,"FUNCID":3,"NDATA":2,"SENSORTYPE":"PWR-METER-POWER","RCV_BYTES":["005F","87C8"],"DATAS":[95,-30776],"DATAS1":[],"DATAS2":[],"TIMESTAMP":"2025-07-03T04:15:11.126Z","BUFFER":"2B5243563A3131312C090304005F87C82187"}
{"DTUID":"111","SENSORID":9,"FUNCID":3,"NDATA":2,"SENSORTYPE":"PWR-METER-POWER","RCV_BYTES":["005F","87C8"],"DATAS":[95,-30776],"DATAS1":[],"DATAS2":[],"TIMESTAMP":"2025-07-03T04:20:11.166Z","BUFFER":"2B5243563A3131312C090304005F87C82187"}
{"DTUID":"111","SENSORID":9,"FUNCID":3,"NDATA":2,"SENSORTYPE":"PWR-METER-POWER","RCV_BYTES":["005F","87C8"],"DATAS":[95,-30776],"DATAS1":[],"DATAS2":[],"TIMESTAMP":"2025-07-03T04:25:11.238Z","BUFFER":"2B5243563A3131312C090304005F87C82187"}
{"DTUID":"111","SENSORID":9,"FUNCID":3,"NDATA":2,"SENSORTYPE":"PWR-METER-POWER","RCV_BYTES":["005F","87C8"],"DATAS":[95,-30776],"DATAS1":[],"DATAS2":[],"TIMESTAMP":"2025-07-03T04:30:11.098Z","BUFFER":"2B5243563A3131312C090304005F87C82187"}
{"DTUID":"111","SENSORID":9,"FUNCID":3,"NDATA":2,"SENSORTYPE":"PWR-METER-POWER","RCV_BYTES":["005F","87C8"],"DATAS":[95,-30776],"DATAS1":[],"DATAS2":[],"TIMESTAMP":"2025-07-03T04:35:10.808Z","BUFFER":"2B5243563A3131312C090304005F87C82187"}
{"DTUID":"111","SENSORID":9,"FUNCID":3,"NDATA":2,"SENSORTYPE":"PWR-METER-POWER","RCV_BYTES":["005F","87F0"],"DATAS":[95,-30736],"DATAS1":[],"DATAS2":[],"TIMESTAMP":"2025-07-03T04:40:10.647Z","BUFFER":"2B5243563A3131312C090304005F87F02055"}
{"DTUID":"111","SENSORID":9,"FUNCID":3,"NDATA":2,"SENSORTYPE":"PWR-METER-POWER","RCV_BYTES":["005F","87F0"],"DATAS":[95,-30736],"DATAS1":[],"DATAS2":[],"TIMESTAMP":"2025-07-03T04:45:12.299Z","BUFFER":"2B5243563A3131312C090304005F87F02055"}
{"DTUID":"111","SENSORID":9,"FUNCID":3,"NDATA":2,"SENSORTYPE":"PWR-METER-POWER","RCV_BYTES":["005F","87F0"],"DATAS":[95,-30736],"DATAS1":[],"DATAS2":[],"TIMESTAMP":"2025-07-03T04:50:47.039Z","BUFFER":"2B5243563A3131312C090304005F87F02055"}
{"DTUID":"111","SENSORID":9,"FUNCID":3,"NDATA":2,"SENSORTYPE":"PWR-METER-POWER","RCV_BYTES":["005F","87F0"],"DATAS":[95,-30736],"DATAS1":[],"DATAS2":[],"TIMESTAMP":"2025-07-03T04:55:11.159Z","BUFFER":"2B5243563A3131312C090304005F87F02055"}
{"DTUID":"111","SENSORID":9,"FUNCID":3,"NDATA":2,"SENSORTYPE":"PWR-METER-POWER","RCV_BYTES":["005F","87F0"],"DATAS":[95,-30736],"DATAS1":[],"DATAS2":[],"TIMESTAMP":"2025-07-03T05:00:10.219Z","BUFFER":"2B5243563A3131312C090304005F87F02055"}
{"DTUID":"111","SENSORID":9,"FUNCID":3,"NDATA":2,"SENSORTYPE":"PWR-METER-POWER","RCV_BYTES":["005F","87F0"],"DATAS":[95,-30736],"DATAS1":[],"DATAS2":[],"TIMESTAMP":"2025-07-03T05:05:10.767Z","BUFFER":"2B5243563A3131312C090304005F87F02055"}
{"DTUID":"111","SENSORID":9,"FUNCID":3,"NDATA":2,"SENSORTYPE":"PWR-METER-POWER","RCV_BYTES":["005F","87F0"],"DATAS":[95,-30736],"DATAS1":[],"DATAS2":[],"TIMESTAMP":"2025-07-03T05:10:11.123Z","BUFFER":"2B5243563A3131312C090304005F87F02055"}
{"DTUID":"111","SENSORID":9,"FUNCID":3,"NDATA":2,"SENSORTYPE":"PWR-METER-POWER","RCV_BYTES":["005F","8818"],"DATAS":[95,-30696],"DATAS1":[],"DATAS2":[],"TIMESTAMP":"2025-07-03T05:15:11.100Z","BUFFER":"2B5243563A3131312C090304005F881825EB"}
{"DTUID":"111","SENSORID":9,"FUNCID":3,"NDATA":2,"SENSORTYPE":"PWR-METER-POWER","RCV_BYTES":["005F","8818"],"DATAS":[95,-30696],"DATAS1":[],"DATAS2":[],"TIMESTAMP":"2025-07-03T05:20:10.720Z","BUFFER":"2B5243563A3131312C090304005F881825EB"}
{"DTUID":"111","SENSORID":9,"FUNCID":3,"NDATA":2,"SENSORTYPE":"PWR-METER-POWER","RCV_BYTES":["005F","8818"],"DATAS":[95,-30696],"DATAS1":[],"DATAS2":[],"TIMESTAMP":"2025-07-03T05:25:10.401Z","BUFFER":"2B5243563A3131312C090304005F881825EB"}
{"DTUID":"111","SENSORID":9,"FUNCID":3,"NDATA":2,"SENSORTYPE":"PWR-METER-POWER","RCV_BYTES":["005F","8818"],"DATAS":[95,-30696],"DATAS1":[],"DATAS2":[],"TIMESTAMP":"2025-07-03T05:30:10.839Z","BUFFER":"2B5243563A3131312C090304005F881825EB"}
{"DTUID":"111","SENSORID":9,"FUNCID":3,"NDATA":2,"SENSORTYPE":"PWR-METER-POWER","RCV_BYTES":["005F","8818"],"DATAS":[95,-30696],"DATAS1":[],"DATAS2":[],"TIMESTAMP":"2025-07-03T05:35:10.721Z","BUFFER":"2B5243563A3131312C090304005F881825EB"}
{"DTUID":"111","SENSORID":9,"FUNCID":3,"NDATA":2,"SENSORTYPE":"PWR-METER-POWER","RCV_BYTES":["005F","88F1"],"DATAS":[95,-30479],"DATAS1":[],"DATAS2":[],"TIMESTAMP":"2025-07-03T09:08:04.967Z","BUFFER":"2B5243563A3131312C090304005F88F1E465"}
{"DTUID":"111","SENSORID":9,"FUNCID":3,"NDATA":2,"SENSORTYPE":"PWR-METER-POWER","RCV_BYTES":["005F","88E0"],"DATAS":[95,-30496],"DATAS1":[],"DATAS2":[],"TIMESTAMP":"2025-07-03T09:10:10.326Z","BUFFER":"2B5243563A3131312C090304005F88E02469"}
{"DTUID":"111","SENSORID":9,"FUNCID":3,"NDATA":2,"SENSORTYPE":"PWR-METER-POWER","RCV_BYTES":["005F","88E0"],"DATAS":[95,-30496],"DATAS1":[],"DATAS2":[],"TIMESTAMP":"2025-07-03T09:15:10.153Z","BUFFER":"2B5243563A3131312C090304005F88E02469"}
{"DTUID":"111","SENSORID":9,"FUNCID":3,"NDATA":2,"SENSORTYPE":"PWR-METER-POWER","RCV_BYTES":["005F","88E0"],"DATAS":[95,-30496],"DATAS1":[],"DATAS2":[],"TIMESTAMP":"2025-07-03T09:20:09.567Z","BUFFER":"2B5243563A3131312C090304005F88E02469"}
{"DTUID":"111","SENSORID":9,"FUNCID":3,"NDATA":2,"SENSORTYPE":"PWR-METER-POWER","RCV_BYTES":["005F","88E0"],"DATAS":[95,-30496],"DATAS1":[],"DATAS2":[],"TIMESTAMP":"2025-07-03T09:25:10.265Z","BUFFER":"2B5243563A3131312C090304005F88E02469"}
{"DTUID":"111","SENSORID":9,"FUNCID":3,"NDATA":2,"SENSORTYPE":"PWR-METER-POWER","RCV_BYTES":["005F","8908"],"DATAS":[95,-30456],"DATAS1":[],"DATAS2":[],"TIMESTAMP":"2025-07-03T09:30:10.088Z","BUFFER":"2B5243563A3131312C090304005F890825B7"}
{"DTUID":"111","SENSORID":9,"FUNCID":3,"NDATA":2,"SENSORTYPE":"PWR-METER-POWER","RCV_BYTES":["005F","8908"],"DATAS":[95,-30456],"DATAS1":[],"DATAS2":[],"TIMESTAMP":"2025-07-03T09:35:10.519Z","BUFFER":"2B5243563A3131312C090304005F890825B7"}
{"DTUID":"111","SENSORID":9,"FUNCID":3,"NDATA":2,"SENSORTYPE":"PWR-METER-POWER","RCV_BYTES":["005F","8908"],"DATAS":[95,-30456],"DATAS1":[],"DATAS2":[],"TIMESTAMP":"2025-07-03T09:40:11.267Z","BUFFER":"2B5243563A3131312C090304005F890825B7"}
{"DTUID":"111","SENSORID":9,"FUNCID":3,"NDATA":2,"SENSORTYPE":"PWR-METER-POWER","RCV_BYTES":["005F","8908"],"DATAS":[95,-30456],"DATAS1":[],"DATAS2":[],"TIMESTAMP":"2025-07-03T09:45:10.518Z","BUFFER":"2B5243563A3131312C090304005F890825B7"}
{"DTUID":"111","SENSORID":9,"FUNCID":3,"NDATA":2,"SENSORTYPE":"PWR-METER-POWER","RCV_BYTES":["005F","8908"],"DATAS":[95,-30456],"DATAS1":[],"DATAS2":[],"TIMESTAMP":"2025-07-03T09:50:08.658Z","BUFFER":"2B5243563A3131312C090304005F890825B7"}
{"DTUID":"111","SENSORID":9,"FUNCID":3,"NDATA":2,"SENSORTYPE":"PWR-METER-POWER","RCV_BYTES":["005F","8908"],"DATAS":[95,-30456],"DATAS1":[],"DATAS2":[],"TIMESTAMP":"2025-07-03T09:55:10.601Z","BUFFER":"2B5243563A3131312C090304005F890825B7"}
{"DTUID":"111","SENSORID":9,"FUNCID":3,"NDATA":2,"SENSORTYPE":"PWR-METER-POWER","RCV_BYTES":["005F","8908"],"DATAS":[95,-30456],"DATAS1":[],"DATAS2":[],"TIMESTAMP":"2025-07-03T10:00:09.700Z","BUFFER":"2B5243563A3131312C090304005F890825B7"}
{"DTUID":"111","SENSORID":9,"FUNCID":3,"NDATA":2,"SENSORTYPE":"PWR-METER-POWER","RCV_BYTES":["005F","8908"],"DATAS":[95,-30456],"DATAS1":[],"DATAS2":[],"TIMESTAMP":"2025-07-03T10:05:10.737Z","BUFFER":"2B5243563A3131312C090304005F890825B7"}
{"DTUID":"111","SENSORID":9,"FUNCID":3,"NDATA":2,"SENSORTYPE":"PWR-METER-POWER","RCV_BYTES":["005F","8908"],"DATAS":[95,-30456],"DATAS1":[],"DATAS2":[],"TIMESTAMP":"2025-07-03T10:10:10.798Z","BUFFER":"2B5243563A3131312C090304005F890825B7"}
{"DTUID":"111","SENSORID":9,"FUNCID":3,"NDATA":2,"SENSORTYPE":"PWR-METER-POWER","RCV_BYTES":["005F","8930"],"DATAS":[95,-30416],"DATAS1":[],"DATAS2":[],"TIMESTAMP":"2025-07-03T10:15:10.599Z","BUFFER":"2B5243563A3131312C090304005F89302465"}
{"DTUID":"111","SENSORID":9,"FUNCID":3,"NDATA":2,"SENSORTYPE":"PWR-METER-POWER","RCV_BYTES":["005F","8930"],"DATAS":[95,-30416],"DATAS1":[],"DATAS2":[],"TIMESTAMP":"2025-07-03T10:20:10.239Z","BUFFER":"2B5243563A3131312C090304005F89302465"}
{"DTUID":"111","SENSORID":9,"FUNCID":3,"NDATA":2,"SENSORTYPE":"PWR-METER-POWER","RCV_BYTES":["005F","8930"],"DATAS":[95,-30416],"DATAS1":[],"DATAS2":[],"TIMESTAMP":"2025-07-03T10:25:10.581Z","BUFFER":"2B5243563A3131312C090304005F89302465"}
{"DTUID":"111","SENSORID":9,"FUNCID":3,"NDATA":2,"SENSORTYPE":"PWR-METER-POWER","RCV_BYTES":["005F","8930"],"DATAS":[95,-30416],"DATAS1":[],"DATAS2":[],"TIMESTAMP":"2025-07-03T10:30:10.579Z","BUFFER":"2B5243563A3131312C090304005F89302465"}
{"DTUID":"111","SENSORID":9,"FUNCID":3,"NDATA":2,"SENSORTYPE":"PWR-METER-POWER","RCV_BYTES":["005F","8930"],"DATAS":[95,-30416],"DATAS1":[],"DATAS2":[],"TIMESTAMP":"2025-07-03T10:35:10.740Z","BUFFER":"2B5243563A3131312C090304005F89302465"}
{"DTUID":"111","SENSORID":9,"FUNCID":3,"NDATA":2,"SENSORTYPE":"PWR-METER-POWER","RCV_BYTES":["005F","8930"],"DATAS":[95,-30416],"DATAS1":[],"DATAS2":[],"TIMESTAMP":"2025-07-03T10:40:10.439Z","BUFFER":"2B5243563A3131312C090304005F89302465"}
{"DTUID":"111","SENSORID":9,"FUNCID":3,"NDATA":2,"SENSORTYPE":"PWR-METER-POWER","RCV_BYTES":["005F","8930"],"DATAS":[95,-30416],"DATAS1":[],"DATAS2":[],"TIMESTAMP":"2025-07-03T10:45:11.560Z","BUFFER":"2B5243563A3131312C090304005F89302465"}
{"DTUID":"111","SENSORID":9,"FUNCID":3,"NDATA":2,"SENSORTYPE":"PWR-METER-POWER","RCV_BYTES":["005F","8930"],"DATAS":[95,-30416],"DATAS1":[],"DATAS2":[],"TIMESTAMP":"2025-07-03T10:50:12.978Z","BUFFER":"2B5243563A3131312C090304005F89302465"}
{"DTUID":"111","SENSORID":9,"FUNCID":3,"NDATA":2,"SENSORTYPE":"PWR-METER-POWER","RCV_BYTES":["005F","8930"],"DATAS":[95,-30416],"DATAS1":[],"DATAS2":[],"TIMESTAMP":"2025-07-03T10:55:11.500Z","BUFFER":"2B5243563A3131312C090304005F89302465"}
{"DTUID":"111","SENSORID":9,"FUNCID":3,"NDATA":2,"SENSORTYPE":"PWR-METER-POWER","RCV_BYTES":["005F","8958"],"DATAS":[95,-30376],"DATAS1":[],"DATAS2":[],"TIMESTAMP":"2025-07-03T11:00:11.419Z","BUFFER":"2B5243563A3131312C090304005F8958258B"}
{"DTUID":"111","SENSORID":9,"FUNCID":3,"NDATA":2,"SENSORTYPE":"PWR-METER-POWER","RCV_BYTES":["005F","8958"],"DATAS":[95,-30376],"DATAS1":[],"DATAS2":[],"TIMESTAMP":"2025-07-03T11:05:11.484Z","BUFFER":"2B5243563A3131312C090304005F8958258B"}
{"DTUID":"111","SENSORID":9,"FUNCID":3,"NDATA":2,"SENSORTYPE":"PWR-METER-POWER","RCV_BYTES":["005F","8958"],"DATAS":[95,-30376],"DATAS1":[],"DATAS2":[],"TIMESTAMP":"2025-07-03T11:10:56.357Z","BUFFER":"2B5243563A3131312C090304005F8958258B"}
{"DTUID":"111","SENSORID":9,"FUNCID":3,"NDATA":2,"SENSORTYPE":"PWR-METER-POWER","RCV_BYTES":["005F","8958"],"DATAS":[95,-30376],"DATAS1":[],"DATAS2":[],"TIMESTAMP":"2025-07-03T11:15:11.518Z","BUFFER":"2B5243563A3131312C090304005F8958258B"}
{"DTUID":"111","SENSORID":9,"FUNCID":3,"NDATA":2,"SENSORTYPE":"PWR-METER-POWER","RCV_BYTES":["005F","8958"],"DATAS":[95,-30376],"DATAS1":[],"DATAS2":[],"TIMESTAMP":"2025-07-03T11:20:56.659Z","BUFFER":"2B5243563A3131312C090304005F8958258B"}
{"DTUID":"111","SENSORID":9,"FUNCID":3,"NDATA":2,"SENSORTYPE":"PWR-METER-POWER","RCV_BYTES":["005F","8958"],"DATAS":[95,-30376],"DATAS1":[],"DATAS2":[],"TIMESTAMP":"2025-07-03T11:25:11.878Z","BUFFER":"2B5243563A3131312C090304005F8958258B"}
{"DTUID":"111","SENSORID":9,"FUNCID":3,"NDATA":2,"SENSORTYPE":"PWR-METER-POWER","RCV_BYTES":["005F","8958"],"DATAS":[95,-30376],"DATAS1":[],"DATAS2":[],"TIMESTAMP":"2025-07-03T11:30:11.526Z","BUFFER":"2B5243563A3131312C090304005F8958258B"}
{"DTUID":"111","SENSORID":9,"FUNCID":3,"NDATA":2,"SENSORTYPE":"PWR-METER-POWER","RCV_BYTES":["005F","8958"],"DATAS":[95,-30376],"DATAS1":[],"DATAS2":[],"TIMESTAMP":"2025-07-03T11:35:11.925Z","BUFFER":"2B5243563A3131312C090304005F8958258B"}
{"DTUID":"111","SENSORID":9,"FUNCID":3,"NDATA":2,"SENSORTYPE":"PWR-METER-POWER","RCV_BYTES":["005F","8C28"],"DATAS":[95,-29656],"DATAS1":[],"DATAS2":[],"TIMESTAMP":"2025-07-04T01:00:12.630Z","BUFFER":"2B5243563A3131312C090304005F8C28273F"}
{"DTUID":"111","SENSORID":9,"FUNCID":3,"NDATA":2,"SENSORTYPE":"PWR-METER-POWER","RCV_BYTES":["005F","8C28"],"DATAS":[95,-29656],"DATAS1":[],"DATAS2":[],"TIMESTAMP":"2025-07-04T01:05:13.789Z","BUFFER":"2B5243563A3131312C090304005F8C28273F"}
{"DTUID":"111","SENSORID":9,"FUNCID":3,"NDATA":2,"SENSORTYPE":"PWR-METER-POWER","RCV_BYTES":["005F","8C28"],"DATAS":[95,-29656],"DATAS1":[],"DATAS2":[],"TIMESTAMP":"2025-07-04T01:10:13.102Z","BUFFER":"2B5243563A3131312C090304005F8C28273F"}
{"DTUID":"111","SENSORID":9,"FUNCID":3,"NDATA":2,"SENSORTYPE":"PWR-METER-POWER","RCV_BYTES":["005F","8C28"],"DATAS":[95,-29656],"DATAS1":[],"DATAS2":[],"TIMESTAMP":"2025-07-04T01:15:12.421Z","BUFFER":"2B5243563A3131312C090304005F8C28273F"}
{"DTUID":"111","SENSORID":9,"FUNCID":3,"NDATA":2,"SENSORTYPE":"PWR-METER-POWER","RCV_BYTES":["005F","8C28"],"DATAS":[95,-29656],"DATAS1":[],"DATAS2":[],"TIMESTAMP":"2025-07-04T01:20:12.701Z","BUFFER":"2B5243563A3131312C090304005F8C28273F"}
{"DTUID":"111","SENSORID":9,"FUNCID":3,"NDATA":2,"SENSORTYPE":"PWR-METER-POWER","RCV_BYTES":["005F","8C28"],"DATAS":[95,-29656],"DATAS1":[],"DATAS2":[],"TIMESTAMP":"2025-07-04T01:25:12.346Z","BUFFER":"2B5243563A3131312C090304005F8C28273F"}
{"DTUID":"111","SENSORID":9,"FUNCID":3,"NDATA":2,"SENSORTYPE":"PWR-METER-POWER","RCV_BYTES":["005F","8C28"],"DATAS":[95,-29656],"DATAS1":[],"DATAS2":[],"TIMESTAMP":"2025-07-04T01:30:12.046Z","BUFFER":"2B5243563A3131312C090304005F8C28273F"}
{"DTUID":"111","SENSORID":9,"FUNCID":3,"NDATA":2,"SENSORTYPE":"PWR-METER-POWER","RCV_BYTES":["005F","8C28"],"DATAS":[95,-29656],"DATAS1":[],"DATAS2":[],"TIMESTAMP":"2025-07-04T01:35:11.184Z","BUFFER":"2B5243563A3131312C090304005F8C28273F"}
{"DTUID":"111","SENSORID":9,"FUNCID":3,"NDATA":2,"SENSORTYPE":"PWR-METER-POWER","RCV_BYTES":["005F","8C4D"],"DATAS":[95,-29619],"DATAS1":[],"DATAS2":[],"TIMESTAMP":"2025-07-04T01:37:51.912Z","BUFFER":"2B5243563A3131312C090304005F8C4DE714"}
{"DTUID":"111","SENSORID":9,"FUNCID":3,"NDATA":2,"SENSORTYPE":"PWR-METER-POWER","RCV_BYTES":["005F","8C50"],"DATAS":[95,-29616],"DATAS1":[],"DATAS2":[],"TIMESTAMP":"2025-07-04T01:40:10.336Z","BUFFER":"2B5243563A3131312C090304005F8C50271D"}
{"DTUID":"111","SENSORID":9,"FUNCID":3,"NDATA":2,"SENSORTYPE":"PWR-METER-POWER","RCV_BYTES":["005F","8C50"],"DATAS":[95,-29616],"DATAS1":[],"DATAS2":[],"TIMESTAMP":"2025-07-04T01:45:11.484Z","BUFFER":"2B5243563A3131312C090304005F8C50271D"}
{"DTUID":"111","SENSORID":9,"FUNCID":3,"NDATA":2,"SENSORTYPE":"PWR-METER-POWER","RCV_BYTES":["005F","8C55"],"DATAS":[95,-29611],"DATAS1":[],"DATAS2":[],"TIMESTAMP":"2025-07-04T01:47:49.295Z","BUFFER":"2B5243563A3131312C090304005F8C55E71E"}
{"DTUID":"111","SENSORID":9,"FUNCID":3,"NDATA":2,"SENSORTYPE":"PWR-METER-POWER","RCV_BYTES":["005F","8C50"],"DATAS":[95,-29616],"DATAS1":[],"DATAS2":[],"TIMESTAMP":"2025-07-04T01:50:12.349Z","BUFFER":"2B5243563A3131312C090304005F8C50271D"}
{"DTUID":"111","SENSORID":9,"FUNCID":3,"NDATA":2,"SENSORTYPE":"PWR-METER-POWER","RCV_BYTES":["005F","8C50"],"DATAS":[95,-29616],"DATAS1":[],"DATAS2":[],"TIMESTAMP":"2025-07-04T01:55:12.165Z","BUFFER":"2B5243563A3131312C090304005F8C50271D"}
{"DTUID":"111","SENSORID":9,"FUNCID":3,"NDATA":2,"SENSORTYPE":"PWR-METER-POWER","RCV_BYTES":["005F","8C5F"],"DATAS":[95,-29601],"DATAS1":[],"DATAS2":[],"TIMESTAMP":"2025-07-04T01:57:57.064Z","BUFFER":"2B5243563A3131312C090304005F8C5F6719"}
{"DTUID":"111","SENSORID":9,"FUNCID":3,"NDATA":2,"SENSORTYPE":"PWR-METER-POWER","RCV_BYTES":["005F","8C50"],"DATAS":[95,-29616],"DATAS1":[],"DATAS2":[],"TIMESTAMP":"2025-07-04T02:00:11.910Z","BUFFER":"2B5243563A3131312C090304005F8C50271D"}
{"DTUID":"111","SENSORID":9,"FUNCID":3,"NDATA":2,"SENSORTYPE":"PWR-METER-POWER","RCV_BYTES":["005F","8C50"],"DATAS":[95,-29616],"DATAS1":[],"DATAS2":[],"TIMESTAMP":"2025-07-04T02:05:12.664Z","BUFFER":"2B5243563A3131312C090304005F8C50271D"}
{"DTUID":"111","SENSORID":9,"FUNCID":3,"NDATA":2,"SENSORTYPE":"PWR-METER-POWER","RCV_BYTES":["005F","8C69"],"DATAS":[95,-29591],"DATAS1":[],"DATAS2":[],"TIMESTAMP":"2025-07-04T02:07:49.620Z","BUFFER":"2B5243563A3131312C090304005F8C69E70F"}
{"DTUID":"111","SENSORID":9,"FUNCID":3,"NDATA":2,"SENSORTYPE":"PWR-METER-POWER","RCV_BYTES":["005F","8C50"],"DATAS":[95,-29616],"DATAS1":[],"DATAS2":[],"TIMESTAMP":"2025-07-04T02:10:12.495Z","BUFFER":"2B5243563A3131312C090304005F8C50271D"}
{"DTUID":"111","SENSORID":9,"FUNCID":3,"NDATA":2,"SENSORTYPE":"PWR-METER-POWER","RCV_BYTES":["005F","8C50"],"DATAS":[95,-29616],"DATAS1":[],"DATAS2":[],"TIMESTAMP":"2025-07-04T02:15:12.351Z","BUFFER":"2B5243563A3131312C090304005F8C50271D"}
{"DTUID":"111","SENSORID":9,"FUNCID":3,"NDATA":2,"SENSORTYPE":"PWR-METER-POWER","RCV_BYTES":["005F","8C50"],"DATAS":[95,-29616],"DATAS1":[],"DATAS2":[],"TIMESTAMP":"2025-07-04T02:20:12.543Z","BUFFER":"2B5243563A3131312C090304005F8C50271D"}
{"DTUID":"111","SENSORID":9,"FUNCID":3,"NDATA":2,"SENSORTYPE":"PWR-METER-POWER","RCV_BYTES":["005F","8C78"],"DATAS":[95,-29576],"DATAS1":[],"DATAS2":[],"TIMESTAMP":"2025-07-04T02:25:12.383Z","BUFFER":"2B5243563A3131312C090304005F8C782703"}
{"DTUID":"111","SENSORID":9,"FUNCID":3,"NDATA":2,"SENSORTYPE":"PWR-METER-POWER","RCV_BYTES":["005F","8C78"],"DATAS":[95,-29576],"DATAS1":[],"DATAS2":[],"TIMESTAMP":"2025-07-04T02:30:12.503Z","BUFFER":"2B5243563A3131312C090304005F8C782703"}
{"DTUID":"111","SENSORID":9,"FUNCID":3,"NDATA":2,"SENSORTYPE":"PWR-METER-POWER","RCV_BYTES":["005F","8C78"],"DATAS":[95,-29576],"DATAS1":[],"DATAS2":[],"TIMESTAMP":"2025-07-04T02:35:12.343Z","BUFFER":"2B5243563A3131312C090304005F8C782703"}
{"DTUID":"111","SENSORID":9,"FUNCID":3,"NDATA":2,"SENSORTYPE":"PWR-METER-POWER","RCV_BYTES":["005F","8C78"],"DATAS":[95,-29576],"DATAS1":[],"DATAS2":[],"TIMESTAMP":"2025-07-04T02:40:12.924Z","BUFFER":"2B5243563A3131312C090304005F8C782703"}
{"DTUID":"111","SENSORID":9,"FUNCID":3,"NDATA":2,"SENSORTYPE":"PWR-METER-POWER","RCV_BYTES":["005F","8C78"],"DATAS":[95,-29576],"DATAS1":[],"DATAS2":[],"TIMESTAMP":"2025-07-04T02:45:12.544Z","BUFFER":"2B5243563A3131312C090304005F8C782703"}
{"DTUID":"111","SENSORID":9,"FUNCID":3,"NDATA":2,"SENSORTYPE":"PWR-METER-POWER","RCV_BYTES":["005F","8C78"],"DATAS":[95,-29576],"DATAS1":[],"DATAS2":[],"TIMESTAMP":"2025-07-04T02:50:12.363Z","BUFFER":"2B5243563A3131312C090304005F8C782703"}
{"DTUID":"111","SENSORID":9,"FUNCID":3,"NDATA":2,"SENSORTYPE":"PWR-METER-POWER","RCV_BYTES":["005F","8C78"],"DATAS":[95,-29576],"DATAS1":[],"DATAS2":[],"TIMESTAMP":"2025-07-04T02:55:12.583Z","BUFFER":"2B5243563A3131312C090304005F8C782703"}
{"DTUID":"111","SENSORID":9,"FUNCID":3,"NDATA":2,"SENSORTYPE":"PWR-METER-POWER","RCV_BYTES":["005F","8C78"],"DATAS":[95,-29576],"DATAS1":[],"DATAS2":[],"TIMESTAMP":"2025-07-04T03:00:12.984Z","BUFFER":"2B5243563A3131312C090304005F8C782703"}
{"DTUID":"111","SENSORID":9,"FUNCID":3,"NDATA":2,"SENSORTYPE":"PWR-METER-POWER","RCV_BYTES":["005F","8C78"],"DATAS":[95,-29576],"DATAS1":[],"DATAS2":[],"TIMESTAMP":"2025-07-04T03:05:12.482Z","BUFFER":"2B5243563A3131312C090304005F8C782703"}
{"DTUID":"111","SENSORID":9,"FUNCID":3,"NDATA":2,"SENSORTYPE":"PWR-METER-POWER","RCV_BYTES":["005F","8CA0"],"DATAS":[95,-29536],"DATAS1":[],"DATAS2":[],"TIMESTAMP":"2025-07-04T03:10:12.504Z","BUFFER":"2B5243563A3131312C090304005F8CA02759"}
{"DTUID":"111","SENSORID":9,"FUNCID":3,"NDATA":2,"SENSORTYPE":"PWR-METER-POWER","RCV_BYTES":["005F","8CA0"],"DATAS":[95,-29536],"DATAS1":[],"DATAS2":[],"TIMESTAMP":"2025-07-04T03:15:11.203Z","BUFFER":"2B5243563A3131312C090304005F8CA02759"}
{"DTUID":"111","SENSORID":9,"FUNCID":3,"NDATA":2,"SENSORTYPE":"PWR-METER-POWER","RCV_BYTES":["005F","8CA0"],"DATAS":[95,-29536],"DATAS1":[],"DATAS2":[],"TIMESTAMP":"2025-07-04T03:20:13.002Z","BUFFER":"2B5243563A3131312C090304005F8CA02759"}
{"DTUID":"111","SENSORID":9,"FUNCID":3,"NDATA":2,"SENSORTYPE":"PWR-METER-POWER","RCV_BYTES":["005F","8CA0"],"DATAS":[95,-29536],"DATAS1":[],"DATAS2":[],"TIMESTAMP":"2025-07-04T03:25:12.543Z","BUFFER":"2B5243563A3131312C090304005F8CA02759"}
{"DTUID":"111","SENSORID":9,"FUNCID":3,"NDATA":2,"SENSORTYPE":"PWR-METER-POWER","RCV_BYTES":["005F","9213"],"DATAS":[95,-28141],"DATAS1":[],"DATAS2":[],"TIMESTAMP":"2025-07-05T05:03:24.141Z","BUFFER":"2B5243563A3131312C090304005F92136F4C"}
{"DTUID":"111","SENSORID":9,"FUNCID":3,"NDATA":2,"SENSORTYPE":"PWR-METER-POWER","RCV_BYTES":["005F","91F0"],"DATAS":[95,-28176],"DATAS1":[],"DATAS2":[],"TIMESTAMP":"2025-07-05T05:05:11.783Z","BUFFER":"2B5243563A3131312C090304005F91F02E35"}
{"DTUID":"111","SENSORID":9,"FUNCID":3,"NDATA":2,"SENSORTYPE":"PWR-METER-POWER","RCV_BYTES":["005F","9218"],"DATAS":[95,-28136],"DATAS1":[],"DATAS2":[],"TIMESTAMP":"2025-07-05T05:10:14.820Z","BUFFER":"2B5243563A3131312C090304005F92182E8B"}
{"DTUID":"111","SENSORID":9,"FUNCID":3,"NDATA":2,"SENSORTYPE":"PWR-METER-POWER","RCV_BYTES":["005F","9218"],"DATAS":[95,-28136],"DATAS1":[],"DATAS2":[],"TIMESTAMP":"2025-07-05T05:15:15.024Z","BUFFER":"2B5243563A3131312C090304005F92182E8B"}
{"DTUID":"111","SENSORID":9,"FUNCID":3,"NDATA":2,"SENSORTYPE":"PWR-METER-POWER","RCV_BYTES":["005F","9218"],"DATAS":[95,-28136],"DATAS1":[],"DATAS2":[],"TIMESTAMP":"2025-07-05T05:20:14.119Z","BUFFER":"2B5243563A3131312C090304005F92182E8B"}
{"DTUID":"111","SENSORID":9,"FUNCID":3,"NDATA":2,"SENSORTYPE":"PWR-METER-POWER","RCV_BYTES":["005F","9218"],"DATAS":[95,-28136],"DATAS1":[],"DATAS2":[],"TIMESTAMP":"2025-07-05T05:25:24.004Z","BUFFER":"2B5243563A3131312C090304005F92182E8B"}
{"DTUID":"111","SENSORID":9,"FUNCID":3,"NDATA":2,"SENSORTYPE":"PWR-METER-POWER","RCV_BYTES":["005F","9218"],"DATAS":[95,-28136],"DATAS1":[],"DATAS2":[],"TIMESTAMP":"2025-07-05T05:30:14.259Z","BUFFER":"2B5243563A3131312C090304005F92182E8B"}
{"DTUID":"111","SENSORID":9,"FUNCID":3,"NDATA":2,"SENSORTYPE":"PWR-METER-POWER","RCV_BYTES":["005F","9218"],"DATAS":[95,-28136],"DATAS1":[],"DATAS2":[],"TIMESTAMP":"2025-07-05T05:35:13.766Z","BUFFER":"2B5243563A3131312C090304005F92182E8B"}
{"DTUID":"111","SENSORID":9,"FUNCID":3,"NDATA":2,"SENSORTYPE":"PWR-METER-POWER","RCV_BYTES":["005F","9218"],"DATAS":[95,-28136],"DATAS1":[],"DATAS2":[],"TIMESTAMP":"2025-07-05T05:40:14.060Z","BUFFER":"2B5243563A3131312C090304005F92182E8B"}
{"DTUID":"111","SENSORID":9,"FUNCID":3,"NDATA":2,"SENSORTYPE":"PWR-METER-POWER","RCV_BYTES":["005F","9218"],"DATAS":[95,-28136],"DATAS1":[],"DATAS2":[],"TIMESTAMP":"2025-07-05T05:45:12.382Z","BUFFER":"2B5243563A3131312C090304005F92182E8B"}
{"DTUID":"111","SENSORID":9,"FUNCID":3,"NDATA":2,"SENSORTYPE":"PWR-METER-POWER","RCV_BYTES":["005F","9240"],"DATAS":[95,-28096],"DATAS1":[],"DATAS2":[],"TIMESTAMP":"2025-07-05T05:50:14.440Z","BUFFER":"2B5243563A3131312C090304005F92402F71"}
{"DTUID":"111","SENSORID":9,"FUNCID":3,"NDATA":2,"SENSORTYPE":"PWR-METER-POWER","RCV_BYTES":["005F","9240"],"DATAS":[95,-28096],"DATAS1":[],"DATAS2":[],"TIMESTAMP":"2025-07-05T05:55:58.162Z","BUFFER":"2B5243563A3131312C090304005F92402F71"}
{"DTUID":"111","SENSORID":9,"FUNCID":3,"NDATA":2,"SENSORTYPE":"PWR-METER-POWER","RCV_BYTES":["005F","9240"],"DATAS":[95,-28096],"DATAS1":[],"DATAS2":[],"TIMESTAMP":"2025-07-05T06:00:13.911Z","BUFFER":"2B5243563A3131312C090304005F92402F71"}
{"DTUID":"111","SENSORID":9,"FUNCID":3,"NDATA":2,"SENSORTYPE":"PWR-METER-POWER","RCV_BYTES":["005F","9240"],"DATAS":[95,-28096],"DATAS1":[],"DATAS2":[],"TIMESTAMP":"2025-07-05T06:05:11.562Z","BUFFER":"2B5243563A3131312C090304005F92402F71"}
{"DTUID":"111","SENSORID":9,"FUNCID":3,"NDATA":2,"SENSORTYPE":"PWR-METER-POWER","RCV_BYTES":["005F","9240"],"DATAS":[95,-28096],"DATAS1":[],"DATAS2":[],"TIMESTAMP":"2025-07-05T06:10:13.845Z","BUFFER":"2B5243563A3131312C090304005F92402F71"}
{"DTUID":"111","SENSORID":9,"FUNCID":3,"NDATA":2,"SENSORTYPE":"PWR-METER-POWER","RCV_BYTES":["005F","9240"],"DATAS":[95,-28096],"DATAS1":[],"DATAS2":[],"TIMESTAMP":"2025-07-05T06:15:15.716Z","BUFFER":"2B5243563A3131312C090304005F92402F71"}
{"DTUID":"111","SENSORID":9,"FUNCID":3,"NDATA":2,"SENSORTYPE":"PWR-METER-POWER","RCV_BYTES":["005F","9240"],"DATAS":[95,-28096],"DATAS1":[],"DATAS2":[],"TIMESTAMP":"2025-07-05T06:20:14.100Z","BUFFER":"2B5243563A3131312C090304005F92402F71"}
{"DTUID":"111","SENSORID":9,"FUNCID":3,"NDATA":2,"SENSORTYPE":"PWR-METER-POWER","RCV_BYTES":["005F","9268"],"DATAS":[95,-28056],"DATAS1":[],"DATAS2":[],"TIMESTAMP":"2025-07-05T06:25:11.800Z","BUFFER":"2B5243563A3131312C090304005F92682F6F"}
{"DTUID":"111","SENSORID":9,"FUNCID":3,"NDATA":2,"SENSORTYPE":"PWR-METER-POWER","RCV_BYTES":["005F","9268"],"DATAS":[95,-28056],"DATAS1":[],"DATAS2":[],"TIMESTAMP":"2025-07-05T06:30:12.580Z","BUFFER":"2B5243563A3131312C090304005F92682F6F"}
{"DTUID":"111","SENSORID":9,"FUNCID":3,"NDATA":2,"SENSORTYPE":"PWR-METER-POWER","RCV_BYTES":["005F","9272"],"DATAS":[95,-28046],"DATAS1":[],"DATAS2":[],"TIMESTAMP":"2025-07-05T06:33:40.400Z","BUFFER":"2B5243563A3131312C090304005F9272AEA4"}
{"DTUID":"111","SENSORID":9,"FUNCID":3,"NDATA":2,"SENSORTYPE":"PWR-METER-POWER","RCV_BYTES":["005F","9268"],"DATAS":[95,-28056],"DATAS1":[],"DATAS2":[],"TIMESTAMP":"2025-07-05T06:35:56.739Z","BUFFER":"2B5243563A3131312C090304005F92682F6F"}
{"DTUID":"111","SENSORID":9,"FUNCID":3,"NDATA":2,"SENSORTYPE":"PWR-METER-POWER","RCV_BYTES":["005F","9268"],"DATAS":[95,-28056],"DATAS1":[],"DATAS2":[],"TIMESTAMP":"2025-07-05T06:40:14.179Z","BUFFER":"2B5243563A3131312C090304005F92682F6F"}
{"DTUID":"111","SENSORID":9,"FUNCID":3,"NDATA":2,"SENSORTYPE":"PWR-METER-POWER","RCV_BYTES":["005F","927D"],"DATAS":[95,-28035],"DATAS1":[],"DATAS2":[],"TIMESTAMP":"2025-07-05T06:43:24.099Z","BUFFER":"2B5243563A3131312C090304005F927DEEA0"}
{"DTUID":"111","SENSORID":9,"FUNCID":3,"NDATA":2,"SENSORTYPE":"PWR-METER-POWER","RCV_BYTES":["005F","9268"],"DATAS":[95,-28056],"DATAS1":[],"DATAS2":[],"TIMESTAMP":"2025-07-05T06:45:11.540Z","BUFFER":"2B5243563A3131312C090304005F92682F6F"}
{"DTUID":"111","SENSORID":9,"FUNCID":3,"NDATA":2,"SENSORTYPE":"PWR-METER-POWER","RCV_BYTES":["005F","9268"],"DATAS":[95,-28056],"DATAS1":[],"DATAS2":[],"TIMESTAMP":"2025-07-05T06:50:13.181Z","BUFFER":"2B5243563A3131312C090304005F92682F6F"}
{"DTUID":"111","SENSORID":9,"FUNCID":3,"NDATA":2,"SENSORTYPE":"PWR-METER-POWER","RCV_BYTES":["005F","9268"],"DATAS":[95,-28056],"DATAS1":[],"DATAS2":[],"TIMESTAMP":"2025-07-05T06:55:12.194Z","BUFFER":"2B5243563A3131312C090304005F92682F6F"}
{"DTUID":"111","SENSORID":9,"FUNCID":3,"NDATA":2,"SENSORTYPE":"PWR-METER-POWER","RCV_BYTES":["005F","9268"],"DATAS":[95,-28056],"DATAS1":[],"DATAS2":[],"TIMESTAMP":"2025-07-05T07:00:14.355Z","BUFFER":"2B5243563A3131312C090304005F92682F6F"}
{"DTUID":"111","SENSORID":9,"FUNCID":3,"NDATA":2,"SENSORTYPE":"PWR-METER-POWER","RCV_BYTES":["005F","9292"],"DATAS":[95,-28014],"DATAS1":[],"DATAS2":[],"TIMESTAMP":"2025-07-05T07:03:25.376Z","BUFFER":"2B5243563A3131312C090304005F9292AF2C"}
{"DTUID":"111","SENSORID":9,"FUNCID":3,"NDATA":2,"SENSORTYPE":"PWR-METER-POWER","RCV_BYTES":["005F","9290"],"DATAS":[95,-28016],"DATAS1":[],"DATAS2":[],"TIMESTAMP":"2025-07-05T07:05:12.020Z","BUFFER":"2B5243563A3131312C090304005F92902EED"}
{"DTUID":"111","SENSORID":9,"FUNCID":3,"NDATA":2,"SENSORTYPE":"PWR-METER-POWER","RCV_BYTES":["005F","9290"],"DATAS":[95,-28016],"DATAS1":[],"DATAS2":[],"TIMESTAMP":"2025-07-05T07:10:14.540Z","BUFFER":"2B5243563A3131312C090304005F92902EED"}
{"DTUID":"111","SENSORID":9,"FUNCID":3,"NDATA":2,"SENSORTYPE":"PWR-METER-POWER","RCV_BYTES":["005F","9290"],"DATAS":[95,-28016],"DATAS1":[],"DATAS2":[],"TIMESTAMP":"2025-07-05T07:15:11.720Z","BUFFER":"2B5243563A3131312C090304005F92902EED"}
{"DTUID":"111","SENSORID":9,"FUNCID":3,"NDATA":2,"SENSORTYPE":"PWR-METER-POWER","RCV_BYTES":["005F","9290"],"DATAS":[95,-28016],"DATAS1":[],"DATAS2":[],"TIMESTAMP":"2025-07-05T07:20:14.141Z","BUFFER":"2B5243563A3131312C090304005F92902EED"}
{"DTUID":"111","SENSORID":9,"FUNCID":3,"NDATA":2,"SENSORTYPE":"PWR-METER-POWER","RCV_BYTES":["005F","9290"],"DATAS":[95,-28016],"DATAS1":[],"DATAS2":[],"TIMESTAMP":"2025-07-05T07:25:13.840Z","BUFFER":"2B5243563A3131312C090304005F92902EED"}
{"DTUID":"111","SENSORID":9,"FUNCID":3,"NDATA":2,"SENSORTYPE":"PWR-METER-POWER","RCV_BYTES":["005F","9290"],"DATAS":[95,-28016],"DATAS1":[],"DATAS2":[],"TIMESTAMP":"2025-07-05T07:30:15.060Z","BUFFER":"2B5243563A3131312C090304005F92902EED"}
