{"TYPE":"WISENSOR","DTU":"B0-1D-93-38-3B-83","NAME":"BOT ROOM 1","GROUP":"BOT 1","TIMESTAMP":"2025-05-07T22:28:41.729Z","TEMP":"21.81","RH":"82","MESSAGE":"[BOT ROOM 1] RH=82% > 80%"}
{"TYPE":"WISENSOR","DTU":"B0-1D-93-38-3B-83","NAME":"BOT ROOM 1","GROUP":"BOT 1","TIMESTAMP":"2025-05-08T01:20:00.570Z","TEMP":"22.41","RH":"82","MESSAGE":"[BOT ROOM 1] RH=82% > 80%"}
{"TYPE":"DIFF PRESS","DTU":4371,"NAME":"BOT ROOM 1","GROUP":"BOT 1","TIMESTAMP":"2025-05-11T15:23:03.365Z","PRESSURE":67378305,"MESSAGE":"[BOT ROOM 1] PRESS=67378305 > 30 PA"}
{"TYPE":"DIFF PRESS","DTU":3553,"NAME":"BOT ROOM 2","GROUP":"BOT 2","TIMESTAMP":"2025-05-16T08:09:58.480Z","PRESSURE":36.5,"MESSAGE":"[BOT ROOM 2] PRESS=36.5 > 30 PA"}
{"TYPE":"DIFF PRESS","DTU":3553,"NAME":"BOT ROOM 2","GROUP":"BOT 2","TIMESTAMP":"2025-05-16T08:29:59.216Z","PRESSURE":35.4,"MESSAGE":"[BOT ROOM 2] PRESS=35.4 > 30 PA"}
{"TYPE":"DIFF PRESS","DTU":3553,"NAME":"BOT ROOM 2","GROUP":"BOT 2","TIMESTAMP":"2025-05-16T08:39:59.548Z","PRESSURE":34.3,"MESSAGE":"[BOT ROOM 2] PRESS=34.3 > 30 PA"}
{"TYPE":"DIFF PRESS","DTU":3553,"NAME":"BOT ROOM 2","GROUP":"BOT 2","TIMESTAMP":"2025-05-16T08:49:59.923Z","PRESSURE":36,"MESSAGE":"[BOT ROOM 2] PRESS=36 > 30 PA"}
{"TYPE":"WISENSOR","DTU":"B0-9E-D7-03-31-68","NAME":"BOT ROOM 2","GROUP":"BOT 2","TIMESTAMP":"2025-05-16T09:36:52.125Z","TEMP":"21.80","RH":"89","MESSAGE":"[BOT ROOM 2] RH=89% > 80%"}
{"TYPE":"WISENSOR","DTU":"B0-D3-35-4E-A4-26","NAME":"GOT ROOM 1","GROUP":"GOT 1","TIMESTAMP":"2025-05-16T09:39:38.917Z","TEMP":"20.83","RH":"91","MESSAGE":"[GOT ROOM 1] RH=91% > 80%"}
{"TYPE":"WISENSOR","DTU":"B0-D3-35-4E-A4-26","NAME":"GOT ROOM 1","GROUP":"GOT 1","TIMESTAMP":"2025-05-16T09:49:47.533Z","TEMP":"21.06","RH":"92","MESSAGE":"[GOT ROOM 1] RH=92% > 80%"}
{"TYPE":"DIFF PRESS","DTU":4371,"NAME":"BOT ROOM 1","GROUP":"BOT 1","TIMESTAMP":"2025-05-17T15:29:00.499Z","PRESSURE":45.1,"MESSAGE":"[BOT ROOM 1] PRESS=45.1 > 30 PA"}
{"TYPE":"DIFF PRESS","DTU":4371,"NAME":"BOT ROOM 1","GROUP":"BOT 1","TIMESTAMP":"2025-05-17T15:39:00.857Z","PRESSURE":46.9,"MESSAGE":"[BOT ROOM 1] PRESS=46.9 > 30 PA"}
{"TYPE":"DIFF PRESS","DTU":4371,"NAME":"BOT ROOM 1","GROUP":"BOT 1","TIMESTAMP":"2025-05-17T15:49:01.227Z","PRESSURE":45.7,"MESSAGE":"[BOT ROOM 1] PRESS=45.7 > 30 PA"}
{"TYPE":"DIFF PRESS","DTU":4371,"NAME":"BOT ROOM 1","GROUP":"BOT 1","TIMESTAMP":"2025-05-17T15:59:01.527Z","PRESSURE":46.4,"MESSAGE":"[BOT ROOM 1] PRESS=46.4 > 30 PA"}
{"TYPE":"DIFF PRESS","DTU":4371,"NAME":"BOT ROOM 1","GROUP":"BOT 1","TIMESTAMP":"2025-05-17T16:09:01.879Z","PRESSURE":46.3,"MESSAGE":"[BOT ROOM 1] PRESS=46.3 > 30 PA"}
{"TYPE":"DIFF PRESS","DTU":4371,"NAME":"BOT ROOM 1","GROUP":"BOT 1","TIMESTAMP":"2025-05-17T16:19:02.214Z","PRESSURE":45.7,"MESSAGE":"[BOT ROOM 1] PRESS=45.7 > 30 PA"}
{"TYPE":"DIFF PRESS","DTU":4371,"NAME":"BOT ROOM 1","GROUP":"BOT 1","TIMESTAMP":"2025-05-17T16:29:02.711Z","PRESSURE":46.5,"MESSAGE":"[BOT ROOM 1] PRESS=46.5 > 30 PA"}
{"TYPE":"DIFF PRESS","DTU":4371,"NAME":"BOT ROOM 1","GROUP":"BOT 1","TIMESTAMP":"2025-05-17T16:39:03.063Z","PRESSURE":46,"MESSAGE":"[BOT ROOM 1] PRESS=46 > 30 PA"}
{"TYPE":"DIFF PRESS","DTU":4371,"NAME":"BOT ROOM 1","GROUP":"BOT 1","TIMESTAMP":"2025-05-17T16:49:03.433Z","PRESSURE":39.9,"MESSAGE":"[BOT ROOM 1] PRESS=39.9 > 30 PA"}
{"TYPE":"DIFF PRESS","DTU":4371,"NAME":"BOT ROOM 1","GROUP":"BOT 1","TIMESTAMP":"2025-05-17T16:59:03.730Z","PRESSURE":40.1,"MESSAGE":"[BOT ROOM 1] PRESS=40.1 > 30 PA"}

{"TYPE":"DIFF PRESS","DTU":3553,"NAME":"BOT ROOM 2","GROUP":"BOT 2","TIMESTAMP":"2025-06-17T01:10:15.471Z","PRESSURE":21.1,"MESSAGE":"[BOT ROOM 2] PRESS=21.1 > 15 PA"}
{"TYPE":"DIFF PRESS","DTU":6937,"NAME":"GOT ROOM 1","GROUP":"GOT 1","TIMESTAMP":"2025-06-17T01:14:48.373Z","PRESSURE":21.8,"MESSAGE":"[GOT ROOM 1] PRESS=21.8 > 15 PA"}
{"TYPE":"DIFF PRESS","DTU":4371,"NAME":"BOT ROOM 1","GROUP":"BOT 1","TIMESTAMP":"2025-06-17T01:18:07.439Z","PRESSURE":26,"MESSAGE":"[BOT ROOM 1] PRESS=26 > 15 PA"}
{"TYPE":"DIFF PRESS","DTU":6938,"NAME":"GOT ROOM 2","GROUP":"GOT 2","TIMESTAMP":"2025-06-17T01:18:44.901Z","PRESSURE":26.9,"MESSAGE":"[GOT ROOM 2] PRESS=26.9 > 15 PA"}
{"TYPE":"WISENSOR","DTU":"B0-1D-93-38-3B-83","NAME":"BOT ROOM 1","GROUP":"BOT 1","TIMESTAMP":"2025-06-17T01:23:03.608Z","TEMP":"21.03","RH":"52","MESSAGE":"[BOT ROOM 1] TEMP=21.030 > 15C RH=52% > 30%"}
{"TYPE":"WISENSOR","DTU":"B0-D3-35-4E-A4-26","NAME":"GOT ROOM 1","GROUP":"GOT 1","TIMESTAMP":"2025-06-17T01:25:34.562Z","TEMP":"19.17","RH":"60","MESSAGE":"[GOT ROOM 1] TEMP=19.170 > 15C RH=60% > 30%"}
{"TYPE":"WISENSOR","DTU":"B0-C8-55-84-AD-31","NAME":"GOT ROOM 2","GROUP":"GOT 2","TIMESTAMP":"2025-06-17T01:27:24.565Z","TEMP":"19.73","RH":"58","MESSAGE":"[GOT ROOM 2] TEMP=19.730 > 15C RH=58% > 30%"}
{"TYPE":"WISENSOR","DTU":"B0-9E-D7-03-31-68","NAME":"BOT ROOM 2","GROUP":"BOT 2","TIMESTAMP":"2025-06-17T01:27:30.238Z","TEMP":"20.47","RH":"53","MESSAGE":"[BOT ROOM 2] TEMP=20.470 > 15C RH=53% > 30%"}
{"TYPE":"DIFF PRESS","DTU":4371,"NAME":"BOT ROOM 1","GROUP":"BOT 1","TIMESTAMP":"2025-06-17T03:18:12.556Z","PRESSURE":33.3,"MESSAGE":"[BOT ROOM 1] PRESS=33.3 > 30 PA"}
{"TYPE":"DIFF PRESS","DTU":6938,"NAME":"GOT ROOM 2","GROUP":"GOT 2","TIMESTAMP":"2025-06-17T18:26:46.379Z","PRESSURE":7973408,"MESSAGE":"[GOT ROOM 2] PRESS=7973408 > 30 PA"}
{"TYPE":"DIFF PRESS","DTU":6938,"NAME":"GOT ROOM 2","GROUP":"GOT 2","TIMESTAMP":"2025-06-17T19:26:48.169Z","PRESSURE":8104992,"MESSAGE":"[GOT ROOM 2] PRESS=8104992 > 30 PA"}
{"TYPE":"DIFF PRESS","DTU":6938,"NAME":"GOT ROOM 2","GROUP":"GOT 2","TIMESTAMP":"2025-06-17T21:26:51.757Z","PRESSURE":8104992,"MESSAGE":"[GOT ROOM 2] PRESS=8104992 > 30 PA"}
{"TYPE":"DIFF PRESS","DTU":3553,"NAME":"BOT ROOM 2","GROUP":"BOT 2","TIMESTAMP":"2025-06-17T21:41:07.945Z","PRESSURE":23.6,"MESSAGE":"[BOT ROOM 2] PRESS=23.6 > 15 PA"}
{"TYPE":"DIFF PRESS","DTU":6937,"NAME":"GOT ROOM 1","GROUP":"GOT 1","TIMESTAMP":"2025-06-17T21:45:26.148Z","PRESSURE":23,"MESSAGE":"[GOT ROOM 1] PRESS=23 > 15 PA"}
{"TYPE":"WISENSOR","DTU":"B0-D3-35-4E-A4-26","NAME":"GOT ROOM 1","GROUP":"GOT 1","TIMESTAMP":"2025-06-17T21:48:42.403Z","TEMP":"19.11","RH":"64","MESSAGE":"[GOT ROOM 1] TEMP=19.110 > 15C RH=64% > 30%"}
{"TYPE":"DIFF PRESS","DTU":4371,"NAME":"BOT ROOM 1","GROUP":"BOT 1","TIMESTAMP":"2025-06-17T21:48:59.745Z","PRESSURE":28.3,"MESSAGE":"[BOT ROOM 1] PRESS=28.3 > 15 PA"}
{"TYPE":"DIFF PRESS","DTU":6938,"NAME":"GOT ROOM 2","GROUP":"GOT 2","TIMESTAMP":"2025-06-17T21:49:21.794Z","PRESSURE":20.8,"MESSAGE":"[GOT ROOM 2] PRESS=20.8 > 15 PA"}
{"TYPE":"WISENSOR","DTU":"B0-9E-D7-03-31-68","NAME":"BOT ROOM 2","GROUP":"BOT 2","TIMESTAMP":"2025-06-17T21:50:23.106Z","TEMP":"20.33","RH":"56","MESSAGE":"[BOT ROOM 2] TEMP=20.330 > 15C RH=56% > 30%"}
{"TYPE":"WISENSOR","DTU":"B0-1D-93-38-3B-83","NAME":"BOT ROOM 1","GROUP":"BOT 1","TIMESTAMP":"2025-06-17T21:51:48.090Z","TEMP":"20.76","RH":"57","MESSAGE":"[BOT ROOM 1] TEMP=20.760 > 15C RH=57% > 31%"}
{"TYPE":"WISENSOR","DTU":"B0-C8-55-84-AD-31","NAME":"GOT ROOM 2","GROUP":"GOT 2","TIMESTAMP":"2025-06-17T21:55:06.390Z","TEMP":"18.77","RH":"61","MESSAGE":"[GOT ROOM 2] TEMP=18.770 > 15C RH=61% > 30%"}
{"TYPE":"DIFF PRESS","DTU":3553,"NAME":"BOT ROOM 2","GROUP":"BOT 2","TIMESTAMP":"2025-06-17T22:31:10.076Z","PRESSURE":23.9,"MESSAGE":"[BOT ROOM 2] PRESS=23.9 > 15 PA"}
{"TYPE":"WISENSOR","DTU":"B0-C8-55-84-AD-31","NAME":"GOT ROOM 2","GROUP":"GOT 2","TIMESTAMP":"2025-06-17T22:35:26.454Z","TEMP":"18.61","RH":"57","MESSAGE":"[GOT ROOM 2] TEMP=18.610 > 15C RH=57% > 30%"}
{"TYPE":"DIFF PRESS","DTU":4371,"NAME":"BOT ROOM 1","GROUP":"BOT 1","TIMESTAMP":"2025-06-17T22:59:02.787Z","PRESSURE":28.4,"MESSAGE":"[BOT ROOM 1] PRESS=28.4 > 15 PA"}
{"TYPE":"DIFF PRESS","DTU":4371,"NAME":"BOT ROOM 1","GROUP":"BOT 1","TIMESTAMP":"2025-06-18T01:39:09.567Z","PRESSURE":27.1,"MESSAGE":"[BOT ROOM 1] PRESS=27.1 > 15 PA"}
{"TYPE":"WISENSOR","DTU":"B0-9E-D7-03-31-68","NAME":"BOT ROOM 2","GROUP":"BOT 2","TIMESTAMP":"2025-06-18T01:41:11.364Z","TEMP":"20.34","RH":"52","MESSAGE":"[BOT ROOM 2] TEMP=20.340 > 15C RH=52% > 30%"}
{"TYPE":"DIFF PRESS","DTU":3553,"NAME":"BOT ROOM 2","GROUP":"BOT 2","TIMESTAMP":"2025-06-18T01:41:18.229Z","PRESSURE":18,"MESSAGE":"[BOT ROOM 2] PRESS=18 > 15 PA"}
{"TYPE":"WISENSOR","DTU":"B0-1D-93-38-3B-83","NAME":"BOT ROOM 1","GROUP":"BOT 1","TIMESTAMP":"2025-06-18T01:43:02.462Z","TEMP":"20.95","RH":"52","MESSAGE":"[BOT ROOM 1] TEMP=20.950 > 15C RH=52% > 31%"}
{"TYPE":"WISENSOR","DTU":"B0-C8-55-84-AD-31","NAME":"GOT ROOM 2","GROUP":"GOT 2","TIMESTAMP":"2025-06-18T01:46:14.900Z","TEMP":"19.74","RH":"56","MESSAGE":"[GOT ROOM 2] TEMP=19.740 > 15C RH=56% > 30%"}
{"TYPE":"DIFF PRESS","DTU":4371,"NAME":"BOT ROOM 1","GROUP":"BOT 1","TIMESTAMP":"2025-06-18T01:49:10.088Z","PRESSURE":25.7,"MESSAGE":"[BOT ROOM 1] PRESS=25.7 > 15 PA"}
{"TYPE":"DIFF PRESS","DTU":6938,"NAME":"GOT ROOM 2","GROUP":"GOT 2","TIMESTAMP":"2025-06-18T01:49:29.235Z","PRESSURE":15.6,"MESSAGE":"[GOT ROOM 2] PRESS=15.6 > 15 PA"}
{"TYPE":"WISENSOR","DTU":"B0-9E-D7-03-31-68","NAME":"BOT ROOM 2","GROUP":"BOT 2","TIMESTAMP":"2025-06-18T01:51:08.543Z","TEMP":"20.42","RH":"52","MESSAGE":"[BOT ROOM 2] TEMP=20.420 > 15C RH=52% > 30%"}
{"TYPE":"DIFF PRESS","DTU":3553,"NAME":"BOT ROOM 2","GROUP":"BOT 2","TIMESTAMP":"2025-06-18T01:51:18.703Z","PRESSURE":20.6,"MESSAGE":"[BOT ROOM 2] PRESS=20.6 > 15 PA"}
{"TYPE":"WISENSOR","DTU":"B0-D3-35-4E-A4-26","NAME":"GOT ROOM 1","GROUP":"GOT 1","TIMESTAMP":"2025-06-18T01:51:32.101Z","TEMP":"18.89","RH":"58","MESSAGE":"[GOT ROOM 1] TEMP=18.890 > 15C RH=58% > 30%"}
{"TYPE":"WISENSOR","DTU":"B0-1D-93-38-3B-83","NAME":"BOT ROOM 1","GROUP":"BOT 1","TIMESTAMP":"2025-06-18T01:53:10.649Z","TEMP":"20.95","RH":"52","MESSAGE":"[BOT ROOM 1] TEMP=20.950 > 15C RH=52% > 31%"}
{"TYPE":"WISENSOR","DTU":"B0-C8-55-84-AD-31","NAME":"GOT ROOM 2","GROUP":"GOT 2","TIMESTAMP":"2025-06-18T01:56:23.581Z","TEMP":"19.81","RH":"56","MESSAGE":"[GOT ROOM 2] TEMP=19.810 > 15C RH=56% > 30%"}
{"TYPE":"DIFF PRESS","DTU":4371,"NAME":"BOT ROOM 1","GROUP":"BOT 1","TIMESTAMP":"2025-06-18T01:59:10.560Z","PRESSURE":26.2,"MESSAGE":"[BOT ROOM 1] PRESS=26.2 > 15 PA"}
{"TYPE":"DIFF PRESS","DTU":6938,"NAME":"GOT ROOM 2","GROUP":"GOT 2","TIMESTAMP":"2025-06-18T01:59:49.485Z","PRESSURE":15.8,"MESSAGE":"[GOT ROOM 2] PRESS=15.8 > 15 PA"}
{"TYPE":"WISENSOR","DTU":"B0-9E-D7-03-31-68","NAME":"BOT ROOM 2","GROUP":"BOT 2","TIMESTAMP":"2025-06-18T02:01:11.945Z","TEMP":"20.41","RH":"52","MESSAGE":"[BOT ROOM 2] TEMP=20.410 > 15C RH=52% > 30%"}
{"TYPE":"DIFF PRESS","DTU":6938,"NAME":"GOT ROOM 2","GROUP":"GOT 2","TIMESTAMP":"2025-06-18T04:59:34.947Z","PRESSURE":16.6,"MESSAGE":"[GOT ROOM 2] PRESS=16.6 > 15 PA"}
{"TYPE":"DIFF PRESS","DTU":3553,"NAME":"BOT ROOM 2","GROUP":"BOT 2","TIMESTAMP":"2025-06-18T05:01:26.778Z","PRESSURE":20.7,"MESSAGE":"[BOT ROOM 2] PRESS=20.7 > 15 PA"}
{"TYPE":"WISENSOR","DTU":"B0-9E-D7-03-31-68","NAME":"BOT ROOM 2","GROUP":"BOT 2","TIMESTAMP":"2025-06-18T05:01:31.820Z","TEMP":"20.56","RH":"53","MESSAGE":"[BOT ROOM 2] TEMP=20.560 > 15C RH=53% > 30%"}
{"TYPE":"WISENSOR","DTU":"B0-9E-D7-03-31-68","NAME":"BOT ROOM 2","GROUP":"BOT 2","TIMESTAMP":"2025-06-18T07:01:55.565Z","TEMP":"20.54","RH":"54","MESSAGE":"[BOT ROOM 2] TEMP=20.540 > 15C RH=54% > 30%"}
{"TYPE":"DIFF PRESS","DTU":4371,"NAME":"BOT ROOM 1","GROUP":"BOT 1","TIMESTAMP":"2025-06-18T07:09:23.818Z","PRESSURE":25.7,"MESSAGE":"[BOT ROOM 1] PRESS=25.7 > 15 PA"}
{"TYPE":"DIFF PRESS","DTU":3553,"NAME":"BOT ROOM 2","GROUP":"BOT 2","TIMESTAMP":"2025-06-18T07:11:32.457Z","PRESSURE":19.8,"MESSAGE":"[BOT ROOM 2] PRESS=19.8 > 15 PA"}
{"TYPE":"WISENSOR","DTU":"B0-9E-D7-03-31-68","NAME":"BOT ROOM 2","GROUP":"BOT 2","TIMESTAMP":"2025-06-18T07:11:58.205Z","TEMP":"20.57","RH":"54","MESSAGE":"[BOT ROOM 2] TEMP=20.570 > 15C RH=54% > 30%"}
{"TYPE":"WISENSOR","DTU":"B0-9E-D7-03-31-68","NAME":"BOT ROOM 2","GROUP":"BOT 2","TIMESTAMP":"2025-06-18T07:11:59.647Z","TEMP":"20.59","RH":"-95","MESSAGE":"[BOT ROOM 2] TEMP=20.590 > 15C"}
{"TYPE":"WISENSOR","DTU":"B0-1D-93-38-3B-83","NAME":"BOT ROOM 1","GROUP":"BOT 1","TIMESTAMP":"2025-06-18T07:15:44.456Z","TEMP":"20.84","RH":"53","MESSAGE":"[BOT ROOM 1] TEMP=20.840 > 15C RH=53% > 31%"}
{"TYPE":"DIFF PRESS","DTU":4371,"NAME":"BOT ROOM 1","GROUP":"BOT 1","TIMESTAMP":"2025-06-18T07:19:24.182Z","PRESSURE":25.4,"MESSAGE":"[BOT ROOM 1] PRESS=25.4 > 15 PA"}
{"TYPE":"DIFF PRESS","DTU":3553,"NAME":"BOT ROOM 2","GROUP":"BOT 2","TIMESTAMP":"2025-06-18T07:21:32.812Z","PRESSURE":20.9,"MESSAGE":"[BOT ROOM 2] PRESS=20.9 > 15 PA"}
{"TYPE":"WISENSOR","DTU":"B0-9E-D7-03-31-68","NAME":"BOT ROOM 2","GROUP":"BOT 2","TIMESTAMP":"2025-06-18T07:22:04.131Z","TEMP":"20.56","RH":"53","MESSAGE":"[BOT ROOM 2] TEMP=20.560 > 15C RH=53% > 30%"}
{"TYPE":"WISENSOR","DTU":"B0-1D-93-38-3B-83","NAME":"BOT ROOM 1","GROUP":"BOT 1","TIMESTAMP":"2025-06-18T07:25:46.509Z","TEMP":"20.80","RH":"53","MESSAGE":"[BOT ROOM 1] TEMP=20.800 > 15C RH=53% > 31%"}
{"TYPE":"DIFF PRESS","DTU":4371,"NAME":"BOT ROOM 1","GROUP":"BOT 1","TIMESTAMP":"2025-06-18T07:29:24.609Z","PRESSURE":25.2,"MESSAGE":"[BOT ROOM 1] PRESS=25.2 > 15 PA"}
{"TYPE":"DIFF PRESS","DTU":3553,"NAME":"BOT ROOM 2","GROUP":"BOT 2","TIMESTAMP":"2025-06-18T07:31:33.272Z","PRESSURE":20.4,"MESSAGE":"[BOT ROOM 2] PRESS=20.4 > 15 PA"}
{"TYPE":"WISENSOR","DTU":"B0-9E-D7-03-31-68","NAME":"BOT ROOM 2","GROUP":"BOT 2","TIMESTAMP":"2025-06-18T07:32:02.758Z","TEMP":"20.62","RH":"54","MESSAGE":"[BOT ROOM 2] TEMP=20.620 > 15C RH=54% > 30%"}
{"TYPE":"WISENSOR","DTU":"B0-1D-93-38-3B-83","NAME":"BOT ROOM 1","GROUP":"BOT 1","TIMESTAMP":"2025-06-18T07:35:52.966Z","TEMP":"20.81","RH":"53","MESSAGE":"[BOT ROOM 1] TEMP=20.810 > 15C RH=53% > 31%"}
{"TYPE":"DIFF PRESS","DTU":4371,"NAME":"BOT ROOM 1","GROUP":"BOT 1","TIMESTAMP":"2025-06-18T07:39:25.042Z","PRESSURE":22.3,"MESSAGE":"[BOT ROOM 1] PRESS=22.3 > 15 PA"}
{"TYPE":"DIFF PRESS","DTU":3553,"NAME":"BOT ROOM 2","GROUP":"BOT 2","TIMESTAMP":"2025-06-18T07:41:33.708Z","PRESSURE":19.9,"MESSAGE":"[BOT ROOM 2] PRESS=19.9 > 15 PA"}
{"TYPE":"WISENSOR","DTU":"B0-9E-D7-03-31-68","NAME":"BOT ROOM 2","GROUP":"BOT 2","TIMESTAMP":"2025-06-18T07:42:08.370Z","TEMP":"20.53","RH":"54","MESSAGE":"[BOT ROOM 2] TEMP=20.530 > 15C RH=54% > 30%"}
{"TYPE":"WISENSOR","DTU":"B0-1D-93-38-3B-83","NAME":"BOT ROOM 1","GROUP":"BOT 1","TIMESTAMP":"2025-06-18T07:46:01.094Z","TEMP":"20.91","RH":"53","MESSAGE":"[BOT ROOM 1] TEMP=20.910 > 15C RH=53% > 31%"}
{"TYPE":"DIFF PRESS","DTU":4371,"NAME":"BOT ROOM 1","GROUP":"BOT 1","TIMESTAMP":"2025-06-18T07:49:25.409Z","PRESSURE":4,"MESSAGE":"[BOT ROOM 1] PRESS=4 < 10 PA"}
{"TYPE":"DIFF PRESS","DTU":3553,"NAME":"BOT ROOM 2","GROUP":"BOT 2","TIMESTAMP":"2025-06-18T07:51:34.081Z","PRESSURE":20.5,"MESSAGE":"[BOT ROOM 2] PRESS=20.5 > 15 PA"}
{"TYPE":"WISENSOR","DTU":"B0-9E-D7-03-31-68","NAME":"BOT ROOM 2","GROUP":"BOT 2","TIMESTAMP":"2025-06-18T07:52:04.995Z","TEMP":"20.49","RH":"53","MESSAGE":"[BOT ROOM 2] TEMP=20.490 > 15C RH=53% > 30%"}
{"TYPE":"WISENSOR","DTU":"B0-1D-93-38-3B-83","NAME":"BOT ROOM 1","GROUP":"BOT 1","TIMESTAMP":"2025-06-18T07:56:02.168Z","TEMP":"20.63","RH":"52","MESSAGE":"[BOT ROOM 1] TEMP=20.630 > 15C RH=52% > 31%"}
{"TYPE":"WISENSOR","DTU":"B0-C8-55-84-AD-31","NAME":"GOT ROOM 2","GROUP":"GOT 2","TIMESTAMP":"2025-06-18T07:58:32.409Z","TEMP":"19.58","RH":"56","MESSAGE":"[GOT ROOM 2] TEMP=19.580 > 15C RH=56% > 30%"}
{"TYPE":"WISENSOR","DTU":"B0-D3-35-4E-A4-26","NAME":"GOT ROOM 1","GROUP":"GOT 1","TIMESTAMP":"2025-06-18T08:05:28.717Z","TEMP":"19.27","RH":"58","MESSAGE":"[GOT ROOM 1] TEMP=19.270 > 15C RH=58% > 30%"}
{"TYPE":"DIFF PRESS","DTU":6937,"NAME":"GOT ROOM 1","GROUP":"GOT 1","TIMESTAMP":"2025-06-18T08:05:45.273Z","PRESSURE":22.1,"MESSAGE":"[GOT ROOM 1] PRESS=22.1 > 15 PA"}
{"TYPE":"WISENSOR","DTU":"B0-C8-55-84-AD-31","NAME":"GOT ROOM 2","GROUP":"GOT 2","TIMESTAMP":"2025-06-18T08:08:33.920Z","TEMP":"19.52","RH":"56","MESSAGE":"[GOT ROOM 2] TEMP=19.520 > 15C RH=56% > 30%"}
{"TYPE":"DIFF PRESS","DTU":6938,"NAME":"GOT ROOM 2","GROUP":"GOT 2","TIMESTAMP":"2025-06-18T08:09:40.747Z","PRESSURE":20.1,"MESSAGE":"[GOT ROOM 2] PRESS=20.1 > 15 PA"}
{"TYPE":"WISENSOR","DTU":"B0-D3-35-4E-A4-26","NAME":"GOT ROOM 1","GROUP":"GOT 1","TIMESTAMP":"2025-06-18T08:15:30.448Z","TEMP":"19.32","RH":"58","MESSAGE":"[GOT ROOM 1] TEMP=19.320 > 15C RH=58% > 30%"}
{"TYPE":"DIFF PRESS","DTU":6937,"NAME":"GOT ROOM 1","GROUP":"GOT 1","TIMESTAMP":"2025-06-18T08:15:45.563Z","PRESSURE":22,"MESSAGE":"[GOT ROOM 1] PRESS=22 > 15 PA"}
{"TYPE":"WISENSOR","DTU":"B0-C8-55-84-AD-31","NAME":"GOT ROOM 2","GROUP":"GOT 2","TIMESTAMP":"2025-06-18T08:18:36.224Z","TEMP":"19.43","RH":"56","MESSAGE":"[GOT ROOM 2] TEMP=19.430 > 15C RH=56% > 30%"}
{"TYPE":"DIFF PRESS","DTU":6938,"NAME":"GOT ROOM 2","GROUP":"GOT 2","TIMESTAMP":"2025-06-18T08:19:41.038Z","PRESSURE":20.6,"MESSAGE":"[GOT ROOM 2] PRESS=20.6 > 15 PA"}
{"TYPE":"WISENSOR","DTU":"B0-1D-93-38-3B-83","NAME":"BOT ROOM 1","GROUP":"BOT 1","TIMESTAMP":"2025-06-20T12:38:24.978Z","TEMP":"22.52","RH":"91","MESSAGE":"[BOT ROOM 1] RH=91% > 80%"}
{"TYPE":"WISENSOR","DTU":"B0-1D-93-38-3B-83","NAME":"BOT ROOM 1","GROUP":"BOT 1","TIMESTAMP":"2025-06-20T12:48:31.259Z","TEMP":"21.98","RH":"87","MESSAGE":"[BOT ROOM 1] RH=87% > 80%"}
{"TYPE":"WISENSOR","DTU":"B0-1D-93-38-3B-83","NAME":"BOT ROOM 1","GROUP":"BOT 1","TIMESTAMP":"2025-06-21T02:54:18.938Z","TEMP":"21.62","RH":"86","MESSAGE":"[BOT ROOM 1] RH=86% > 80%"}
{"TYPE":"WISENSOR","DTU":"B0-1D-93-38-3B-83","NAME":"BOT ROOM 1","GROUP":"BOT 1","TIMESTAMP":"2025-06-21T03:04:21.343Z","TEMP":"21.57","RH":"86","MESSAGE":"[BOT ROOM 1] RH=86% > 80%"}
{"TYPE":"WISENSOR","DTU":"B0-1D-93-38-3B-83","NAME":"BOT ROOM 1","GROUP":"BOT 1","TIMESTAMP":"2025-06-21T03:24:36.294Z","TEMP":"21.62","RH":"88","MESSAGE":"[BOT ROOM 1] RH=88% > 80%"}
{"TYPE":"WISENSOR","DTU":"B0-1D-93-38-3B-83","NAME":"BOT ROOM 1","GROUP":"BOT 1","TIMESTAMP":"2025-06-21T03:34:38.045Z","TEMP":"21.44","RH":"87","MESSAGE":"[BOT ROOM 1] RH=87% > 80%"}
{"TYPE":"WISENSOR","DTU":"B0-1D-93-38-3B-83","NAME":"BOT ROOM 1","GROUP":"BOT 1","TIMESTAMP":"2025-06-21T03:44:41.280Z","TEMP":"21.54","RH":"86","MESSAGE":"[BOT ROOM 1] RH=86% > 80%"}
{"TYPE":"DIFF PRESS","DTU":3553,"NAME":"BOT ROOM 2","GROUP":"BOT 2","TIMESTAMP":"2025-06-21T03:54:31.493Z","PRESSURE":-201,"MESSAGE":"[BOT ROOM 2] PRESS=-201 < -200 PA"}
{"TYPE":"WISENSOR","DTU":"B0-1D-93-38-3B-83","NAME":"BOT ROOM 1","GROUP":"BOT 1","TIMESTAMP":"2025-06-21T04:04:51.588Z","TEMP":"21.32","RH":"88","MESSAGE":"[BOT ROOM 1] RH=88% > 80%"}
{"TYPE":"WISENSOR","DTU":"B0-1D-93-38-3B-83","NAME":"BOT ROOM 1","GROUP":"BOT 1","TIMESTAMP":"2025-06-21T04:14:55.620Z","TEMP":"21.40","RH":"87","MESSAGE":"[BOT ROOM 1] RH=87% > 80%"}
{"TYPE":"WISENSOR","DTU":"B0-1D-93-38-3B-83","NAME":"BOT ROOM 1","GROUP":"BOT 1","TIMESTAMP":"2025-06-21T04:25:01.508Z","TEMP":"21.47","RH":"88","MESSAGE":"[BOT ROOM 1] RH=88% > 80%"}
{"TYPE":"DIFF PRESS","DTU":6938,"NAME":"GOT ROOM 2","GROUP":"GOT 2","TIMESTAMP":"2025-06-21T08:29:21.798Z","PRESSURE":8104992,"MESSAGE":"[GOT ROOM 2] PRESS=8104992 > 30 PA"}
{"TYPE":"DIFF PRESS","DTU":6938,"NAME":"GOT ROOM 2","GROUP":"GOT 2","TIMESTAMP":"2025-06-21T09:29:23.664Z","PRESSURE":8104992,"MESSAGE":"[GOT ROOM 2] PRESS=8104992 > 30 PA"}
{"TYPE":"DIFF PRESS","DTU":6938,"NAME":"GOT ROOM 2","GROUP":"GOT 2","TIMESTAMP":"2025-06-21T12:29:29.105Z","PRESSURE":8434112,"MESSAGE":"[GOT ROOM 2] PRESS=8434112 > 30 PA"}
{"TYPE":"WISENSOR","DTU":"B0-1D-93-38-3B-83","NAME":"BOT ROOM 1","GROUP":"BOT 1","TIMESTAMP":"2025-06-25T07:44:34.544Z","TEMP":"21.96","RH":"85","MESSAGE":"[BOT ROOM 1] RH=85% > 80%"}
{"TYPE":"DIFF PRESS","DTU":6938,"NAME":"GOT ROOM 2","GROUP":"GOT 2","TIMESTAMP":"2025-06-25T17:32:36.390Z","PRESSURE":7973408,"MESSAGE":"[GOT ROOM 2] PRESS=7973408 > 30 PA"}
{"TYPE":"DIFF PRESS","DTU":4371,"NAME":"BOT ROOM 1","GROUP":"BOT 1","TIMESTAMP":"2025-06-25T18:06:22.986Z","PRESSURE":8104995,"MESSAGE":"[BOT ROOM 1] PRESS=8104995 > 30 PA"}
{"TYPE":"DIFF PRESS","DTU":6938,"NAME":"GOT ROOM 2","GROUP":"GOT 2","TIMESTAMP":"2025-06-25T20:32:42.078Z","PRESSURE":8104992,"MESSAGE":"[GOT ROOM 2] PRESS=8104992 > 30 PA"}
{"TYPE":"WISENSOR","DTU":"B0-1D-93-38-3B-83","NAME":"BOT ROOM 1","GROUP":"BOT 1","TIMESTAMP":"2025-06-25T22:31:03.341Z","TEMP":"21.65","RH":"83","MESSAGE":"[BOT ROOM 1] RH=83% > 80%"}
{"TYPE":"DIFF PRESS","DTU":6938,"NAME":"GOT ROOM 2","GROUP":"GOT 2","TIMESTAMP":"2025-06-25T23:32:49.059Z","PRESSURE":7973408,"MESSAGE":"[GOT ROOM 2] PRESS=7973408 > 30 PA"}
{"TYPE":"DIFF PRESS","DTU":4371,"NAME":"BOT ROOM 1","GROUP":"BOT 1","TIMESTAMP":"2025-06-26T01:06:41.862Z","PRESSURE":8302371,"MESSAGE":"[BOT ROOM 1] PRESS=8302371 > 30 PA"}
{"TYPE":"DIFF PRESS","DTU":3553,"NAME":"BOT ROOM 2","GROUP":"BOT 2","TIMESTAMP":"2025-06-30T14:44:47.892Z","PRESSURE":-206,"MESSAGE":"[BOT ROOM 2] PRESS=-206 < -200 PA"}
{"TYPE":"WISENSOR","DTU":"B0-1D-93-38-3B-83","NAME":"BOT ROOM 1","GROUP":"BOT 1","TIMESTAMP":"2025-06-30T14:50:42.509Z","TEMP":"21.33","RH":"88","MESSAGE":"[BOT ROOM 1] RH=88% > 80%"}
{"TYPE":"WISENSOR","DTU":"B0-1D-93-38-3B-83","NAME":"BOT ROOM 1","GROUP":"BOT 1","TIMESTAMP":"2025-07-12T02:46:03.500Z","TEMP":"21.40","RH":"88","MESSAGE":"[BOT ROOM 1] RH=88% > 80%"}
{"TYPE":"WISENSOR","DTU":"B0-9E-D7-03-31-68","NAME":"BOT ROOM 2","GROUP":"BOT 2","TIMESTAMP":"2025-07-14T01:25:00.039Z","TEMP":"20.20","RH":"56","MESSAGE":"[BOT ROOM 2] RH=56% > 50%"}
{"TYPE":"WISENSOR","DTU":"B0-D3-35-4E-A4-26","NAME":"GOT ROOM 1","GROUP":"GOT 1","TIMESTAMP":"2025-07-14T01:25:06.687Z","TEMP":"19.18","RH":"62","MESSAGE":"[GOT ROOM 1] RH=62% > 50%"}
{"TYPE":"WISENSOR","DTU":"B0-1D-93-38-3B-83","NAME":"BOT ROOM 1","GROUP":"BOT 1","TIMESTAMP":"2025-07-14T01:25:53.280Z","TEMP":"20.64","RH":"55","MESSAGE":"[BOT ROOM 1] RH=55% > 50%"}
{"TYPE":"WISENSOR","DTU":"B0-C8-55-84-AD-31","NAME":"GOT ROOM 2","GROUP":"GOT 2","TIMESTAMP":"2025-07-14T01:31:45.026Z","TEMP":"18.86","RH":"57","MESSAGE":"[GOT ROOM 2] RH=57% > 50%"}
{"TYPE":"WISENSOR","DTU":"B0-9E-D7-03-31-68","NAME":"BOT ROOM 2","GROUP":"BOT 2","TIMESTAMP":"2025-07-14T01:35:01.104Z","TEMP":"20.25","RH":"55","MESSAGE":"[BOT ROOM 2] RH=55% > 50%"}
{"TYPE":"WISENSOR","DTU":"B0-D3-35-4E-A4-26","NAME":"GOT ROOM 1","GROUP":"GOT 1","TIMESTAMP":"2025-07-14T01:35:10.629Z","TEMP":"18.91","RH":"63","MESSAGE":"[GOT ROOM 1] RH=63% > 50%"}
{"TYPE":"WISENSOR","DTU":"B0-1D-93-38-3B-83","NAME":"BOT ROOM 1","GROUP":"BOT 1","TIMESTAMP":"2025-07-14T01:35:59.236Z","TEMP":"20.55","RH":"55","MESSAGE":"[BOT ROOM 1] RH=55% > 50%"}
{"TYPE":"WISENSOR","DTU":"B0-C8-55-84-AD-31","NAME":"GOT ROOM 2","GROUP":"GOT 2","TIMESTAMP":"2025-07-14T01:41:53.488Z","TEMP":"18.79","RH":"57","MESSAGE":"[GOT ROOM 2] TEMP=18.790 > 15C RH=57% > 50%"}
{"TYPE":"WISENSOR","DTU":"B0-9E-D7-03-31-68","NAME":"BOT ROOM 2","GROUP":"BOT 2","TIMESTAMP":"2025-07-14T01:45:02.754Z","TEMP":"20.25","RH":"57","MESSAGE":"[BOT ROOM 2] TEMP=20.250 > 15C RH=57% > 50%"}
{"TYPE":"WISENSOR","DTU":"B0-D3-35-4E-A4-26","NAME":"GOT ROOM 1","GROUP":"GOT 1","TIMESTAMP":"2025-07-14T01:45:20.390Z","TEMP":"18.99","RH":"63","MESSAGE":"[GOT ROOM 1] TEMP=18.990 > 15C RH=63% > 50%"}
{"TYPE":"WISENSOR","DTU":"B0-1D-93-38-3B-83","NAME":"BOT ROOM 1","GROUP":"BOT 1","TIMESTAMP":"2025-07-14T01:46:08.262Z","TEMP":"20.80","RH":"54","MESSAGE":"[BOT ROOM 1] TEMP=20.800 > 15C RH=54% > 50%"}
{"TYPE":"DIFF PRESS","DTU":3553,"NAME":"BOT ROOM 2","GROUP":"BOT 2","TIMESTAMP":"2025-07-14T01:50:13.481Z","PRESSURE":20.8,"MESSAGE":"[BOT ROOM 2] PRESS=20.8 > 15 PA"}
{"TYPE":"WISENSOR","DTU":"B0-C8-55-84-AD-31","NAME":"GOT ROOM 2","GROUP":"GOT 2","TIMESTAMP":"2025-07-14T01:51:59.923Z","TEMP":"18.79","RH":"57","MESSAGE":"[GOT ROOM 2] TEMP=18.790 > 15C RH=57% > 50%"}
{"TYPE":"WISENSOR","DTU":"B0-9E-D7-03-31-68","NAME":"BOT ROOM 2","GROUP":"BOT 2","TIMESTAMP":"2025-07-14T01:55:02.434Z","TEMP":"20.29","RH":"56","MESSAGE":"[BOT ROOM 2] TEMP=20.290 > 15C RH=56% > 50%"}
{"TYPE":"WISENSOR","DTU":"B0-D3-35-4E-A4-26","NAME":"GOT ROOM 1","GROUP":"GOT 1","TIMESTAMP":"2025-07-14T01:55:27.320Z","TEMP":"18.85","RH":"63","MESSAGE":"[GOT ROOM 1] TEMP=18.850 > 15C RH=63% > 50%"}
{"TYPE":"WISENSOR","DTU":"B0-1D-93-38-3B-83","NAME":"BOT ROOM 1","GROUP":"BOT 1","TIMESTAMP":"2025-07-14T01:56:12.702Z","TEMP":"20.65","RH":"54","MESSAGE":"[BOT ROOM 1] TEMP=20.650 > 15C RH=54% > 50%"}
{"TYPE":"DIFF PRESS","DTU":6937,"NAME":"GOT ROOM 1","GROUP":"GOT 1","TIMESTAMP":"2025-07-14T01:56:20.528Z","PRESSURE":17.3,"MESSAGE":"[GOT ROOM 1] PRESS=17.3 > 15 PA"}
{"TYPE":"DIFF PRESS","DTU":4371,"NAME":"BOT ROOM 1","GROUP":"BOT 1","TIMESTAMP":"2025-07-14T01:58:04.242Z","PRESSURE":24.4,"MESSAGE":"[BOT ROOM 1] PRESS=24.4 > 15 PA"}
{"TYPE":"DIFF PRESS","DTU":6938,"NAME":"GOT ROOM 2","GROUP":"GOT 2","TIMESTAMP":"2025-07-14T02:00:10.411Z","PRESSURE":16.3,"MESSAGE":"[GOT ROOM 2] PRESS=16.3 > 15 PA"}
{"TYPE":"DIFF PRESS","DTU":3553,"NAME":"BOT ROOM 2","GROUP":"BOT 2","TIMESTAMP":"2025-07-14T02:00:13.969Z","PRESSURE":20.7,"MESSAGE":"[BOT ROOM 2] PRESS=20.7 > 15 PA"}
{"TYPE":"WISENSOR","DTU":"B0-C8-55-84-AD-31","NAME":"GOT ROOM 2","GROUP":"GOT 2","TIMESTAMP":"2025-07-14T02:01:58.166Z","TEMP":"18.84","RH":"56","MESSAGE":"[GOT ROOM 2] TEMP=18.840 > 15C RH=56% > 50%"}
{"TYPE":"WISENSOR","DTU":"B0-9E-D7-03-31-68","NAME":"BOT ROOM 2","GROUP":"BOT 2","TIMESTAMP":"2025-07-14T02:05:09.124Z","TEMP":"20.30","RH":"57","MESSAGE":"[BOT ROOM 2] TEMP=20.300 > 20C RH=57% > 50%"}
{"TYPE":"WISENSOR","DTU":"B0-D3-35-4E-A4-26","NAME":"GOT ROOM 1","GROUP":"GOT 1","TIMESTAMP":"2025-07-14T02:05:37.720Z","TEMP":"18.91","RH":"62","MESSAGE":"[GOT ROOM 1] TEMP=18.910 > 15C RH=62% > 50%"}
{"TYPE":"WISENSOR","DTU":"B0-1D-93-38-3B-83","NAME":"BOT ROOM 1","GROUP":"BOT 1","TIMESTAMP":"2025-07-14T02:06:13.774Z","TEMP":"20.67","RH":"54","MESSAGE":"[BOT ROOM 1] TEMP=20.670 > 15C RH=54% > 50%"}
{"TYPE":"DIFF PRESS","DTU":6937,"NAME":"GOT ROOM 1","GROUP":"GOT 1","TIMESTAMP":"2025-07-14T02:06:20.887Z","PRESSURE":17.9,"MESSAGE":"[GOT ROOM 1] PRESS=17.9 > 15 PA"}
{"TYPE":"DIFF PRESS","DTU":4371,"NAME":"BOT ROOM 1","GROUP":"BOT 1","TIMESTAMP":"2025-07-14T02:08:04.708Z","PRESSURE":25.8,"MESSAGE":"[BOT ROOM 1] PRESS=25.8 > 25 PA"}
{"TYPE":"WISENSOR","DTU":"B0-C8-55-84-AD-31","NAME":"GOT ROOM 2","GROUP":"GOT 2","TIMESTAMP":"2025-07-14T02:12:00.685Z","TEMP":"18.94","RH":"56","MESSAGE":"[GOT ROOM 2] TEMP=18.940 < 19C"}
{"TYPE":"WISENSOR","DTU":"B0-9E-D7-03-31-68","NAME":"BOT ROOM 2","GROUP":"BOT 2","TIMESTAMP":"2025-07-14T02:15:08.877Z","TEMP":"20.24","RH":"58","MESSAGE":"[BOT ROOM 2] TEMP=20.240 > 20C"}
{"TYPE":"WISENSOR","DTU":"B0-D3-35-4E-A4-26","NAME":"GOT ROOM 1","GROUP":"GOT 1","TIMESTAMP":"2025-07-14T02:15:49.635Z","TEMP":"18.88","RH":"63","MESSAGE":"[GOT ROOM 1] TEMP=18.880 < 19C RH=63% > 60%"}
{"TYPE":"WISENSOR","DTU":"B0-1D-93-38-3B-83","NAME":"BOT ROOM 1","GROUP":"BOT 1","TIMESTAMP":"2025-07-14T02:16:21.614Z","TEMP":"20.64","RH":"55","MESSAGE":"[BOT ROOM 1] TEMP=20.640 > 20C"}
{"TYPE":"DIFF PRESS","DTU":3553,"NAME":"BOT ROOM 2","GROUP":"BOT 2","TIMESTAMP":"2025-07-14T02:20:14.923Z","PRESSURE":-63,"MESSAGE":"[BOT ROOM 2] PRESS=-63 < 15 PA"}
{"TYPE":"WISENSOR","DTU":"B0-C8-55-84-AD-31","NAME":"GOT ROOM 2","GROUP":"GOT 2","TIMESTAMP":"2025-07-14T02:22:03.095Z","TEMP":"18.97","RH":"56","MESSAGE":"[GOT ROOM 2] TEMP=18.970 < 19C"}
{"TYPE":"WISENSOR","DTU":"B0-9E-D7-03-31-68","NAME":"BOT ROOM 2","GROUP":"BOT 2","TIMESTAMP":"2025-07-14T02:25:13.451Z","TEMP":"20.14","RH":"57","MESSAGE":"[BOT ROOM 2] TEMP=20.140 > 20C"}
{"TYPE":"WISENSOR","DTU":"B0-D3-35-4E-A4-26","NAME":"GOT ROOM 1","GROUP":"GOT 1","TIMESTAMP":"2025-07-14T02:25:57.462Z","TEMP":"18.95","RH":"62","MESSAGE":"[GOT ROOM 1] TEMP=18.950 < 19C RH=62% > 60%"}
{"TYPE":"WISENSOR","DTU":"B0-1D-93-38-3B-83","NAME":"BOT ROOM 1","GROUP":"BOT 1","TIMESTAMP":"2025-07-14T02:26:30.645Z","TEMP":"20.69","RH":"55","MESSAGE":"[BOT ROOM 1] TEMP=20.690 > 20C"}
{"TYPE":"DIFF PRESS","DTU":4371,"NAME":"BOT ROOM 1","GROUP":"BOT 1","TIMESTAMP":"2025-07-14T02:28:05.805Z","PRESSURE":26.2,"MESSAGE":"[BOT ROOM 1] PRESS=26.2 > 25 PA"}
{"TYPE":"WISENSOR","DTU":"B0-9E-D7-03-31-68","NAME":"BOT ROOM 2","GROUP":"BOT 2","TIMESTAMP":"2025-07-14T02:35:21.626Z","TEMP":"20.19","RH":"56","MESSAGE":"[BOT ROOM 2] TEMP=20.190 > 20C"}
{"TYPE":"WISENSOR","DTU":"B0-1D-93-38-3B-83","NAME":"BOT ROOM 1","GROUP":"BOT 1","TIMESTAMP":"2025-07-14T02:36:29.706Z","TEMP":"20.69","RH":"54","MESSAGE":"[BOT ROOM 1] TEMP=20.690 > 20C"}
{"TYPE":"DIFF PRESS","DTU":6938,"NAME":"GOT ROOM 2","GROUP":"GOT 2","TIMESTAMP":"2025-07-14T02:47:22.136Z","PRESSURE":7841824,"MESSAGE":"[GOT ROOM 2] PRESS=7841824 > 25 PA"}
{"TYPE":"WISENSOR","DTU":"B0-C8-55-84-AD-31","NAME":"GOT ROOM 2","GROUP":"GOT 2","TIMESTAMP":"2025-07-14T02:52:15.929Z","TEMP":"18.97","RH":"56","MESSAGE":"[GOT ROOM 2] TEMP=18.970 < 19C"}
{"TYPE":"DIFF PRESS","DTU":6937,"NAME":"GOT ROOM 1","GROUP":"GOT 1","TIMESTAMP":"2025-07-14T02:56:22.721Z","PRESSURE":-4,"MESSAGE":"[GOT ROOM 1] PRESS=-4 < 15 PA"}
{"TYPE":"DIFF PRESS","DTU":6937,"NAME":"GOT ROOM 1","GROUP":"GOT 1","TIMESTAMP":"2025-07-14T03:06:23.070Z","PRESSURE":-1,"MESSAGE":"[GOT ROOM 1] PRESS=-1 < 15 PA"}
{"TYPE":"DIFF PRESS","DTU":3553,"NAME":"BOT ROOM 2","GROUP":"BOT 2","TIMESTAMP":"2025-07-14T03:10:17.313Z","PRESSURE":-64,"MESSAGE":"[BOT ROOM 2] PRESS=-64 < 15 PA"}
{"TYPE":"DIFF PRESS","DTU":6937,"NAME":"GOT ROOM 1","GROUP":"GOT 1","TIMESTAMP":"2025-07-14T03:16:23.439Z","PRESSURE":0,"MESSAGE":"[GOT ROOM 1] PRESS=0 < 15 PA"}
{"TYPE":"DIFF PRESS","DTU":4371,"NAME":"BOT ROOM 1","GROUP":"BOT 1","TIMESTAMP":"2025-07-14T03:18:08.180Z","PRESSURE":25.7,"MESSAGE":"[BOT ROOM 1] PRESS=25.7 > 25 PA"}
{"TYPE":"DIFF PRESS","DTU":6938,"NAME":"GOT ROOM 2","GROUP":"GOT 2","TIMESTAMP":"2025-07-14T03:20:13.572Z","PRESSURE":14.8,"MESSAGE":"[GOT ROOM 2] PRESS=14.8 < 15 PA"}
{"TYPE":"WISENSOR","DTU":"B0-C8-55-84-AD-31","NAME":"GOT ROOM 2","GROUP":"GOT 2","TIMESTAMP":"2025-07-14T03:22:26.798Z","TEMP":"19.00","RH":"63","MESSAGE":"[GOT ROOM 2] RH=63% > 60%"}
{"TYPE":"DIFF PRESS","DTU":6937,"NAME":"GOT ROOM 1","GROUP":"GOT 1","TIMESTAMP":"2025-07-14T03:26:23.769Z","PRESSURE":-2,"MESSAGE":"[GOT ROOM 1] PRESS=-2 < 15 PA"}
{"TYPE":"DIFF PRESS","DTU":4371,"NAME":"BOT ROOM 1","GROUP":"BOT 1","TIMESTAMP":"2025-07-14T03:28:08.680Z","PRESSURE":25.4,"MESSAGE":"[BOT ROOM 1] PRESS=25.4 > 25 PA"}
{"TYPE":"DIFF PRESS","DTU":6938,"NAME":"GOT ROOM 2","GROUP":"GOT 2","TIMESTAMP":"2025-07-14T03:30:13.671Z","PRESSURE":14.7,"MESSAGE":"[GOT ROOM 2] PRESS=14.7 < 15 PA"}
{"TYPE":"WISENSOR","DTU":"B0-C8-55-84-AD-31","NAME":"GOT ROOM 2","GROUP":"GOT 2","TIMESTAMP":"2025-07-14T03:32:32.454Z","TEMP":"18.84","RH":"62","MESSAGE":"[GOT ROOM 2] TEMP=18.840 < 19C RH=62% > 60%"}
{"TYPE":"WISENSOR","DTU":"B0-C8-55-84-AD-31","NAME":"GOT ROOM 2","GROUP":"GOT 2","TIMESTAMP":"2025-07-14T03:42:39.833Z","TEMP":"18.75","RH":"58","MESSAGE":"[GOT ROOM 2] TEMP=18.750 < 19C"}
{"TYPE":"DIFF PRESS","DTU":6938,"NAME":"GOT ROOM 2","GROUP":"GOT 2","TIMESTAMP":"2025-07-14T03:47:24.358Z","PRESSURE":7841824,"MESSAGE":"[GOT ROOM 2] PRESS=7841824 > 25 PA"}
{"TYPE":"WISENSOR","DTU":"B0-C8-55-84-AD-31","NAME":"GOT ROOM 2","GROUP":"GOT 2","TIMESTAMP":"2025-07-14T03:52:42.279Z","TEMP":"18.68","RH":"56","MESSAGE":"[GOT ROOM 2] TEMP=18.680 < 19C"}
{"TYPE":"DIFF PRESS","DTU":6937,"NAME":"GOT ROOM 1","GROUP":"GOT 1","TIMESTAMP":"2025-07-14T04:26:25.913Z","PRESSURE":0.5,"MESSAGE":"[GOT ROOM 1] PRESS=0.5 < 15 PA"}
{"TYPE":"DIFF PRESS","DTU":4371,"NAME":"BOT ROOM 1","GROUP":"BOT 1","TIMESTAMP":"2025-07-14T04:27:13.527Z","PRESSURE":7841827,"MESSAGE":"[BOT ROOM 1] PRESS=7841827 > 25 PA"}
{"TYPE":"DIFF PRESS","DTU":6938,"NAME":"GOT ROOM 2","GROUP":"GOT 2","TIMESTAMP":"2025-07-14T04:30:15.863Z","PRESSURE":14.9,"MESSAGE":"[GOT ROOM 2] PRESS=14.9 < 15 PA"}
{"TYPE":"DIFF PRESS","DTU":6937,"NAME":"GOT ROOM 1","GROUP":"GOT 1","TIMESTAMP":"2025-07-14T04:36:26.261Z","PRESSURE":0.6,"MESSAGE":"[GOT ROOM 1] PRESS=0.6 < 15 PA"}
{"TYPE":"DIFF PRESS","DTU":6938,"NAME":"GOT ROOM 2","GROUP":"GOT 2","TIMESTAMP":"2025-07-14T04:47:26.487Z","PRESSURE":7841824,"MESSAGE":"[GOT ROOM 2] PRESS=7841824 > 25 PA"}
{"TYPE":"DIFF PRESS","DTU":4371,"NAME":"BOT ROOM 1","GROUP":"BOT 1","TIMESTAMP":"2025-07-14T04:48:12.632Z","PRESSURE":4,"MESSAGE":"[BOT ROOM 1] PRESS=4 < 15 PA"}
{"TYPE":"DIFF PRESS","DTU":3553,"NAME":"BOT ROOM 2","GROUP":"BOT 2","TIMESTAMP":"2025-07-14T04:50:22.262Z","PRESSURE":11.1,"MESSAGE":"[BOT ROOM 2] PRESS=11.1 < 15 PA"}
{"TYPE":"DIFF PRESS","DTU":4371,"NAME":"BOT ROOM 1","GROUP":"BOT 1","TIMESTAMP":"2025-07-14T04:58:13.116Z","PRESSURE":4.1,"MESSAGE":"[BOT ROOM 1] PRESS=4.1 < 15 PA"}
{"TYPE":"DIFF PRESS","DTU":3553,"NAME":"BOT ROOM 2","GROUP":"BOT 2","TIMESTAMP":"2025-07-14T05:00:22.718Z","PRESSURE":10.8,"MESSAGE":"[BOT ROOM 2] PRESS=10.8 < 15 PA"}
{"TYPE":"DIFF PRESS","DTU":4371,"NAME":"BOT ROOM 1","GROUP":"BOT 1","TIMESTAMP":"2025-07-14T05:08:13.538Z","PRESSURE":4.1,"MESSAGE":"[BOT ROOM 1] PRESS=4.1 < 15 PA"}
{"TYPE":"DIFF PRESS","DTU":6938,"NAME":"GOT ROOM 2","GROUP":"GOT 2","TIMESTAMP":"2025-07-14T05:47:28.627Z","PRESSURE":7973408,"MESSAGE":"[GOT ROOM 2] PRESS=7973408 > 25 PA"}
{"TYPE":"DIFF PRESS","DTU":3553,"NAME":"BOT ROOM 2","GROUP":"BOT 2","TIMESTAMP":"2025-07-14T06:40:27.588Z","PRESSURE":7.2,"MESSAGE":"[BOT ROOM 2] PRESS=7.2 < 15 PA"}
{"TYPE":"DIFF PRESS","DTU":6938,"NAME":"GOT ROOM 2","GROUP":"GOT 2","TIMESTAMP":"2025-07-14T06:50:20.943Z","PRESSURE":14.8,"MESSAGE":"[GOT ROOM 2] PRESS=14.8 < 15 PA"}
{"TYPE":"DIFF PRESS","DTU":6938,"NAME":"GOT ROOM 2","GROUP":"GOT 2","TIMESTAMP":"2025-07-14T07:00:21.382Z","PRESSURE":14.8,"MESSAGE":"[GOT ROOM 2] PRESS=14.8 < 15 PA"}
{"TYPE":"DIFF PRESS","DTU":6937,"NAME":"GOT ROOM 1","GROUP":"GOT 1","TIMESTAMP":"2025-07-14T07:06:31.671Z","PRESSURE":0.6,"MESSAGE":"[GOT ROOM 1] PRESS=0.6 < 15 PA"}
{"TYPE":"DIFF PRESS","DTU":3553,"NAME":"BOT ROOM 2","GROUP":"BOT 2","TIMESTAMP":"2025-07-14T08:00:31.500Z","PRESSURE":-62,"MESSAGE":"[BOT ROOM 2] PRESS=-62 < 15 PA"}
{"TYPE":"DIFF PRESS","DTU":3553,"NAME":"BOT ROOM 2","GROUP":"BOT 2","TIMESTAMP":"2025-07-14T08:10:32.000Z","PRESSURE":-60,"MESSAGE":"[BOT ROOM 2] PRESS=-60 < 15 PA"}
{"TYPE":"DIFF PRESS","DTU":3553,"NAME":"BOT ROOM 2","GROUP":"BOT 2","TIMESTAMP":"2025-07-14T08:20:32.557Z","PRESSURE":-63,"MESSAGE":"[BOT ROOM 2] PRESS=-63 < 15 PA"}
{"TYPE":"DIFF PRESS","DTU":3553,"NAME":"BOT ROOM 2","GROUP":"BOT 2","TIMESTAMP":"2025-07-14T08:30:32.992Z","PRESSURE":5.7,"MESSAGE":"[BOT ROOM 2] PRESS=5.7 < 15 PA"}
{"TYPE":"DIFF PRESS","DTU":6938,"NAME":"GOT ROOM 2","GROUP":"GOT 2","TIMESTAMP":"2025-07-14T08:40:24.958Z","PRESSURE":14.8,"MESSAGE":"[GOT ROOM 2] PRESS=14.8 < 15 PA"}
{"TYPE":"DIFF PRESS","DTU":3553,"NAME":"BOT ROOM 2","GROUP":"BOT 2","TIMESTAMP":"2025-07-14T08:40:33.535Z","PRESSURE":7.2,"MESSAGE":"[BOT ROOM 2] PRESS=7.2 < 15 PA"}
{"TYPE":"DIFF PRESS","DTU":6938,"NAME":"GOT ROOM 2","GROUP":"GOT 2","TIMESTAMP":"2025-07-14T08:47:35.095Z","PRESSURE":7841824,"MESSAGE":"[GOT ROOM 2] PRESS=7841824 > 25 PA"}
{"TYPE":"DIFF PRESS","DTU":6938,"NAME":"GOT ROOM 2","GROUP":"GOT 2","TIMESTAMP":"2025-07-14T08:50:25.360Z","PRESSURE":14.6,"MESSAGE":"[GOT ROOM 2] PRESS=14.6 < 15 PA"}
{"TYPE":"DIFF PRESS","DTU":6938,"NAME":"GOT ROOM 2","GROUP":"GOT 2","TIMESTAMP":"2025-07-14T09:00:25.651Z","PRESSURE":14.8,"MESSAGE":"[GOT ROOM 2] PRESS=14.8 < 15 PA"}
{"TYPE":"DIFF PRESS","DTU":6938,"NAME":"GOT ROOM 2","GROUP":"GOT 2","TIMESTAMP":"2025-07-14T09:10:26.101Z","PRESSURE":14.8,"MESSAGE":"[GOT ROOM 2] PRESS=14.8 < 15 PA"}
{"TYPE":"DIFF PRESS","DTU":6938,"NAME":"GOT ROOM 2","GROUP":"GOT 2","TIMESTAMP":"2025-07-14T09:47:37.184Z","PRESSURE":7841824,"MESSAGE":"[GOT ROOM 2] PRESS=7841824 > 25 PA"}
{"TYPE":"DIFF PRESS","DTU":6938,"NAME":"GOT ROOM 2","GROUP":"GOT 2","TIMESTAMP":"2025-07-14T10:47:39.301Z","PRESSURE":7841824,"MESSAGE":"[GOT ROOM 2] PRESS=7841824 > 25 PA"}
{"TYPE":"WISENSOR","DTU":"B0-1D-93-38-3B-83","NAME":"BOT ROOM 1","GROUP":"BOT 1","TIMESTAMP":"2025-07-14T21:13:41.060Z","TEMP":"21.77","RH":"88","MESSAGE":"[BOT ROOM 1] TEMP=21.770 > 20C RH=88% > 60%"}
{"TYPE":"WISENSOR","DTU":"B0-9E-D7-03-31-68","NAME":"BOT ROOM 2","GROUP":"BOT 2","TIMESTAMP":"2025-07-14T21:18:19.356Z","TEMP":"20.27","RH":"61","MESSAGE":"[BOT ROOM 2] TEMP=20.270 > 20C RH=61% > 60%"}
{"TYPE":"DIFF PRESS","DTU":4371,"NAME":"BOT ROOM 1","GROUP":"BOT 1","TIMESTAMP":"2025-07-14T21:19:01.059Z","PRESSURE":27.2,"MESSAGE":"[BOT ROOM 1] PRESS=27.2 > 25 PA"}
{"TYPE":"WISENSOR","DTU":"B0-D3-35-4E-A4-26","NAME":"GOT ROOM 1","GROUP":"GOT 1","TIMESTAMP":"2025-07-14T21:19:36.064Z","TEMP":"18.75","RH":"67","MESSAGE":"[GOT ROOM 1] TEMP=18.750 < 19C RH=67% > 60%"}
{"TYPE":"WISENSOR","DTU":"B0-C8-55-84-AD-31","NAME":"GOT ROOM 2","GROUP":"GOT 2","TIMESTAMP":"2025-07-14T21:19:55.979Z","TEMP":"18.70","RH":"57","MESSAGE":"[GOT ROOM 2] TEMP=18.700 < 19C"}
{"TYPE":"WISENSOR","DTU":"B0-1D-93-38-3B-83","NAME":"BOT ROOM 1","GROUP":"BOT 1","TIMESTAMP":"2025-07-14T21:23:42.328Z","TEMP":"21.77","RH":"88","MESSAGE":"[BOT ROOM 1] TEMP=21.770 > 20C RH=88% > 60%"}
{"TYPE":"WISENSOR","DTU":"B0-9E-D7-03-31-68","NAME":"BOT ROOM 2","GROUP":"BOT 2","TIMESTAMP":"2025-07-14T21:28:17.601Z","TEMP":"20.29","RH":"60","MESSAGE":"[BOT ROOM 2] TEMP=20.290 > 20C"}
{"TYPE":"DIFF PRESS","DTU":4371,"NAME":"BOT ROOM 1","GROUP":"BOT 1","TIMESTAMP":"2025-07-14T21:29:01.573Z","PRESSURE":26.8,"MESSAGE":"[BOT ROOM 1] PRESS=26.8 > 25 PA"}
{"TYPE":"WISENSOR","DTU":"B0-D3-35-4E-A4-26","NAME":"GOT ROOM 1","GROUP":"GOT 1","TIMESTAMP":"2025-07-14T21:29:38.881Z","TEMP":"18.73","RH":"67","MESSAGE":"[GOT ROOM 1] TEMP=18.730 < 19C RH=67% > 60%"}
{"TYPE":"WISENSOR","DTU":"B0-1D-93-38-3B-83","NAME":"BOT ROOM 1","GROUP":"BOT 1","TIMESTAMP":"2025-07-14T21:33:43.541Z","TEMP":"21.76","RH":"88","MESSAGE":"[BOT ROOM 1] TEMP=21.760 > 20C RH=88% > 60%"}
{"TYPE":"WISENSOR","DTU":"B0-9E-D7-03-31-68","NAME":"BOT ROOM 2","GROUP":"BOT 2","TIMESTAMP":"2025-07-14T21:38:25.990Z","TEMP":"20.31","RH":"60","MESSAGE":"[BOT ROOM 2] TEMP=20.310 > 20C"}
{"TYPE":"DIFF PRESS","DTU":4371,"NAME":"BOT ROOM 1","GROUP":"BOT 1","TIMESTAMP":"2025-07-14T21:39:02.058Z","PRESSURE":26.8,"MESSAGE":"[BOT ROOM 1] PRESS=26.8 > 25 PA"}
{"TYPE":"WISENSOR","DTU":"B0-D3-35-4E-A4-26","NAME":"GOT ROOM 1","GROUP":"GOT 1","TIMESTAMP":"2025-07-14T21:39:46.660Z","TEMP":"18.72","RH":"67","MESSAGE":"[GOT ROOM 1] TEMP=18.720 < 19C RH=67% > 60%"}
{"TYPE":"WISENSOR","DTU":"B0-1D-93-38-3B-83","NAME":"BOT ROOM 1","GROUP":"BOT 1","TIMESTAMP":"2025-07-14T21:43:52.627Z","TEMP":"21.70","RH":"88","MESSAGE":"[BOT ROOM 1] TEMP=21.700 > 20C RH=88% > 60%"}
{"TYPE":"WISENSOR","DTU":"B0-9E-D7-03-31-68","NAME":"BOT ROOM 2","GROUP":"BOT 2","TIMESTAMP":"2025-07-14T21:48:31.962Z","TEMP":"20.26","RH":"60","MESSAGE":"[BOT ROOM 2] TEMP=20.260 > 20C"}
{"TYPE":"DIFF PRESS","DTU":4371,"NAME":"BOT ROOM 1","GROUP":"BOT 1","TIMESTAMP":"2025-07-14T21:49:02.619Z","PRESSURE":27.2,"MESSAGE":"[BOT ROOM 1] PRESS=27.2 > 25 PA"}
{"TYPE":"WISENSOR","DTU":"B0-D3-35-4E-A4-26","NAME":"GOT ROOM 1","GROUP":"GOT 1","TIMESTAMP":"2025-07-14T21:49:50.525Z","TEMP":"18.69","RH":"66","MESSAGE":"[GOT ROOM 1] TEMP=18.690 < 19C RH=66% > 60%"}
{"TYPE":"WISENSOR","DTU":"B0-C8-55-84-AD-31","NAME":"GOT ROOM 2","GROUP":"GOT 2","TIMESTAMP":"2025-07-14T21:49:58.537Z","TEMP":"18.90","RH":"57","MESSAGE":"[GOT ROOM 2] TEMP=18.900 < 19C"}
{"TYPE":"WISENSOR","DTU":"B0-1D-93-38-3B-83","NAME":"BOT ROOM 1","GROUP":"BOT 1","TIMESTAMP":"2025-07-14T21:53:55.820Z","TEMP":"21.69","RH":"88","MESSAGE":"[BOT ROOM 1] TEMP=21.690 > 20C RH=88% > 60%"}
{"TYPE":"WISENSOR","DTU":"B0-9E-D7-03-31-68","NAME":"BOT ROOM 2","GROUP":"BOT 2","TIMESTAMP":"2025-07-14T21:58:37.900Z","TEMP":"20.29","RH":"60","MESSAGE":"[BOT ROOM 2] TEMP=20.290 > 20C"}
{"TYPE":"DIFF PRESS","DTU":4371,"NAME":"BOT ROOM 1","GROUP":"BOT 1","TIMESTAMP":"2025-07-14T21:59:03.106Z","PRESSURE":26.9,"MESSAGE":"[BOT ROOM 1] PRESS=26.9 > 25 PA"}
{"TYPE":"WISENSOR","DTU":"B0-D3-35-4E-A4-26","NAME":"GOT ROOM 1","GROUP":"GOT 1","TIMESTAMP":"2025-07-14T21:59:59.196Z","TEMP":"18.73","RH":"67","MESSAGE":"[GOT ROOM 1] TEMP=18.730 < 19C RH=67% > 60%"}
{"TYPE":"WISENSOR","DTU":"B0-C8-55-84-AD-31","NAME":"GOT ROOM 2","GROUP":"GOT 2","TIMESTAMP":"2025-07-14T22:00:03.857Z","TEMP":"18.75","RH":"57","MESSAGE":"[GOT ROOM 2] TEMP=18.750 < 19C"}
{"TYPE":"WISENSOR","DTU":"B0-1D-93-38-3B-83","NAME":"BOT ROOM 1","GROUP":"BOT 1","TIMESTAMP":"2025-07-14T22:04:04.462Z","TEMP":"21.65","RH":"88","MESSAGE":"[BOT ROOM 1] TEMP=21.650 > 20C RH=88% > 60%"}
{"TYPE":"WISENSOR","DTU":"B0-9E-D7-03-31-68","NAME":"BOT ROOM 2","GROUP":"BOT 2","TIMESTAMP":"2025-07-14T22:08:44.737Z","TEMP":"20.25","RH":"60","MESSAGE":"[BOT ROOM 2] TEMP=20.250 > 20C"}
{"TYPE":"DIFF PRESS","DTU":4371,"NAME":"BOT ROOM 1","GROUP":"BOT 1","TIMESTAMP":"2025-07-14T22:09:03.540Z","PRESSURE":26.6,"MESSAGE":"[BOT ROOM 1] PRESS=26.6 > 25 PA"}
{"TYPE":"WISENSOR","DTU":"B0-D3-35-4E-A4-26","NAME":"GOT ROOM 1","GROUP":"GOT 1","TIMESTAMP":"2025-07-14T22:10:02.945Z","TEMP":"18.74","RH":"66","MESSAGE":"[GOT ROOM 1] TEMP=18.740 < 19C RH=66% > 60%"}
{"TYPE":"WISENSOR","DTU":"B0-C8-55-84-AD-31","NAME":"GOT ROOM 2","GROUP":"GOT 2","TIMESTAMP":"2025-07-14T22:10:06.166Z","TEMP":"18.61","RH":"57","MESSAGE":"[GOT ROOM 2] TEMP=18.610 < 19C"}
{"TYPE":"WISENSOR","DTU":"B0-1D-93-38-3B-83","NAME":"BOT ROOM 1","GROUP":"BOT 1","TIMESTAMP":"2025-07-14T22:14:06.651Z","TEMP":"21.63","RH":"88","MESSAGE":"[BOT ROOM 1] TEMP=21.630 > 20C RH=88% > 60%"}
{"TYPE":"WISENSOR","DTU":"B0-9E-D7-03-31-68","NAME":"BOT ROOM 2","GROUP":"BOT 2","TIMESTAMP":"2025-07-14T22:18:44.785Z","TEMP":"20.28","RH":"59","MESSAGE":"[BOT ROOM 2] TEMP=20.280 > 20C"}
{"TYPE":"DIFF PRESS","DTU":4371,"NAME":"BOT ROOM 1","GROUP":"BOT 1","TIMESTAMP":"2025-07-14T22:19:03.981Z","PRESSURE":27.1,"MESSAGE":"[BOT ROOM 1] PRESS=27.1 > 25 PA"}
{"TYPE":"WISENSOR","DTU":"B0-D3-35-4E-A4-26","NAME":"GOT ROOM 1","GROUP":"GOT 1","TIMESTAMP":"2025-07-14T22:20:15.176Z","TEMP":"18.73","RH":"66","MESSAGE":"[GOT ROOM 1] TEMP=18.730 < 19C RH=66% > 60%"}
{"TYPE":"WISENSOR","DTU":"B0-1D-93-38-3B-83","NAME":"BOT ROOM 1","GROUP":"BOT 1","TIMESTAMP":"2025-07-14T22:24:11.827Z","TEMP":"21.53","RH":"86","MESSAGE":"[BOT ROOM 1] TEMP=21.530 > 20C RH=86% > 60%"}
{"TYPE":"WISENSOR","DTU":"B0-9E-D7-03-31-68","NAME":"BOT ROOM 2","GROUP":"BOT 2","TIMESTAMP":"2025-07-14T22:28:48.745Z","TEMP":"20.19","RH":"55","MESSAGE":"[BOT ROOM 2] TEMP=20.190 > 20C"}
{"TYPE":"DIFF PRESS","DTU":4371,"NAME":"BOT ROOM 1","GROUP":"BOT 1","TIMESTAMP":"2025-07-14T22:29:04.535Z","PRESSURE":27.1,"MESSAGE":"[BOT ROOM 1] PRESS=27.1 > 25 PA"}
{"TYPE":"WISENSOR","DTU":"B0-D3-35-4E-A4-26","NAME":"GOT ROOM 1","GROUP":"GOT 1","TIMESTAMP":"2025-07-14T22:30:18.943Z","TEMP":"18.66","RH":"64","MESSAGE":"[GOT ROOM 1] TEMP=18.660 < 19C RH=64% > 60%"}
{"TYPE":"WISENSOR","DTU":"B0-1D-93-38-3B-83","NAME":"BOT ROOM 1","GROUP":"BOT 1","TIMESTAMP":"2025-07-14T22:34:15.998Z","TEMP":"21.34","RH":"85","MESSAGE":"[BOT ROOM 1] TEMP=21.340 > 20C RH=85% > 60%"}
{"TYPE":"WISENSOR","DTU":"B0-9E-D7-03-31-68","NAME":"BOT ROOM 2","GROUP":"BOT 2","TIMESTAMP":"2025-07-14T22:38:54.083Z","TEMP":"20.20","RH":"55","MESSAGE":"[BOT ROOM 2] TEMP=20.200 > 20C"}
{"TYPE":"DIFF PRESS","DTU":4371,"NAME":"BOT ROOM 1","GROUP":"BOT 1","TIMESTAMP":"2025-07-14T22:39:04.988Z","PRESSURE":27,"MESSAGE":"[BOT ROOM 1] PRESS=27 > 25 PA"}
{"TYPE":"WISENSOR","DTU":"B0-C8-55-84-AD-31","NAME":"GOT ROOM 2","GROUP":"GOT 2","TIMESTAMP":"2025-07-14T22:40:14.110Z","TEMP":"18.86","RH":"56","MESSAGE":"[GOT ROOM 2] TEMP=18.860 < 19C"}
{"TYPE":"WISENSOR","DTU":"B0-D3-35-4E-A4-26","NAME":"GOT ROOM 1","GROUP":"GOT 1","TIMESTAMP":"2025-07-14T22:40:27.683Z","TEMP":"18.68","RH":"62","MESSAGE":"[GOT ROOM 1] TEMP=18.680 < 19C RH=62% > 60%"}
{"TYPE":"WISENSOR","DTU":"B0-1D-93-38-3B-83","NAME":"BOT ROOM 1","GROUP":"BOT 1","TIMESTAMP":"2025-07-14T22:44:17.243Z","TEMP":"21.27","RH":"86","MESSAGE":"[BOT ROOM 1] TEMP=21.270 > 20C RH=86% > 60%"}
{"TYPE":"WISENSOR","DTU":"B0-9E-D7-03-31-68","NAME":"BOT ROOM 2","GROUP":"BOT 2","TIMESTAMP":"2025-07-14T22:48:53.922Z","TEMP":"20.19","RH":"54","MESSAGE":"[BOT ROOM 2] TEMP=20.190 > 20C"}
{"TYPE":"DIFF PRESS","DTU":4371,"NAME":"BOT ROOM 1","GROUP":"BOT 1","TIMESTAMP":"2025-07-14T22:49:05.516Z","PRESSURE":27.1,"MESSAGE":"[BOT ROOM 1] PRESS=27.1 > 25 PA"}
{"TYPE":"WISENSOR","DTU":"B0-C8-55-84-AD-31","NAME":"GOT ROOM 2","GROUP":"GOT 2","TIMESTAMP":"2025-07-14T22:50:22.329Z","TEMP":"18.67","RH":"55","MESSAGE":"[GOT ROOM 2] TEMP=18.670 < 19C"}
{"TYPE":"WISENSOR","DTU":"B0-D3-35-4E-A4-26","NAME":"GOT ROOM 1","GROUP":"GOT 1","TIMESTAMP":"2025-07-14T22:50:30.470Z","TEMP":"18.64","RH":"61","MESSAGE":"[GOT ROOM 1] TEMP=18.640 < 19C RH=61% > 60%"}
{"TYPE":"WISENSOR","DTU":"B0-1D-93-38-3B-83","NAME":"BOT ROOM 1","GROUP":"BOT 1","TIMESTAMP":"2025-07-14T22:54:18.629Z","TEMP":"21.21","RH":"86","MESSAGE":"[BOT ROOM 1] TEMP=21.210 > 20C RH=86% > 60%"}
{"TYPE":"WISENSOR","DTU":"B0-9E-D7-03-31-68","NAME":"BOT ROOM 2","GROUP":"BOT 2","TIMESTAMP":"2025-07-14T22:59:01.060Z","TEMP":"20.18","RH":"54","MESSAGE":"[BOT ROOM 2] TEMP=20.180 > 20C"}
{"TYPE":"DIFF PRESS","DTU":4371,"NAME":"BOT ROOM 1","GROUP":"BOT 1","TIMESTAMP":"2025-07-14T22:59:05.987Z","PRESSURE":27.1,"MESSAGE":"[BOT ROOM 1] PRESS=27.1 > 25 PA"}
{"TYPE":"WISENSOR","DTU":"B0-C8-55-84-AD-31","NAME":"GOT ROOM 2","GROUP":"GOT 2","TIMESTAMP":"2025-07-14T23:00:27.541Z","TEMP":"18.96","RH":"54","MESSAGE":"[GOT ROOM 2] TEMP=18.960 < 19C"}
{"TYPE":"WISENSOR","DTU":"B0-D3-35-4E-A4-26","NAME":"GOT ROOM 1","GROUP":"GOT 1","TIMESTAMP":"2025-07-14T23:00:37.241Z","TEMP":"18.66","RH":"61","MESSAGE":"[GOT ROOM 1] TEMP=18.660 < 19C RH=61% > 60%"}
{"TYPE":"WISENSOR","DTU":"B0-1D-93-38-3B-83","NAME":"BOT ROOM 1","GROUP":"BOT 1","TIMESTAMP":"2025-07-14T23:04:28.362Z","TEMP":"21.17","RH":"86","MESSAGE":"[BOT ROOM 1] TEMP=21.170 > 20C RH=86% > 60%"}
{"TYPE":"WISENSOR","DTU":"B0-9E-D7-03-31-68","NAME":"BOT ROOM 2","GROUP":"BOT 2","TIMESTAMP":"2025-07-14T23:09:02.138Z","TEMP":"20.24","RH":"54","MESSAGE":"[BOT ROOM 2] TEMP=20.240 > 20C"}
{"TYPE":"DIFF PRESS","DTU":4371,"NAME":"BOT ROOM 1","GROUP":"BOT 1","TIMESTAMP":"2025-07-14T23:09:06.467Z","PRESSURE":27.1,"MESSAGE":"[BOT ROOM 1] PRESS=27.1 > 25 PA"}
{"TYPE":"WISENSOR","DTU":"B0-C8-55-84-AD-31","NAME":"GOT ROOM 2","GROUP":"GOT 2","TIMESTAMP":"2025-07-14T23:10:35.801Z","TEMP":"19.67","RH":"61","MESSAGE":"[GOT ROOM 2] RH=61% > 60%"}
{"TYPE":"WISENSOR","DTU":"B0-D3-35-4E-A4-26","NAME":"GOT ROOM 1","GROUP":"GOT 1","TIMESTAMP":"2025-07-14T23:10:43.141Z","TEMP":"18.73","RH":"61","MESSAGE":"[GOT ROOM 1] TEMP=18.730 < 19C RH=61% > 60%"}
{"TYPE":"WISENSOR","DTU":"B0-1D-93-38-3B-83","NAME":"BOT ROOM 1","GROUP":"BOT 1","TIMESTAMP":"2025-07-14T23:14:37.685Z","TEMP":"21.14","RH":"86","MESSAGE":"[BOT ROOM 1] TEMP=21.140 > 20C RH=86% > 60%"}
{"TYPE":"DIFF PRESS","DTU":6937,"NAME":"GOT ROOM 1","GROUP":"GOT 1","TIMESTAMP":"2025-07-14T23:17:06.933Z","PRESSURE":0.9,"MESSAGE":"[GOT ROOM 1] PRESS=0.9 < 15 PA"}
{"TYPE":"WISENSOR","DTU":"B0-9E-D7-03-31-68","NAME":"BOT ROOM 2","GROUP":"BOT 2","TIMESTAMP":"2025-07-14T23:18:58.863Z","TEMP":"20.25","RH":"54","MESSAGE":"[BOT ROOM 2] TEMP=20.250 > 20C"}
{"TYPE":"WISENSOR","DTU":"B0-D3-35-4E-A4-26","NAME":"GOT ROOM 1","GROUP":"GOT 1","TIMESTAMP":"2025-07-14T23:20:51.337Z","TEMP":"18.63","RH":"63","MESSAGE":"[GOT ROOM 1] TEMP=18.630 < 19C RH=63% > 60%"}
{"TYPE":"WISENSOR","DTU":"B0-1D-93-38-3B-83","NAME":"BOT ROOM 1","GROUP":"BOT 1","TIMESTAMP":"2025-07-14T23:24:45.875Z","TEMP":"21.11","RH":"86","MESSAGE":"[BOT ROOM 1] TEMP=21.110 > 20C RH=86% > 60%"}
{"TYPE":"WISENSOR","DTU":"B0-9E-D7-03-31-68","NAME":"BOT ROOM 2","GROUP":"BOT 2","TIMESTAMP":"2025-07-14T23:28:58.756Z","TEMP":"20.26","RH":"54","MESSAGE":"[BOT ROOM 2] TEMP=20.260 > 20C"}
{"TYPE":"DIFF PRESS","DTU":4371,"NAME":"BOT ROOM 1","GROUP":"BOT 1","TIMESTAMP":"2025-07-14T23:29:07.495Z","PRESSURE":4.1,"MESSAGE":"[BOT ROOM 1] PRESS=4.1 < 15 PA"}
{"TYPE":"WISENSOR","DTU":"B0-C8-55-84-AD-31","NAME":"GOT ROOM 2","GROUP":"GOT 2","TIMESTAMP":"2025-07-14T23:30:42.646Z","TEMP":"18.88","RH":"60","MESSAGE":"[GOT ROOM 2] TEMP=18.880 < 19C"}
{"TYPE":"WISENSOR","DTU":"B0-D3-35-4E-A4-26","NAME":"GOT ROOM 1","GROUP":"GOT 1","TIMESTAMP":"2025-07-14T23:30:54.154Z","TEMP":"18.77","RH":"61","MESSAGE":"[GOT ROOM 1] TEMP=18.770 < 19C RH=61% > 60%"}
{"TYPE":"DIFF PRESS","DTU":6938,"NAME":"GOT ROOM 2","GROUP":"GOT 2","TIMESTAMP":"2025-07-14T23:30:57.433Z","PRESSURE":14.8,"MESSAGE":"[GOT ROOM 2] PRESS=14.8 < 15 PA"}
{"TYPE":"WISENSOR","DTU":"B0-1D-93-38-3B-83","NAME":"BOT ROOM 1","GROUP":"BOT 1","TIMESTAMP":"2025-07-14T23:34:51.209Z","TEMP":"21.10","RH":"86","MESSAGE":"[BOT ROOM 1] TEMP=21.100 > 20C RH=86% > 60%"}
{"TYPE":"WISENSOR","DTU":"B0-9E-D7-03-31-68","NAME":"BOT ROOM 2","GROUP":"BOT 2","TIMESTAMP":"2025-07-14T23:39:06.103Z","TEMP":"20.32","RH":"54","MESSAGE":"[BOT ROOM 2] TEMP=20.320 > 20C"}
{"TYPE":"WISENSOR","DTU":"B0-C8-55-84-AD-31","NAME":"GOT ROOM 2","GROUP":"GOT 2","TIMESTAMP":"2025-07-14T23:40:48.411Z","TEMP":"18.70","RH":"58","MESSAGE":"[GOT ROOM 2] TEMP=18.700 < 19C"}
{"TYPE":"DIFF PRESS","DTU":6938,"NAME":"GOT ROOM 2","GROUP":"GOT 2","TIMESTAMP":"2025-07-14T23:40:57.783Z","PRESSURE":14.8,"MESSAGE":"[GOT ROOM 2] PRESS=14.8 < 15 PA"}
{"TYPE":"WISENSOR","DTU":"B0-D3-35-4E-A4-26","NAME":"GOT ROOM 1","GROUP":"GOT 1","TIMESTAMP":"2025-07-14T23:41:05.003Z","TEMP":"18.84","RH":"60","MESSAGE":"[GOT ROOM 1] TEMP=18.840 < 19C"}
{"TYPE":"DIFF PRESS","DTU":3553,"NAME":"BOT ROOM 2","GROUP":"BOT 2","TIMESTAMP":"2025-07-14T23:41:17.081Z","PRESSURE":-63,"MESSAGE":"[BOT ROOM 2] PRESS=-63 < 15 PA"}
{"TYPE":"WISENSOR","DTU":"B0-1D-93-38-3B-83","NAME":"BOT ROOM 1","GROUP":"BOT 1","TIMESTAMP":"2025-07-14T23:44:50.306Z","TEMP":"21.09","RH":"86","MESSAGE":"[BOT ROOM 1] TEMP=21.090 > 20C RH=86% > 60%"}
{"TYPE":"WISENSOR","DTU":"B0-9E-D7-03-31-68","NAME":"BOT ROOM 2","GROUP":"BOT 2","TIMESTAMP":"2025-07-14T23:49:04.151Z","TEMP":"20.37","RH":"54","MESSAGE":"[BOT ROOM 2] TEMP=20.370 > 20C"}
{"TYPE":"DIFF PRESS","DTU":4371,"NAME":"BOT ROOM 1","GROUP":"BOT 1","TIMESTAMP":"2025-07-14T23:49:08.461Z","PRESSURE":4.1,"MESSAGE":"[BOT ROOM 1] PRESS=4.1 < 15 PA"}
{"TYPE":"WISENSOR","DTU":"B0-C8-55-84-AD-31","NAME":"GOT ROOM 2","GROUP":"GOT 2","TIMESTAMP":"2025-07-14T23:50:46.661Z","TEMP":"18.80","RH":"56","MESSAGE":"[GOT ROOM 2] TEMP=18.800 < 19C"}
{"TYPE":"DIFF PRESS","DTU":6938,"NAME":"GOT ROOM 2","GROUP":"GOT 2","TIMESTAMP":"2025-07-14T23:50:58.197Z","PRESSURE":14.6,"MESSAGE":"[GOT ROOM 2] PRESS=14.6 < 15 PA"}
{"TYPE":"WISENSOR","DTU":"B0-D3-35-4E-A4-26","NAME":"GOT ROOM 1","GROUP":"GOT 1","TIMESTAMP":"2025-07-14T23:51:07.860Z","TEMP":"18.80","RH":"60","MESSAGE":"[GOT ROOM 1] TEMP=18.800 < 19C"}
{"TYPE":"DIFF PRESS","DTU":3553,"NAME":"BOT ROOM 2","GROUP":"BOT 2","TIMESTAMP":"2025-07-14T23:51:17.561Z","PRESSURE":-63,"MESSAGE":"[BOT ROOM 2] PRESS=-63 < 15 PA"}
{"TYPE":"WISENSOR","DTU":"B0-1D-93-38-3B-83","NAME":"BOT ROOM 1","GROUP":"BOT 1","TIMESTAMP":"2025-07-14T23:54:53.508Z","TEMP":"21.34","RH":"89","MESSAGE":"[BOT ROOM 1] TEMP=21.340 > 20C RH=89% > 60%"}
{"TYPE":"WISENSOR","DTU":"B0-9E-D7-03-31-68","NAME":"BOT ROOM 2","GROUP":"BOT 2","TIMESTAMP":"2025-07-14T23:59:02.764Z","TEMP":"20.31","RH":"54","MESSAGE":"[BOT ROOM 2] TEMP=20.310 > 20C"}
{"TYPE":"DIFF PRESS","DTU":4371,"NAME":"BOT ROOM 1","GROUP":"BOT 1","TIMESTAMP":"2025-07-14T23:59:08.922Z","PRESSURE":25.1,"MESSAGE":"[BOT ROOM 1] PRESS=25.1 > 25 PA"}
{"TYPE":"WISENSOR","DTU":"B0-C8-55-84-AD-31","NAME":"GOT ROOM 2","GROUP":"GOT 2","TIMESTAMP":"2025-07-15T00:00:48.970Z","TEMP":"18.99","RH":"56","MESSAGE":"[GOT ROOM 2] TEMP=18.990 < 19C"}
{"TYPE":"DIFF PRESS","DTU":6938,"NAME":"GOT ROOM 2","GROUP":"GOT 2","TIMESTAMP":"2025-07-15T00:00:58.540Z","PRESSURE":14.6,"MESSAGE":"[GOT ROOM 2] PRESS=14.6 < 15 PA"}
{"TYPE":"WISENSOR","DTU":"B0-1D-93-38-3B-83","NAME":"BOT ROOM 1","GROUP":"BOT 1","TIMESTAMP":"2025-07-15T00:04:55.043Z","TEMP":"21.06","RH":"86","MESSAGE":"[BOT ROOM 1] TEMP=21.060 > 20C RH=86% > 60%"}
{"TYPE":"DIFF PRESS","DTU":6937,"NAME":"GOT ROOM 1","GROUP":"GOT 1","TIMESTAMP":"2025-07-15T00:07:08.864Z","PRESSURE":1.4,"MESSAGE":"[GOT ROOM 1] PRESS=1.4 < 15 PA"}
{"TYPE":"WISENSOR","DTU":"B0-9E-D7-03-31-68","NAME":"BOT ROOM 2","GROUP":"BOT 2","TIMESTAMP":"2025-07-15T00:09:08.198Z","TEMP":"20.42","RH":"54","MESSAGE":"[BOT ROOM 2] TEMP=20.420 > 20C"}
{"TYPE":"DIFF PRESS","DTU":4371,"NAME":"BOT ROOM 1","GROUP":"BOT 1","TIMESTAMP":"2025-07-15T00:09:09.423Z","PRESSURE":25.5,"MESSAGE":"[BOT ROOM 1] PRESS=25.5 > 25 PA"}
{"TYPE":"WISENSOR","DTU":"B0-D3-35-4E-A4-26","NAME":"GOT ROOM 1","GROUP":"GOT 1","TIMESTAMP":"2025-07-15T00:11:24.661Z","TEMP":"18.82","RH":"60","MESSAGE":"[GOT ROOM 1] TEMP=18.820 < 19C"}
{"TYPE":"WISENSOR","DTU":"B0-1D-93-38-3B-83","NAME":"BOT ROOM 1","GROUP":"BOT 1","TIMESTAMP":"2025-07-15T00:15:00.143Z","TEMP":"0.08","RH":"-95","MESSAGE":"[BOT ROOM 1] TEMP=0.080 < 19C RH=-95% < 50%"}
{"TYPE":"DIFF PRESS","DTU":4371,"NAME":"BOT ROOM 1","GROUP":"BOT 1","TIMESTAMP":"2025-07-15T00:19:09.901Z","PRESSURE":25.4,"MESSAGE":"[BOT ROOM 1] PRESS=25.4 > 25 PA"}
{"TYPE":"WISENSOR","DTU":"B0-9E-D7-03-31-68","NAME":"BOT ROOM 2","GROUP":"BOT 2","TIMESTAMP":"2025-07-15T00:19:10.808Z","TEMP":"20.44","RH":"54","MESSAGE":"[BOT ROOM 2] TEMP=20.440 > 20C"}
{"TYPE":"WISENSOR","DTU":"B0-C8-55-84-AD-31","NAME":"GOT ROOM 2","GROUP":"GOT 2","TIMESTAMP":"2025-07-15T00:20:54.382Z","TEMP":"18.89","RH":"56","MESSAGE":"[GOT ROOM 2] TEMP=18.890 < 19C"}
{"TYPE":"WISENSOR","DTU":"B0-D3-35-4E-A4-26","NAME":"GOT ROOM 1","GROUP":"GOT 1","TIMESTAMP":"2025-07-15T00:21:29.842Z","TEMP":"18.83","RH":"60","MESSAGE":"[GOT ROOM 1] TEMP=18.830 < 19C"}
{"TYPE":"WISENSOR","DTU":"B0-1D-93-38-3B-83","NAME":"BOT ROOM 1","GROUP":"BOT 1","TIMESTAMP":"2025-07-15T00:25:02.374Z","TEMP":"20.87","RH":"87","MESSAGE":"[BOT ROOM 1] TEMP=20.870 > 20C RH=87% > 60%"}
{"TYPE":"WISENSOR","DTU":"B0-9E-D7-03-31-68","NAME":"BOT ROOM 2","GROUP":"BOT 2","TIMESTAMP":"2025-07-15T00:29:09.618Z","TEMP":"20.43","RH":"54","MESSAGE":"[BOT ROOM 2] TEMP=20.430 > 20C"}
{"TYPE":"WISENSOR","DTU":"B0-C8-55-84-AD-31","NAME":"GOT ROOM 2","GROUP":"GOT 2","TIMESTAMP":"2025-07-15T00:30:53.564Z","TEMP":"18.84","RH":"57","MESSAGE":"[GOT ROOM 2] TEMP=18.840 < 19C"}
{"TYPE":"WISENSOR","DTU":"B0-D3-35-4E-A4-26","NAME":"GOT ROOM 1","GROUP":"GOT 1","TIMESTAMP":"2025-07-15T00:31:36.885Z","TEMP":"18.91","RH":"60","MESSAGE":"[GOT ROOM 1] TEMP=18.910 < 19C"}
{"TYPE":"WISENSOR","DTU":"B0-1D-93-38-3B-83","NAME":"BOT ROOM 1","GROUP":"BOT 1","TIMESTAMP":"2025-07-15T00:35:06.455Z","TEMP":"20.53","RH":"80","MESSAGE":"[BOT ROOM 1] TEMP=20.530 > 20C RH=80% > 60%"}
{"TYPE":"WISENSOR","DTU":"B0-9E-D7-03-31-68","NAME":"BOT ROOM 2","GROUP":"BOT 2","TIMESTAMP":"2025-07-15T00:39:16.969Z","TEMP":"20.33","RH":"54","MESSAGE":"[BOT ROOM 2] TEMP=20.330 > 20C"}
{"TYPE":"WISENSOR","DTU":"B0-C8-55-84-AD-31","NAME":"GOT ROOM 2","GROUP":"GOT 2","TIMESTAMP":"2025-07-15T00:40:54.152Z","TEMP":"18.83","RH":"57","MESSAGE":"[GOT ROOM 2] TEMP=18.830 < 19C"}
{"TYPE":"WISENSOR","DTU":"B0-D3-35-4E-A4-26","NAME":"GOT ROOM 1","GROUP":"GOT 1","TIMESTAMP":"2025-07-15T00:41:40.737Z","TEMP":"18.73","RH":"60","MESSAGE":"[GOT ROOM 1] TEMP=18.730 < 19C"}
{"TYPE":"DIFF PRESS","DTU":4371,"NAME":"BOT ROOM 1","GROUP":"BOT 1","TIMESTAMP":"2025-07-15T00:49:11.398Z","PRESSURE":25.9,"MESSAGE":"[BOT ROOM 1] PRESS=25.9 > 25 PA"}
{"TYPE":"WISENSOR","DTU":"B0-9E-D7-03-31-68","NAME":"BOT ROOM 2","GROUP":"BOT 2","TIMESTAMP":"2025-07-15T00:49:18.599Z","TEMP":"20.40","RH":"53","MESSAGE":"[BOT ROOM 2] TEMP=20.400 > 20C"}
{"TYPE":"WISENSOR","DTU":"B0-D3-35-4E-A4-26","NAME":"GOT ROOM 1","GROUP":"GOT 1","TIMESTAMP":"2025-07-15T00:51:44.524Z","TEMP":"18.89","RH":"60","MESSAGE":"[GOT ROOM 1] TEMP=18.890 < 19C"}
{"TYPE":"DIFF PRESS","DTU":4371,"NAME":"BOT ROOM 1","GROUP":"BOT 1","TIMESTAMP":"2025-07-15T00:59:11.957Z","PRESSURE":25.2,"MESSAGE":"[BOT ROOM 1] PRESS=25.2 > 25 PA"}
{"TYPE":"WISENSOR","DTU":"B0-9E-D7-03-31-68","NAME":"BOT ROOM 2","GROUP":"BOT 2","TIMESTAMP":"2025-07-15T00:59:19.717Z","TEMP":"20.41","RH":"53","MESSAGE":"[BOT ROOM 2] TEMP=20.410 > 20C"}
{"TYPE":"WISENSOR","DTU":"B0-D3-35-4E-A4-26","NAME":"GOT ROOM 1","GROUP":"GOT 1","TIMESTAMP":"2025-07-15T01:01:46.387Z","TEMP":"18.89","RH":"60","MESSAGE":"[GOT ROOM 1] TEMP=18.890 < 19C"}
{"TYPE":"DIFF PRESS","DTU":4371,"NAME":"BOT ROOM 1","GROUP":"BOT 1","TIMESTAMP":"2025-07-15T01:09:12.392Z","PRESSURE":25.4,"MESSAGE":"[BOT ROOM 1] PRESS=25.4 > 25 PA"}
{"TYPE":"WISENSOR","DTU":"B0-9E-D7-03-31-68","NAME":"BOT ROOM 2","GROUP":"BOT 2","TIMESTAMP":"2025-07-15T01:09:18.791Z","TEMP":"20.45","RH":"54","MESSAGE":"[BOT ROOM 2] TEMP=20.450 > 20C"}
{"TYPE":"WISENSOR","DTU":"B0-C8-55-84-AD-31","NAME":"GOT ROOM 2","GROUP":"GOT 2","TIMESTAMP":"2025-07-15T01:11:16.866Z","TEMP":"18.98","RH":"56","MESSAGE":"[GOT ROOM 2] TEMP=18.980 < 19C"}
{"TYPE":"WISENSOR","DTU":"B0-D3-35-4E-A4-26","NAME":"GOT ROOM 1","GROUP":"GOT 1","TIMESTAMP":"2025-07-15T01:11:49.179Z","TEMP":"18.80","RH":"60","MESSAGE":"[GOT ROOM 1] TEMP=18.800 < 19C"}
{"TYPE":"DIFF PRESS","DTU":4371,"NAME":"BOT ROOM 1","GROUP":"BOT 1","TIMESTAMP":"2025-07-15T01:19:12.851Z","PRESSURE":26.2,"MESSAGE":"[BOT ROOM 1] PRESS=26.2 > 25 PA"}
{"TYPE":"WISENSOR","DTU":"B0-9E-D7-03-31-68","NAME":"BOT ROOM 2","GROUP":"BOT 2","TIMESTAMP":"2025-07-15T01:19:21.793Z","TEMP":"20.40","RH":"53","MESSAGE":"[BOT ROOM 2] TEMP=20.400 > 20C"}
{"TYPE":"WISENSOR","DTU":"B0-C8-55-84-AD-31","NAME":"GOT ROOM 2","GROUP":"GOT 2","TIMESTAMP":"2025-07-15T01:21:24.178Z","TEMP":"18.85","RH":"57","MESSAGE":"[GOT ROOM 2] TEMP=18.850 < 19C"}
{"TYPE":"WISENSOR","DTU":"B0-D3-35-4E-A4-26","NAME":"GOT ROOM 1","GROUP":"GOT 1","TIMESTAMP":"2025-07-15T01:21:58.378Z","TEMP":"18.87","RH":"60","MESSAGE":"[GOT ROOM 1] TEMP=18.870 < 19C"}
{"TYPE":"DIFF PRESS","DTU":4371,"NAME":"BOT ROOM 1","GROUP":"BOT 1","TIMESTAMP":"2025-07-15T01:29:13.372Z","PRESSURE":25.5,"MESSAGE":"[BOT ROOM 1] PRESS=25.5 > 25 PA"}
{"TYPE":"WISENSOR","DTU":"B0-9E-D7-03-31-68","NAME":"BOT ROOM 2","GROUP":"BOT 2","TIMESTAMP":"2025-07-15T01:29:22.132Z","TEMP":"20.44","RH":"54","MESSAGE":"[BOT ROOM 2] TEMP=20.440 > 20C"}
{"TYPE":"WISENSOR","DTU":"B0-C8-55-84-AD-31","NAME":"GOT ROOM 2","GROUP":"GOT 2","TIMESTAMP":"2025-07-15T01:31:26.488Z","TEMP":"18.78","RH":"57","MESSAGE":"[GOT ROOM 2] TEMP=18.780 < 19C"}
{"TYPE":"WISENSOR","DTU":"B0-D3-35-4E-A4-26","NAME":"GOT ROOM 1","GROUP":"GOT 1","TIMESTAMP":"2025-07-15T01:32:10.203Z","TEMP":"18.83","RH":"60","MESSAGE":"[GOT ROOM 1] TEMP=18.830 < 19C"}
{"TYPE":"DIFF PRESS","DTU":4371,"NAME":"BOT ROOM 1","GROUP":"BOT 1","TIMESTAMP":"2025-07-15T01:39:13.895Z","PRESSURE":25.1,"MESSAGE":"[BOT ROOM 1] PRESS=25.1 > 25 PA"}
{"TYPE":"WISENSOR","DTU":"B0-9E-D7-03-31-68","NAME":"BOT ROOM 2","GROUP":"BOT 2","TIMESTAMP":"2025-07-15T01:39:22.093Z","TEMP":"20.43","RH":"54","MESSAGE":"[BOT ROOM 2] TEMP=20.430 > 20C"}
{"TYPE":"WISENSOR","DTU":"B0-C8-55-84-AD-31","NAME":"GOT ROOM 2","GROUP":"GOT 2","TIMESTAMP":"2025-07-15T01:41:30.108Z","TEMP":"18.84","RH":"56","MESSAGE":"[GOT ROOM 2] TEMP=18.840 < 19C"}
{"TYPE":"WISENSOR","DTU":"B0-D3-35-4E-A4-26","NAME":"GOT ROOM 1","GROUP":"GOT 1","TIMESTAMP":"2025-07-15T01:42:18.894Z","TEMP":"18.86","RH":"60","MESSAGE":"[GOT ROOM 1] TEMP=18.860 < 19C"}
{"TYPE":"DIFF PRESS","DTU":4371,"NAME":"BOT ROOM 1","GROUP":"BOT 1","TIMESTAMP":"2025-07-15T01:49:14.320Z","PRESSURE":25.4,"MESSAGE":"[BOT ROOM 1] PRESS=25.4 > 25 PA"}
{"TYPE":"WISENSOR","DTU":"B0-9E-D7-03-31-68","NAME":"BOT ROOM 2","GROUP":"BOT 2","TIMESTAMP":"2025-07-15T01:49:27.661Z","TEMP":"20.41","RH":"54","MESSAGE":"[BOT ROOM 2] TEMP=20.410 > 20C"}
{"TYPE":"WISENSOR","DTU":"B0-D3-35-4E-A4-26","NAME":"GOT ROOM 1","GROUP":"GOT 1","TIMESTAMP":"2025-07-15T01:52:29.820Z","TEMP":"18.86","RH":"61","MESSAGE":"[GOT ROOM 1] TEMP=18.860 < 19C RH=61% > 60%"}
{"TYPE":"DIFF PRESS","DTU":4371,"NAME":"BOT ROOM 1","GROUP":"BOT 1","TIMESTAMP":"2025-07-15T01:59:14.843Z","PRESSURE":25.1,"MESSAGE":"[BOT ROOM 1] PRESS=25.1 > 25 PA"}
{"TYPE":"WISENSOR","DTU":"B0-9E-D7-03-31-68","NAME":"BOT ROOM 2","GROUP":"BOT 2","TIMESTAMP":"2025-07-15T01:59:34.028Z","TEMP":"20.45","RH":"54","MESSAGE":"[BOT ROOM 2] TEMP=20.450 > 20C"}
{"TYPE":"DIFF PRESS","DTU":4371,"NAME":"BOT ROOM 1","GROUP":"BOT 1","TIMESTAMP":"2025-07-15T02:09:15.284Z","PRESSURE":25.9,"MESSAGE":"[BOT ROOM 1] PRESS=25.9 > 25 PA"}
{"TYPE":"WISENSOR","DTU":"B0-9E-D7-03-31-68","NAME":"BOT ROOM 2","GROUP":"BOT 2","TIMESTAMP":"2025-07-15T02:09:36.329Z","TEMP":"20.52","RH":"54","MESSAGE":"[BOT ROOM 2] TEMP=20.520 > 20C"}
{"TYPE":"WISENSOR","DTU":"B0-C8-55-84-AD-31","NAME":"GOT ROOM 2","GROUP":"GOT 2","TIMESTAMP":"2025-07-15T02:11:36.838Z","TEMP":"18.98","RH":"57","MESSAGE":"[GOT ROOM 2] TEMP=18.980 < 19C"}
{"TYPE":"WISENSOR","DTU":"B0-D3-35-4E-A4-26","NAME":"GOT ROOM 1","GROUP":"GOT 1","TIMESTAMP":"2025-07-15T02:12:47.475Z","TEMP":"19.03","RH":"61","MESSAGE":"[GOT ROOM 1] RH=61% > 60%"}
{"TYPE":"WISENSOR","DTU":"B0-9E-D7-03-31-68","NAME":"BOT ROOM 2","GROUP":"BOT 2","TIMESTAMP":"2025-07-15T02:19:42.046Z","TEMP":"20.50","RH":"54","MESSAGE":"[BOT ROOM 2] TEMP=20.500 > 20C"}
{"TYPE":"WISENSOR","DTU":"B0-C8-55-84-AD-31","NAME":"GOT ROOM 2","GROUP":"GOT 2","TIMESTAMP":"2025-07-15T02:21:44.025Z","TEMP":"18.95","RH":"56","MESSAGE":"[GOT ROOM 2] TEMP=18.950 < 19C"}
{"TYPE":"WISENSOR","DTU":"B0-D3-35-4E-A4-26","NAME":"GOT ROOM 1","GROUP":"GOT 1","TIMESTAMP":"2025-07-15T02:22:50.556Z","TEMP":"18.93","RH":"61","MESSAGE":"[GOT ROOM 1] TEMP=18.930 < 19C RH=61% > 60%"}
{"TYPE":"WISENSOR","DTU":"B0-9E-D7-03-31-68","NAME":"BOT ROOM 2","GROUP":"BOT 2","TIMESTAMP":"2025-07-15T02:29:49.208Z","TEMP":"20.45","RH":"55","MESSAGE":"[BOT ROOM 2] TEMP=20.450 > 20C"}
{"TYPE":"DIFF PRESS","DTU":3553,"NAME":"BOT ROOM 2","GROUP":"BOT 2","TIMESTAMP":"2025-07-15T02:31:25.376Z","PRESSURE":-63,"MESSAGE":"[BOT ROOM 2] PRESS=-63 < 15 PA"}
{"TYPE":"WISENSOR","DTU":"B0-C8-55-84-AD-31","NAME":"GOT ROOM 2","GROUP":"GOT 2","TIMESTAMP":"2025-07-15T02:31:50.291Z","TEMP":"18.89","RH":"56","MESSAGE":"[GOT ROOM 2] TEMP=18.890 < 19C"}
{"TYPE":"WISENSOR","DTU":"B0-D3-35-4E-A4-26","NAME":"GOT ROOM 1","GROUP":"GOT 1","TIMESTAMP":"2025-07-15T02:33:01.302Z","TEMP":"18.90","RH":"60","MESSAGE":"[GOT ROOM 1] TEMP=18.900 < 19C"}
{"TYPE":"WISENSOR","DTU":"B0-9E-D7-03-31-68","NAME":"BOT ROOM 2","GROUP":"BOT 2","TIMESTAMP":"2025-07-15T02:39:53.689Z","TEMP":"20.34","RH":"55","MESSAGE":"[BOT ROOM 2] TEMP=20.340 > 20C"}
{"TYPE":"DIFF PRESS","DTU":6938,"NAME":"GOT ROOM 2","GROUP":"GOT 2","TIMESTAMP":"2025-07-15T02:41:04.374Z","PRESSURE":14.8,"MESSAGE":"[GOT ROOM 2] PRESS=14.8 < 15 PA"}
{"TYPE":"WISENSOR","DTU":"B0-C8-55-84-AD-31","NAME":"GOT ROOM 2","GROUP":"GOT 2","TIMESTAMP":"2025-07-15T02:41:50.861Z","TEMP":"18.79","RH":"56","MESSAGE":"[GOT ROOM 2] TEMP=18.790 < 19C"}
{"TYPE":"WISENSOR","DTU":"B0-D3-35-4E-A4-26","NAME":"GOT ROOM 1","GROUP":"GOT 1","TIMESTAMP":"2025-07-15T02:43:07.048Z","TEMP":"18.92","RH":"60","MESSAGE":"[GOT ROOM 1] TEMP=18.920 < 19C"}
{"TYPE":"DIFF PRESS","DTU":6937,"NAME":"GOT ROOM 1","GROUP":"GOT 1","TIMESTAMP":"2025-07-15T02:47:14.676Z","PRESSURE":0.6,"MESSAGE":"[GOT ROOM 1] PRESS=0.6 < 15 PA"}
{"TYPE":"DIFF PRESS","DTU":4371,"NAME":"BOT ROOM 1","GROUP":"BOT 1","TIMESTAMP":"2025-07-15T02:49:18.700Z","PRESSURE":25.2,"MESSAGE":"[BOT ROOM 1] PRESS=25.2 > 25 PA"}
{"TYPE":"WISENSOR","DTU":"B0-9E-D7-03-31-68","NAME":"BOT ROOM 2","GROUP":"BOT 2","TIMESTAMP":"2025-07-15T02:49:52.464Z","TEMP":"20.41","RH":"56","MESSAGE":"[BOT ROOM 2] TEMP=20.410 > 20C"}
{"TYPE":"DIFF PRESS","DTU":6938,"NAME":"GOT ROOM 2","GROUP":"GOT 2","TIMESTAMP":"2025-07-15T02:51:04.777Z","PRESSURE":14.6,"MESSAGE":"[GOT ROOM 2] PRESS=14.6 < 15 PA"}
{"TYPE":"WISENSOR","DTU":"B0-C8-55-84-AD-31","NAME":"GOT ROOM 2","GROUP":"GOT 2","TIMESTAMP":"2025-07-15T02:51:57.140Z","TEMP":"18.81","RH":"56","MESSAGE":"[GOT ROOM 2] TEMP=18.810 < 19C"}
{"TYPE":"WISENSOR","DTU":"B0-D3-35-4E-A4-26","NAME":"GOT ROOM 1","GROUP":"GOT 1","TIMESTAMP":"2025-07-15T02:53:12.468Z","TEMP":"18.51","RH":"61","MESSAGE":"[GOT ROOM 1] TEMP=18.510 < 19C RH=61% > 60%"}
{"TYPE":"DIFF PRESS","DTU":4371,"NAME":"BOT ROOM 1","GROUP":"BOT 1","TIMESTAMP":"2025-07-15T02:59:18.929Z","PRESSURE":25.6,"MESSAGE":"[BOT ROOM 1] PRESS=25.6 > 25 PA"}
{"TYPE":"WISENSOR","DTU":"B0-9E-D7-03-31-68","NAME":"BOT ROOM 2","GROUP":"BOT 2","TIMESTAMP":"2025-07-15T02:59:51.445Z","TEMP":"20.50","RH":"56","MESSAGE":"[BOT ROOM 2] TEMP=20.500 > 20C"}
{"TYPE":"WISENSOR","DTU":"B0-C8-55-84-AD-31","NAME":"GOT ROOM 2","GROUP":"GOT 2","TIMESTAMP":"2025-07-15T03:02:02.372Z","TEMP":"18.84","RH":"56","MESSAGE":"[GOT ROOM 2] TEMP=18.840 < 19C"}
{"TYPE":"WISENSOR","DTU":"B0-D3-35-4E-A4-26","NAME":"GOT ROOM 1","GROUP":"GOT 1","TIMESTAMP":"2025-07-15T03:03:24.224Z","TEMP":"18.48","RH":"61","MESSAGE":"[GOT ROOM 1] TEMP=18.480 < 19C RH=61% > 60%"}
{"TYPE":"DIFF PRESS","DTU":4371,"NAME":"BOT ROOM 1","GROUP":"BOT 1","TIMESTAMP":"2025-07-15T03:09:18.820Z","PRESSURE":25.2,"MESSAGE":"[BOT ROOM 1] PRESS=25.2 > 25 PA"}
{"TYPE":"WISENSOR","DTU":"B0-9E-D7-03-31-68","NAME":"BOT ROOM 2","GROUP":"BOT 2","TIMESTAMP":"2025-07-15T03:09:55.327Z","TEMP":"20.56","RH":"56","MESSAGE":"[BOT ROOM 2] TEMP=20.560 > 20C"}
{"TYPE":"WISENSOR","DTU":"B0-C8-55-84-AD-31","NAME":"GOT ROOM 2","GROUP":"GOT 2","TIMESTAMP":"2025-07-15T03:12:01.503Z","TEMP":"18.94","RH":"56","MESSAGE":"[GOT ROOM 2] TEMP=18.940 < 19C"}
{"TYPE":"WISENSOR","DTU":"B0-D3-35-4E-A4-26","NAME":"GOT ROOM 1","GROUP":"GOT 1","TIMESTAMP":"2025-07-15T03:23:38.886Z","TEMP":"18.83","RH":"60","MESSAGE":"[GOT ROOM 1] TEMP=18.830 < 19C"}
{"TYPE":"DIFF PRESS","DTU":4371,"NAME":"BOT ROOM 1","GROUP":"BOT 1","TIMESTAMP":"2025-07-15T03:29:19.760Z","PRESSURE":25.8,"MESSAGE":"[BOT ROOM 1] PRESS=25.8 > 25 PA"}
{"TYPE":"DIFF PRESS","DTU":3553,"NAME":"BOT ROOM 2","GROUP":"BOT 2","TIMESTAMP":"2025-07-15T03:31:28.260Z","PRESSURE":12.2,"MESSAGE":"[BOT ROOM 2] PRESS=12.2 < 15 PA"}
{"TYPE":"WISENSOR","DTU":"B0-D3-35-4E-A4-26","NAME":"GOT ROOM 1","GROUP":"GOT 1","TIMESTAMP":"2025-07-15T03:33:46.950Z","TEMP":"18.66","RH":"61","MESSAGE":"[GOT ROOM 1] TEMP=18.660 < 19C RH=61% > 60%"}
{"TYPE":"DIFF PRESS","DTU":4371,"NAME":"BOT ROOM 1","GROUP":"BOT 1","TIMESTAMP":"2025-07-15T03:39:19.738Z","PRESSURE":25.7,"MESSAGE":"[BOT ROOM 1] PRESS=25.7 > 25 PA"}
{"TYPE":"DIFF PRESS","DTU":4371,"NAME":"BOT ROOM 1","GROUP":"BOT 1","TIMESTAMP":"2025-07-15T03:49:20.254Z","PRESSURE":26,"MESSAGE":"[BOT ROOM 1] PRESS=26 > 25 PA"}
{"TYPE":"DIFF PRESS","DTU":6937,"NAME":"GOT ROOM 1","GROUP":"GOT 1","TIMESTAMP":"2025-07-15T03:57:17.318Z","PRESSURE":40.2,"MESSAGE":"[GOT ROOM 1] PRESS=40.2 > 25 PA"}
{"TYPE":"DIFF PRESS","DTU":4371,"NAME":"BOT ROOM 1","GROUP":"BOT 1","TIMESTAMP":"2025-07-15T03:59:20.715Z","PRESSURE":11.1,"MESSAGE":"[BOT ROOM 1] PRESS=11.1 < 15 PA"}
{"TYPE":"DIFF PRESS","DTU":3553,"NAME":"BOT ROOM 2","GROUP":"BOT 2","TIMESTAMP":"2025-07-15T04:01:29.672Z","PRESSURE":-64,"MESSAGE":"[BOT ROOM 2] PRESS=-64 < 15 PA"}
{"TYPE":"DIFF PRESS","DTU":6937,"NAME":"GOT ROOM 1","GROUP":"GOT 1","TIMESTAMP":"2025-07-15T05:27:20.540Z","PRESSURE":0.8,"MESSAGE":"[GOT ROOM 1] PRESS=0.8 < 15 PA"}
{"TYPE":"DIFF PRESS","DTU":4371,"NAME":"BOT ROOM 1","GROUP":"BOT 1","TIMESTAMP":"2025-07-15T05:29:25.210Z","PRESSURE":4.1,"MESSAGE":"[BOT ROOM 1] PRESS=4.1 < 15 PA"}
{"TYPE":"DIFF PRESS","DTU":3553,"NAME":"BOT ROOM 2","GROUP":"BOT 2","TIMESTAMP":"2025-07-15T05:31:34.112Z","PRESSURE":-62,"MESSAGE":"[BOT ROOM 2] PRESS=-62 < 15 PA"}
{"TYPE":"DIFF PRESS","DTU":6937,"NAME":"GOT ROOM 1","GROUP":"GOT 1","TIMESTAMP":"2025-07-15T05:37:20.905Z","PRESSURE":0.6,"MESSAGE":"[GOT ROOM 1] PRESS=0.6 < 15 PA"}
{"TYPE":"DIFF PRESS","DTU":4371,"NAME":"BOT ROOM 1","GROUP":"BOT 1","TIMESTAMP":"2025-07-15T05:39:25.687Z","PRESSURE":4.1,"MESSAGE":"[BOT ROOM 1] PRESS=4.1 < 15 PA"}
{"TYPE":"DIFF PRESS","DTU":6938,"NAME":"GOT ROOM 2","GROUP":"GOT 2","TIMESTAMP":"2025-07-15T05:41:11.035Z","PRESSURE":14.9,"MESSAGE":"[GOT ROOM 2] PRESS=14.9 < 15 PA"}
{"TYPE":"DIFF PRESS","DTU":3553,"NAME":"BOT ROOM 2","GROUP":"BOT 2","TIMESTAMP":"2025-07-15T05:41:34.628Z","PRESSURE":-63,"MESSAGE":"[BOT ROOM 2] PRESS=-63 < 15 PA"}
{"TYPE":"DIFF PRESS","DTU":6937,"NAME":"GOT ROOM 1","GROUP":"GOT 1","TIMESTAMP":"2025-07-15T06:07:22.297Z","PRESSURE":0.5,"MESSAGE":"[GOT ROOM 1] PRESS=0.5 < 15 PA"}
{"TYPE":"DIFF PRESS","DTU":6938,"NAME":"GOT ROOM 2","GROUP":"GOT 2","TIMESTAMP":"2025-07-15T06:11:12.055Z","PRESSURE":14.8,"MESSAGE":"[GOT ROOM 2] PRESS=14.8 < 15 PA"}
{"TYPE":"DIFF PRESS","DTU":6938,"NAME":"GOT ROOM 2","GROUP":"GOT 2","TIMESTAMP":"2025-07-15T06:51:13.544Z","PRESSURE":14.5,"MESSAGE":"[GOT ROOM 2] PRESS=14.5 < 15 PA"}
{"TYPE":"DIFF PRESS","DTU":6937,"NAME":"GOT ROOM 1","GROUP":"GOT 1","TIMESTAMP":"2025-07-15T06:57:23.899Z","PRESSURE":0.6,"MESSAGE":"[GOT ROOM 1] PRESS=0.6 < 15 PA"}
{"TYPE":"DIFF PRESS","DTU":6937,"NAME":"GOT ROOM 1","GROUP":"GOT 1","TIMESTAMP":"2025-07-15T07:27:24.907Z","PRESSURE":0.6,"MESSAGE":"[GOT ROOM 1] PRESS=0.6 < 15 PA"}
{"TYPE":"WISENSOR","DTU":"B0-D3-35-4E-A4-26","NAME":"GOT ROOM 1","GROUP":"GOT 1","TIMESTAMP":"2025-07-15T21:46:01.146Z","TEMP":"18.86","RH":"62","MESSAGE":"[GOT ROOM 1] RH=62% > 60%"}
{"TYPE":"WISENSOR","DTU":"B0-C8-55-84-AD-31","NAME":"GOT ROOM 2","GROUP":"GOT 2","TIMESTAMP":"2025-07-15T21:48:43.197Z","TEMP":"19.49","RH":"64","MESSAGE":"[GOT ROOM 2] RH=64% > 60%"}
{"TYPE":"DIFF PRESS","DTU":4371,"NAME":"BOT ROOM 1","GROUP":"BOT 1","TIMESTAMP":"2025-07-15T21:50:13.026Z","PRESSURE":26.7,"MESSAGE":"[BOT ROOM 1] PRESS=26.7 > 25 PA"}
{"TYPE":"WISENSOR","DTU":"B0-D3-35-4E-A4-26","NAME":"GOT ROOM 1","GROUP":"GOT 1","TIMESTAMP":"2025-07-15T21:56:13.095Z","TEMP":"18.80","RH":"63","MESSAGE":"[GOT ROOM 1] RH=63% > 60%"}
{"TYPE":"DIFF PRESS","DTU":4371,"NAME":"BOT ROOM 1","GROUP":"BOT 1","TIMESTAMP":"2025-07-15T22:00:13.499Z","PRESSURE":27.2,"MESSAGE":"[BOT ROOM 1] PRESS=27.2 > 25 PA"}
{"TYPE":"WISENSOR","DTU":"B0-D3-35-4E-A4-26","NAME":"GOT ROOM 1","GROUP":"GOT 1","TIMESTAMP":"2025-07-15T22:06:17.584Z","TEMP":"18.83","RH":"63","MESSAGE":"[GOT ROOM 1] RH=63% > 60%"}
{"TYPE":"DIFF PRESS","DTU":4371,"NAME":"BOT ROOM 1","GROUP":"BOT 1","TIMESTAMP":"2025-07-15T22:10:12.664Z","PRESSURE":26.8,"MESSAGE":"[BOT ROOM 1] PRESS=26.8 > 25 PA"}
{"TYPE":"WISENSOR","DTU":"B0-D3-35-4E-A4-26","NAME":"GOT ROOM 1","GROUP":"GOT 1","TIMESTAMP":"2025-07-15T22:16:24.401Z","TEMP":"18.84","RH":"62","MESSAGE":"[GOT ROOM 1] RH=62% > 60%"}
{"TYPE":"DIFF PRESS","DTU":4371,"NAME":"BOT ROOM 1","GROUP":"BOT 1","TIMESTAMP":"2025-07-15T22:20:13.851Z","PRESSURE":27.1,"MESSAGE":"[BOT ROOM 1] PRESS=27.1 > 25 PA"}
{"TYPE":"DIFF PRESS","DTU":4371,"NAME":"BOT ROOM 1","GROUP":"BOT 1","TIMESTAMP":"2025-07-15T22:30:15.052Z","PRESSURE":27.1,"MESSAGE":"[BOT ROOM 1] PRESS=27.1 > 25 PA"}
{"TYPE":"WISENSOR","DTU":"B0-C8-55-84-AD-31","NAME":"GOT ROOM 2","GROUP":"GOT 2","TIMESTAMP":"2025-07-15T22:38:46.160Z","TEMP":"19.33","RH":"66","MESSAGE":"[GOT ROOM 2] RH=66% > 60%"}
{"TYPE":"DIFF PRESS","DTU":4371,"NAME":"BOT ROOM 1","GROUP":"BOT 1","TIMESTAMP":"2025-07-15T22:40:15.578Z","PRESSURE":27.2,"MESSAGE":"[BOT ROOM 1] PRESS=27.2 > 25 PA"}
{"TYPE":"DIFF PRESS","DTU":4371,"NAME":"BOT ROOM 1","GROUP":"BOT 1","TIMESTAMP":"2025-07-15T22:50:16.028Z","PRESSURE":27.5,"MESSAGE":"[BOT ROOM 1] PRESS=27.5 > 25 PA"}
{"TYPE":"DIFF PRESS","DTU":4371,"NAME":"BOT ROOM 1","GROUP":"BOT 1","TIMESTAMP":"2025-07-15T23:00:16.542Z","PRESSURE":26.8,"MESSAGE":"[BOT ROOM 1] PRESS=26.8 > 25 PA"}
{"TYPE":"WISENSOR","DTU":"B0-D3-35-4E-A4-26","NAME":"GOT ROOM 1","GROUP":"GOT 1","TIMESTAMP":"2025-07-15T23:07:04.936Z","TEMP":"18.79","RH":"61","MESSAGE":"[GOT ROOM 1] RH=61% > 60%"}
{"TYPE":"WISENSOR","DTU":"B0-D3-35-4E-A4-26","NAME":"GOT ROOM 1","GROUP":"GOT 1","TIMESTAMP":"2025-07-15T23:17:06.800Z","TEMP":"18.82","RH":"61","MESSAGE":"[GOT ROOM 1] RH=61% > 60%"}
{"TYPE":"WISENSOR","DTU":"B0-D3-35-4E-A4-26","NAME":"GOT ROOM 1","GROUP":"GOT 1","TIMESTAMP":"2025-07-15T23:27:10.814Z","TEMP":"18.80","RH":"61","MESSAGE":"[GOT ROOM 1] RH=61% > 60%"}
{"TYPE":"DIFF PRESS","DTU":6937,"NAME":"GOT ROOM 1","GROUP":"GOT 1","TIMESTAMP":"2025-07-15T23:28:00.345Z","PRESSURE":0.8,"MESSAGE":"[GOT ROOM 1] PRESS=0.8 < 15 PA"}
{"TYPE":"DIFF PRESS","DTU":6938,"NAME":"GOT ROOM 2","GROUP":"GOT 2","TIMESTAMP":"2025-07-15T23:31:50.306Z","PRESSURE":14.9,"MESSAGE":"[GOT ROOM 2] PRESS=14.9 < 15 PA"}
{"TYPE":"DIFF PRESS","DTU":3553,"NAME":"BOT ROOM 2","GROUP":"BOT 2","TIMESTAMP":"2025-07-15T23:32:26.750Z","PRESSURE":-63,"MESSAGE":"[BOT ROOM 2] PRESS=-63 < 15 PA"}
{"TYPE":"WISENSOR","DTU":"B0-D3-35-4E-A4-26","NAME":"GOT ROOM 1","GROUP":"GOT 1","TIMESTAMP":"2025-07-15T23:37:15.181Z","TEMP":"18.76","RH":"61","MESSAGE":"[GOT ROOM 1] RH=61% > 60%"}
{"TYPE":"DIFF PRESS","DTU":6937,"NAME":"GOT ROOM 1","GROUP":"GOT 1","TIMESTAMP":"2025-07-15T23:38:00.604Z","PRESSURE":0.6,"MESSAGE":"[GOT ROOM 1] PRESS=0.6 < 15 PA"}
{"TYPE":"DIFF PRESS","DTU":6938,"NAME":"GOT ROOM 2","GROUP":"GOT 2","TIMESTAMP":"2025-07-15T23:41:50.447Z","PRESSURE":14.7,"MESSAGE":"[GOT ROOM 2] PRESS=14.7 < 15 PA"}
{"TYPE":"DIFF PRESS","DTU":3553,"NAME":"BOT ROOM 2","GROUP":"BOT 2","TIMESTAMP":"2025-07-15T23:42:27.106Z","PRESSURE":-62,"MESSAGE":"[BOT ROOM 2] PRESS=-62 < 15 PA"}
{"TYPE":"WISENSOR","DTU":"B0-D3-35-4E-A4-26","NAME":"GOT ROOM 1","GROUP":"GOT 1","TIMESTAMP":"2025-07-15T23:47:24.317Z","TEMP":"18.62","RH":"61","MESSAGE":"[GOT ROOM 1] RH=61% > 60%"}
{"TYPE":"DIFF PRESS","DTU":4371,"NAME":"BOT ROOM 1","GROUP":"BOT 1","TIMESTAMP":"2025-07-15T23:50:19.002Z","PRESSURE":4.1,"MESSAGE":"[BOT ROOM 1] PRESS=4.1 < 15 PA"}
{"TYPE":"DIFF PRESS","DTU":6938,"NAME":"GOT ROOM 2","GROUP":"GOT 2","TIMESTAMP":"2025-07-15T23:51:51.005Z","PRESSURE":14.8,"MESSAGE":"[GOT ROOM 2] PRESS=14.8 < 15 PA"}
{"TYPE":"DIFF PRESS","DTU":3553,"NAME":"BOT ROOM 2","GROUP":"BOT 2","TIMESTAMP":"2025-07-15T23:52:27.687Z","PRESSURE":-63,"MESSAGE":"[BOT ROOM 2] PRESS=-63 < 15 PA"}
{"TYPE":"WISENSOR","DTU":"B0-D3-35-4E-A4-26","NAME":"GOT ROOM 1","GROUP":"GOT 1","TIMESTAMP":"2025-07-16T00:07:38.531Z","TEMP":"18.69","RH":"61","MESSAGE":"[GOT ROOM 1] RH=61% > 60%"}
{"TYPE":"DIFF PRESS","DTU":6937,"NAME":"GOT ROOM 1","GROUP":"GOT 1","TIMESTAMP":"2025-07-16T00:08:01.808Z","PRESSURE":0.6,"MESSAGE":"[GOT ROOM 1] PRESS=0.6 < 15 PA"}
{"TYPE":"WISENSOR","DTU":"B0-D3-35-4E-A4-26","NAME":"GOT ROOM 1","GROUP":"GOT 1","TIMESTAMP":"2025-07-16T00:17:48.532Z","TEMP":"18.77","RH":"62","MESSAGE":"[GOT ROOM 1] RH=62% > 60%"}
{"TYPE":"WISENSOR","DTU":"B0-D3-35-4E-A4-26","NAME":"GOT ROOM 1","GROUP":"GOT 1","TIMESTAMP":"2025-07-16T00:28:00.519Z","TEMP":"18.90","RH":"61","MESSAGE":"[GOT ROOM 1] RH=61% > 60%"}
{"TYPE":"DIFF PRESS","DTU":6937,"NAME":"GOT ROOM 1","GROUP":"GOT 1","TIMESTAMP":"2025-07-16T00:38:02.987Z","PRESSURE":12.3,"MESSAGE":"[GOT ROOM 1] PRESS=12.3 < 15 PA"}
{"TYPE":"WISENSOR","DTU":"B0-D3-35-4E-A4-26","NAME":"GOT ROOM 1","GROUP":"GOT 1","TIMESTAMP":"2025-07-16T00:38:07.845Z","TEMP":"18.77","RH":"62","MESSAGE":"[GOT ROOM 1] RH=62% > 60%"}
{"TYPE":"WISENSOR","DTU":"B0-D3-35-4E-A4-26","NAME":"GOT ROOM 1","GROUP":"GOT 1","TIMESTAMP":"2025-07-16T00:48:18.948Z","TEMP":"18.85","RH":"62","MESSAGE":"[GOT ROOM 1] RH=62% > 60%"}
{"TYPE":"DIFF PRESS","DTU":4371,"NAME":"BOT ROOM 1","GROUP":"BOT 1","TIMESTAMP":"2025-07-16T02:30:26.919Z","PRESSURE":4.1,"MESSAGE":"[BOT ROOM 1] PRESS=4.1 < 15 PA"}
{"TYPE":"WISENSOR","DTU":"B0-1D-93-38-3B-83","NAME":"BOT ROOM 1","GROUP":"BOT 1","TIMESTAMP":"2025-07-16T02:46:34.203Z","TEMP":"21.10","RH":"52","MESSAGE":"[BOT ROOM 1] TEMP=21.100 > 21C"}
{"TYPE":"DIFF PRESS","DTU":4371,"NAME":"BOT ROOM 1","GROUP":"BOT 1","TIMESTAMP":"2025-07-16T03:00:28.261Z","PRESSURE":14.7,"MESSAGE":"[BOT ROOM 1] PRESS=14.7 < 15 PA"}
{"TYPE":"DIFF PRESS","DTU":3553,"NAME":"BOT ROOM 2","GROUP":"BOT 2","TIMESTAMP":"2025-07-16T03:02:37.051Z","PRESSURE":-63,"MESSAGE":"[BOT ROOM 2] PRESS=-63 < 15 PA"}
{"TYPE":"WISENSOR","DTU":"B0-1D-93-38-3B-83","NAME":"BOT ROOM 1","GROUP":"BOT 1","TIMESTAMP":"2025-07-16T03:26:56.213Z","TEMP":"21.04","RH":"52","MESSAGE":"[BOT ROOM 1] TEMP=21.040 > 21C"}
{"TYPE":"WISENSOR","DTU":"B0-1D-93-38-3B-83","NAME":"BOT ROOM 1","GROUP":"BOT 1","TIMESTAMP":"2025-07-16T04:07:11.202Z","TEMP":"21.05","RH":"52","MESSAGE":"[BOT ROOM 1] TEMP=21.050 > 21C"}
{"TYPE":"DIFF PRESS","DTU":6938,"NAME":"GOT ROOM 2","GROUP":"GOT 2","TIMESTAMP":"2025-07-16T04:12:00.589Z","PRESSURE":14.9,"MESSAGE":"[GOT ROOM 2] PRESS=14.9 < 15 PA"}
{"TYPE":"DIFF PRESS","DTU":3553,"NAME":"BOT ROOM 2","GROUP":"BOT 2","TIMESTAMP":"2025-07-16T05:32:44.243Z","PRESSURE":-63,"MESSAGE":"[BOT ROOM 2] PRESS=-63 < 15 PA"}
{"TYPE":"WISENSOR","DTU":"B0-1D-93-38-3B-83","NAME":"BOT ROOM 1","GROUP":"BOT 1","TIMESTAMP":"2025-07-16T05:37:49.759Z","TEMP":"21.12","RH":"52","MESSAGE":"[BOT ROOM 1] TEMP=21.120 > 21C"}
{"TYPE":"DIFF PRESS","DTU":3553,"NAME":"BOT ROOM 2","GROUP":"BOT 2","TIMESTAMP":"2025-07-16T05:42:44.742Z","PRESSURE":-63,"MESSAGE":"[BOT ROOM 2] PRESS=-63 < 15 PA"}
{"TYPE":"WISENSOR","DTU":"B0-1D-93-38-3B-83","NAME":"BOT ROOM 1","GROUP":"BOT 1","TIMESTAMP":"2025-07-16T05:58:00.274Z","TEMP":"21.27","RH":"52","MESSAGE":"[BOT ROOM 1] TEMP=21.270 > 21C"}
{"TYPE":"WISENSOR","DTU":"B0-1D-93-38-3B-83","NAME":"BOT ROOM 1","GROUP":"BOT 1","TIMESTAMP":"2025-07-16T06:08:00.094Z","TEMP":"21.02","RH":"53","MESSAGE":"[BOT ROOM 1] TEMP=21.020 > 21C"}
{"TYPE":"WISENSOR","DTU":"B0-1D-93-38-3B-83","NAME":"BOT ROOM 1","GROUP":"BOT 1","TIMESTAMP":"2025-07-16T06:18:03.614Z","TEMP":"21.05","RH":"52","MESSAGE":"[BOT ROOM 1] TEMP=21.050 > 21C"}
{"TYPE":"WISENSOR","DTU":"B0-1D-93-38-3B-83","NAME":"BOT ROOM 1","GROUP":"BOT 1","TIMESTAMP":"2025-07-16T06:28:02.999Z","TEMP":"21.86","RH":"74","MESSAGE":"[BOT ROOM 1] TEMP=21.860 > 21C RH=74% > 60%"}
{"TYPE":"DIFF PRESS","DTU":3553,"NAME":"BOT ROOM 2","GROUP":"BOT 2","TIMESTAMP":"2025-07-16T06:32:47.189Z","PRESSURE":-62,"MESSAGE":"[BOT ROOM 2] PRESS=-62 < 15 PA"}
{"TYPE":"WISENSOR","DTU":"B0-1D-93-38-3B-83","NAME":"BOT ROOM 1","GROUP":"BOT 1","TIMESTAMP":"2025-07-16T06:48:12.464Z","TEMP":"21.47","RH":"52","MESSAGE":"[BOT ROOM 1] TEMP=21.470 > 21C"}
{"TYPE":"DIFF PRESS","DTU":4371,"NAME":"BOT ROOM 1","GROUP":"BOT 1","TIMESTAMP":"2025-07-16T07:40:41.881Z","PRESSURE":4.1,"MESSAGE":"[BOT ROOM 1] PRESS=4.1 < 15 PA"}
{"TYPE":"WISENSOR","DTU":"B0-C8-55-84-AD-31","NAME":"GOT ROOM 2","GROUP":"GOT 2","TIMESTAMP":"2025-07-16T21:56:56.081Z","TEMP":"19.85","RH":"69","MESSAGE":"[GOT ROOM 2] RH=69% > 60%"}
{"TYPE":"WISENSOR","DTU":"B0-1D-93-38-3B-83","NAME":"BOT ROOM 1","GROUP":"BOT 1","TIMESTAMP":"2025-07-16T22:05:31.110Z","TEMP":"21.16","RH":"63","MESSAGE":"[BOT ROOM 1] TEMP=21.160 > 21C RH=63% > 60%"}
{"TYPE":"WISENSOR","DTU":"B0-C8-55-84-AD-31","NAME":"GOT ROOM 2","GROUP":"GOT 2","TIMESTAMP":"2025-07-16T22:07:00.839Z","TEMP":"19.73","RH":"61","MESSAGE":"[GOT ROOM 2] RH=61% > 60%"}
{"TYPE":"DIFF PRESS","DTU":4371,"NAME":"BOT ROOM 1","GROUP":"BOT 1","TIMESTAMP":"2025-07-16T22:11:24.562Z","PRESSURE":28.1,"MESSAGE":"[BOT ROOM 1] PRESS=28.1 > 25 PA"}
{"TYPE":"DIFF PRESS","DTU":4371,"NAME":"BOT ROOM 1","GROUP":"BOT 1","TIMESTAMP":"2025-07-16T22:21:24.985Z","PRESSURE":27.5,"MESSAGE":"[BOT ROOM 1] PRESS=27.5 > 25 PA"}
{"TYPE":"WISENSOR","DTU":"B0-1D-93-38-3B-83","NAME":"BOT ROOM 1","GROUP":"BOT 1","TIMESTAMP":"2025-07-16T22:25:48.338Z","TEMP":"21.96","RH":"61","MESSAGE":"[BOT ROOM 1] TEMP=21.960 > 21C RH=61% > 60%"}
{"TYPE":"DIFF PRESS","DTU":4371,"NAME":"BOT ROOM 1","GROUP":"BOT 1","TIMESTAMP":"2025-07-16T22:31:25.522Z","PRESSURE":27.1,"MESSAGE":"[BOT ROOM 1] PRESS=27.1 > 25 PA"}
{"TYPE":"DIFF PRESS","DTU":4371,"NAME":"BOT ROOM 1","GROUP":"BOT 1","TIMESTAMP":"2025-07-16T22:41:26.012Z","PRESSURE":28.1,"MESSAGE":"[BOT ROOM 1] PRESS=28.1 > 25 PA"}
{"TYPE":"DIFF PRESS","DTU":3553,"NAME":"BOT ROOM 2","GROUP":"BOT 2","TIMESTAMP":"2025-07-16T22:43:34.658Z","PRESSURE":25.1,"MESSAGE":"[BOT ROOM 2] PRESS=25.1 > 25 PA"}
{"TYPE":"WISENSOR","DTU":"B0-1D-93-38-3B-83","NAME":"BOT ROOM 1","GROUP":"BOT 1","TIMESTAMP":"2025-07-16T22:46:01.210Z","TEMP":"21.24","RH":"67","MESSAGE":"[BOT ROOM 1] TEMP=21.240 > 21C RH=67% > 60%"}
{"TYPE":"DIFF PRESS","DTU":4371,"NAME":"BOT ROOM 1","GROUP":"BOT 1","TIMESTAMP":"2025-07-16T22:51:26.484Z","PRESSURE":27.4,"MESSAGE":"[BOT ROOM 1] PRESS=27.4 > 25 PA"}
{"TYPE":"DIFF PRESS","DTU":3553,"NAME":"BOT ROOM 2","GROUP":"BOT 2","TIMESTAMP":"2025-07-16T22:53:35.095Z","PRESSURE":25.1,"MESSAGE":"[BOT ROOM 2] PRESS=25.1 > 25 PA"}
{"TYPE":"WISENSOR","DTU":"B0-1D-93-38-3B-83","NAME":"BOT ROOM 1","GROUP":"BOT 1","TIMESTAMP":"2025-07-16T22:56:09.532Z","TEMP":"21.11","RH":"60","MESSAGE":"[BOT ROOM 1] TEMP=21.110 > 21C"}
{"TYPE":"WISENSOR","DTU":"B0-C8-55-84-AD-31","NAME":"GOT ROOM 2","GROUP":"GOT 2","TIMESTAMP":"2025-07-16T22:57:27.906Z","TEMP":"19.61","RH":"70","MESSAGE":"[GOT ROOM 2] RH=70% > 60%"}
{"TYPE":"DIFF PRESS","DTU":4371,"NAME":"BOT ROOM 1","GROUP":"BOT 1","TIMESTAMP":"2025-07-16T23:01:26.985Z","PRESSURE":28,"MESSAGE":"[BOT ROOM 1] PRESS=28 > 25 PA"}
{"TYPE":"WISENSOR","DTU":"B0-1D-93-38-3B-83","NAME":"BOT ROOM 1","GROUP":"BOT 1","TIMESTAMP":"2025-07-16T23:06:14.800Z","TEMP":"21.12","RH":"52","MESSAGE":"[BOT ROOM 1] TEMP=21.120 > 21C"}
{"TYPE":"WISENSOR","DTU":"B0-C8-55-84-AD-31","NAME":"GOT ROOM 2","GROUP":"GOT 2","TIMESTAMP":"2025-07-16T23:07:30.247Z","TEMP":"19.32","RH":"62","MESSAGE":"[GOT ROOM 2] RH=62% > 60%"}
{"TYPE":"DIFF PRESS","DTU":6938,"NAME":"GOT ROOM 2","GROUP":"GOT 2","TIMESTAMP":"2025-07-16T23:12:42.121Z","PRESSURE":14.9,"MESSAGE":"[GOT ROOM 2] PRESS=14.9 < 15 PA"}
{"TYPE":"WISENSOR","DTU":"B0-1D-93-38-3B-83","NAME":"BOT ROOM 1","GROUP":"BOT 1","TIMESTAMP":"2025-07-16T23:16:21.706Z","TEMP":"21.13","RH":"74","MESSAGE":"[BOT ROOM 1] TEMP=21.130 > 21C RH=74% > 60%"}
{"TYPE":"WISENSOR","DTU":"B0-C8-55-84-AD-31","NAME":"GOT ROOM 2","GROUP":"GOT 2","TIMESTAMP":"2025-07-16T23:17:31.943Z","TEMP":"19.00","RH":"62","MESSAGE":"[GOT ROOM 2] RH=62% > 60%"}
{"TYPE":"DIFF PRESS","DTU":4371,"NAME":"BOT ROOM 1","GROUP":"BOT 1","TIMESTAMP":"2025-07-16T23:21:27.986Z","PRESSURE":25.1,"MESSAGE":"[BOT ROOM 1] PRESS=25.1 > 25 PA"}
{"TYPE":"DIFF PRESS","DTU":6938,"NAME":"GOT ROOM 2","GROUP":"GOT 2","TIMESTAMP":"2025-07-16T23:22:42.478Z","PRESSURE":14.7,"MESSAGE":"[GOT ROOM 2] PRESS=14.7 < 15 PA"}
{"TYPE":"WISENSOR","DTU":"B0-1D-93-38-3B-83","NAME":"BOT ROOM 1","GROUP":"BOT 1","TIMESTAMP":"2025-07-16T23:26:26.867Z","TEMP":"20.91","RH":"62","MESSAGE":"[BOT ROOM 1] RH=62% > 60%"}
{"TYPE":"DIFF PRESS","DTU":6937,"NAME":"GOT ROOM 1","GROUP":"GOT 1","TIMESTAMP":"2025-07-16T23:28:53.447Z","PRESSURE":0.7,"MESSAGE":"[GOT ROOM 1] PRESS=0.7 < 15 PA"}
{"TYPE":"DIFF PRESS","DTU":6938,"NAME":"GOT ROOM 2","GROUP":"GOT 2","TIMESTAMP":"2025-07-16T23:32:42.823Z","PRESSURE":14.6,"MESSAGE":"[GOT ROOM 2] PRESS=14.6 < 15 PA"}
{"TYPE":"DIFF PRESS","DTU":3553,"NAME":"BOT ROOM 2","GROUP":"BOT 2","TIMESTAMP":"2025-07-16T23:33:37.110Z","PRESSURE":-63,"MESSAGE":"[BOT ROOM 2] PRESS=-63 < 15 PA"}
{"TYPE":"WISENSOR","DTU":"B0-1D-93-38-3B-83","NAME":"BOT ROOM 1","GROUP":"BOT 1","TIMESTAMP":"2025-07-16T23:36:27.263Z","TEMP":"21.12","RH":"53","MESSAGE":"[BOT ROOM 1] TEMP=21.120 > 21C"}
{"TYPE":"DIFF PRESS","DTU":6937,"NAME":"GOT ROOM 1","GROUP":"GOT 1","TIMESTAMP":"2025-07-16T23:38:53.813Z","PRESSURE":0.6,"MESSAGE":"[GOT ROOM 1] PRESS=0.6 < 15 PA"}
{"TYPE":"DIFF PRESS","DTU":6938,"NAME":"GOT ROOM 2","GROUP":"GOT 2","TIMESTAMP":"2025-07-16T23:42:43.202Z","PRESSURE":14.8,"MESSAGE":"[GOT ROOM 2] PRESS=14.8 < 15 PA"}
{"TYPE":"DIFF PRESS","DTU":3553,"NAME":"BOT ROOM 2","GROUP":"BOT 2","TIMESTAMP":"2025-07-16T23:43:37.617Z","PRESSURE":-64,"MESSAGE":"[BOT ROOM 2] PRESS=-64 < 15 PA"}
{"TYPE":"WISENSOR","DTU":"B0-1D-93-38-3B-83","NAME":"BOT ROOM 1","GROUP":"BOT 1","TIMESTAMP":"2025-07-16T23:46:27.574Z","TEMP":"21.19","RH":"56","MESSAGE":"[BOT ROOM 1] TEMP=21.190 > 21C"}
{"TYPE":"DIFF PRESS","DTU":6937,"NAME":"GOT ROOM 1","GROUP":"GOT 1","TIMESTAMP":"2025-07-16T23:48:54.551Z","PRESSURE":0.7,"MESSAGE":"[GOT ROOM 1] PRESS=0.7 < 15 PA"}
{"TYPE":"DIFF PRESS","DTU":6938,"NAME":"GOT ROOM 2","GROUP":"GOT 2","TIMESTAMP":"2025-07-16T23:52:43.591Z","PRESSURE":14.7,"MESSAGE":"[GOT ROOM 2] PRESS=14.7 < 15 PA"}
{"TYPE":"DIFF PRESS","DTU":6937,"NAME":"GOT ROOM 1","GROUP":"GOT 1","TIMESTAMP":"2025-07-16T23:58:54.507Z","PRESSURE":14.9,"MESSAGE":"[GOT ROOM 1] PRESS=14.9 < 15 PA"}
{"TYPE":"DIFF PRESS","DTU":3553,"NAME":"BOT ROOM 2","GROUP":"BOT 2","TIMESTAMP":"2025-07-17T00:03:38.569Z","PRESSURE":-64,"MESSAGE":"[BOT ROOM 2] PRESS=-64 < 15 PA"}
{"TYPE":"DIFF PRESS","DTU":4371,"NAME":"BOT ROOM 1","GROUP":"BOT 1","TIMESTAMP":"2025-07-17T00:11:30.439Z","PRESSURE":25.6,"MESSAGE":"[BOT ROOM 1] PRESS=25.6 > 25 PA"}
{"TYPE":"DIFF PRESS","DTU":4371,"NAME":"BOT ROOM 1","GROUP":"BOT 1","TIMESTAMP":"2025-07-17T00:21:30.909Z","PRESSURE":25.1,"MESSAGE":"[BOT ROOM 1] PRESS=25.1 > 25 PA"}
{"TYPE":"DIFF PRESS","DTU":4371,"NAME":"BOT ROOM 1","GROUP":"BOT 1","TIMESTAMP":"2025-07-17T00:41:31.940Z","PRESSURE":25.4,"MESSAGE":"[BOT ROOM 1] PRESS=25.4 > 25 PA"}
{"TYPE":"DIFF PRESS","DTU":4371,"NAME":"BOT ROOM 1","GROUP":"BOT 1","TIMESTAMP":"2025-07-17T00:51:32.454Z","PRESSURE":25.5,"MESSAGE":"[BOT ROOM 1] PRESS=25.5 > 25 PA"}
{"TYPE":"DIFF PRESS","DTU":3553,"NAME":"BOT ROOM 2","GROUP":"BOT 2","TIMESTAMP":"2025-07-17T01:03:41.482Z","PRESSURE":-63,"MESSAGE":"[BOT ROOM 2] PRESS=-63 < 15 PA"}
{"TYPE":"DIFF PRESS","DTU":6938,"NAME":"GOT ROOM 2","GROUP":"GOT 2","TIMESTAMP":"2025-07-17T01:52:47.944Z","PRESSURE":14.9,"MESSAGE":"[GOT ROOM 2] PRESS=14.9 < 15 PA"}
{"TYPE":"DIFF PRESS","DTU":3553,"NAME":"BOT ROOM 2","GROUP":"BOT 2","TIMESTAMP":"2025-07-17T01:53:43.997Z","PRESSURE":-62,"MESSAGE":"[BOT ROOM 2] PRESS=-62 < 15 PA"}
{"TYPE":"WISENSOR","DTU":"B0-C8-55-84-AD-31","NAME":"GOT ROOM 2","GROUP":"GOT 2","TIMESTAMP":"2025-07-17T05:59:23.249Z","TEMP":"18.49","RH":"57","MESSAGE":"[GOT ROOM 2] TEMP=18.490 < 18.5C"}
{"TYPE":"WISENSOR","DTU":"B0-C8-55-84-AD-31","NAME":"GOT ROOM 2","GROUP":"GOT 2","TIMESTAMP":"2025-07-17T06:09:25.850Z","TEMP":"18.49","RH":"57","MESSAGE":"[GOT ROOM 2] TEMP=18.490 < 18.5C"}
{"TYPE":"WISENSOR","DTU":"B0-C8-55-84-AD-31","NAME":"GOT ROOM 2","GROUP":"GOT 2","TIMESTAMP":"2025-07-17T06:19:28.403Z","TEMP":"18.49","RH":"57","MESSAGE":"[GOT ROOM 2] TEMP=18.490 < 18.5C"}
{"TYPE":"DIFF PRESS","DTU":3553,"NAME":"BOT ROOM 2","GROUP":"BOT 2","TIMESTAMP":"2025-07-17T06:23:57.286Z","PRESSURE":-64,"MESSAGE":"[BOT ROOM 2] PRESS=-64 < 15 PA"}
{"TYPE":"WISENSOR","DTU":"B0-C8-55-84-AD-31","NAME":"GOT ROOM 2","GROUP":"GOT 2","TIMESTAMP":"2025-07-17T06:29:28.244Z","TEMP":"18.45","RH":"57","MESSAGE":"[GOT ROOM 2] TEMP=18.450 < 18.5C"}
{"TYPE":"DIFF PRESS","DTU":6938,"NAME":"GOT ROOM 2","GROUP":"GOT 2","TIMESTAMP":"2025-07-17T06:52:58.732Z","PRESSURE":14.8,"MESSAGE":"[GOT ROOM 2] PRESS=14.8 < 15 PA"}
{"TYPE":"WISENSOR","DTU":"B0-1D-93-38-3B-83","NAME":"BOT ROOM 1","GROUP":"BOT 1","TIMESTAMP":"2025-07-17T07:40:23.644Z","TEMP":"22.07","RH":"75","MESSAGE":"[BOT ROOM 1] TEMP=22.070 > 21C RH=75% > 60%"}
{"TYPE":"WISENSOR","DTU":"B0-1D-93-38-3B-83","NAME":"BOT ROOM 1","GROUP":"BOT 1","TIMESTAMP":"2025-07-17T08:00:41.061Z","TEMP":"21.20","RH":"52","MESSAGE":"[BOT ROOM 1] TEMP=21.200 > 21C"}
{"TYPE":"WISENSOR","DTU":"B0-D3-35-4E-A4-26","NAME":"GOT ROOM 1","GROUP":"GOT 1","TIMESTAMP":"2025-07-17T09:12:12.558Z","TEMP":"19.12","RH":"61","MESSAGE":"[GOT ROOM 1] RH=61% > 60%"}
{"TYPE":"WISENSOR","DTU":"B0-9E-D7-03-31-68","NAME":"BOT ROOM 2","GROUP":"BOT 2","TIMESTAMP":"2025-07-17T09:21:55.107Z","TEMP":"20.15","RH":"62","MESSAGE":"[BOT ROOM 2] RH=62% > 60%"}
{"TYPE":"WISENSOR","DTU":"B0-D3-35-4E-A4-26","NAME":"GOT ROOM 1","GROUP":"GOT 1","TIMESTAMP":"2025-07-17T09:22:21.451Z","TEMP":"19.14","RH":"62","MESSAGE":"[GOT ROOM 1] RH=62% > 60%"}
{"TYPE":"DIFF PRESS","DTU":4371,"NAME":"BOT ROOM 1","GROUP":"BOT 1","TIMESTAMP":"2025-07-17T22:12:35.538Z","PRESSURE":27.1,"MESSAGE":"[BOT ROOM 1] PRESS=27.1 > 25 PA"}
{"TYPE":"DIFF PRESS","DTU":4371,"NAME":"BOT ROOM 1","GROUP":"BOT 1","TIMESTAMP":"2025-07-17T22:22:35.992Z","PRESSURE":26.9,"MESSAGE":"[BOT ROOM 1] PRESS=26.9 > 25 PA"}
{"TYPE":"DIFF PRESS","DTU":4371,"NAME":"BOT ROOM 1","GROUP":"BOT 1","TIMESTAMP":"2025-07-17T22:32:36.533Z","PRESSURE":26.8,"MESSAGE":"[BOT ROOM 1] PRESS=26.8 > 25 PA"}
{"TYPE":"DIFF PRESS","DTU":4371,"NAME":"BOT ROOM 1","GROUP":"BOT 1","TIMESTAMP":"2025-07-17T22:42:37.106Z","PRESSURE":26.8,"MESSAGE":"[BOT ROOM 1] PRESS=26.8 > 25 PA"}
{"TYPE":"DIFF PRESS","DTU":4371,"NAME":"BOT ROOM 1","GROUP":"BOT 1","TIMESTAMP":"2025-07-17T22:52:37.598Z","PRESSURE":27.4,"MESSAGE":"[BOT ROOM 1] PRESS=27.4 > 25 PA"}
{"TYPE":"DIFF PRESS","DTU":4371,"NAME":"BOT ROOM 1","GROUP":"BOT 1","TIMESTAMP":"2025-07-17T23:02:38.069Z","PRESSURE":26.8,"MESSAGE":"[BOT ROOM 1] PRESS=26.8 > 25 PA"}
{"TYPE":"DIFF PRESS","DTU":6938,"NAME":"GOT ROOM 2","GROUP":"GOT 2","TIMESTAMP":"2025-07-17T23:23:34.486Z","PRESSURE":14.7,"MESSAGE":"[GOT ROOM 2] PRESS=14.7 < 15 PA"}
{"TYPE":"DIFF PRESS","DTU":6937,"NAME":"GOT ROOM 1","GROUP":"GOT 1","TIMESTAMP":"2025-07-17T23:29:46.663Z","PRESSURE":0.7,"MESSAGE":"[GOT ROOM 1] PRESS=0.7 < 15 PA"}
{"TYPE":"WISENSOR","DTU":"B0-D3-35-4E-A4-26","NAME":"GOT ROOM 1","GROUP":"GOT 1","TIMESTAMP":"2025-07-17T23:32:54.860Z","TEMP":"18.85","RH":"61","MESSAGE":"[GOT ROOM 1] RH=61% > 60%"}
{"TYPE":"DIFF PRESS","DTU":6938,"NAME":"GOT ROOM 2","GROUP":"GOT 2","TIMESTAMP":"2025-07-17T23:33:34.832Z","PRESSURE":14.8,"MESSAGE":"[GOT ROOM 2] PRESS=14.8 < 15 PA"}
{"TYPE":"DIFF PRESS","DTU":3553,"NAME":"BOT ROOM 2","GROUP":"BOT 2","TIMESTAMP":"2025-07-17T23:34:48.143Z","PRESSURE":-63,"MESSAGE":"[BOT ROOM 2] PRESS=-63 < 15 PA"}
{"TYPE":"DIFF PRESS","DTU":6937,"NAME":"GOT ROOM 1","GROUP":"GOT 1","TIMESTAMP":"2025-07-17T23:39:47.051Z","PRESSURE":0.7,"MESSAGE":"[GOT ROOM 1] PRESS=0.7 < 15 PA"}
{"TYPE":"WISENSOR","DTU":"B0-D3-35-4E-A4-26","NAME":"GOT ROOM 1","GROUP":"GOT 1","TIMESTAMP":"2025-07-17T23:43:05.224Z","TEMP":"18.74","RH":"61","MESSAGE":"[GOT ROOM 1] RH=61% > 60%"}
{"TYPE":"DIFF PRESS","DTU":6938,"NAME":"GOT ROOM 2","GROUP":"GOT 2","TIMESTAMP":"2025-07-17T23:43:35.195Z","PRESSURE":14.7,"MESSAGE":"[GOT ROOM 2] PRESS=14.7 < 15 PA"}
{"TYPE":"DIFF PRESS","DTU":6937,"NAME":"GOT ROOM 1","GROUP":"GOT 1","TIMESTAMP":"2025-07-17T23:49:47.450Z","PRESSURE":0.6,"MESSAGE":"[GOT ROOM 1] PRESS=0.6 < 15 PA"}
{"TYPE":"WISENSOR","DTU":"B0-D3-35-4E-A4-26","NAME":"GOT ROOM 1","GROUP":"GOT 1","TIMESTAMP":"2025-07-17T23:53:15.836Z","TEMP":"18.76","RH":"61","MESSAGE":"[GOT ROOM 1] RH=61% > 60%"}
{"TYPE":"DIFF PRESS","DTU":6937,"NAME":"GOT ROOM 1","GROUP":"GOT 1","TIMESTAMP":"2025-07-17T23:59:47.809Z","PRESSURE":11.9,"MESSAGE":"[GOT ROOM 1] PRESS=11.9 < 15 PA"}
{"TYPE":"DIFF PRESS","DTU":4371,"NAME":"BOT ROOM 1","GROUP":"BOT 1","TIMESTAMP":"2025-07-18T00:02:41.032Z","PRESSURE":3.9,"MESSAGE":"[BOT ROOM 1] PRESS=3.9 < 15 PA"}
{"TYPE":"WISENSOR","DTU":"B0-D3-35-4E-A4-26","NAME":"GOT ROOM 1","GROUP":"GOT 1","TIMESTAMP":"2025-07-18T00:03:24.782Z","TEMP":"18.85","RH":"61","MESSAGE":"[GOT ROOM 1] RH=61% > 60%"}
{"TYPE":"DIFF PRESS","DTU":3553,"NAME":"BOT ROOM 2","GROUP":"BOT 2","TIMESTAMP":"2025-07-18T00:04:49.623Z","PRESSURE":-63,"MESSAGE":"[BOT ROOM 2] PRESS=-63 < 15 PA"}
{"TYPE":"DIFF PRESS","DTU":4371,"NAME":"BOT ROOM 1","GROUP":"BOT 1","TIMESTAMP":"2025-07-18T00:12:41.450Z","PRESSURE":25.4,"MESSAGE":"[BOT ROOM 1] PRESS=25.4 > 25 PA"}
{"TYPE":"DIFF PRESS","DTU":3553,"NAME":"BOT ROOM 2","GROUP":"BOT 2","TIMESTAMP":"2025-07-18T00:14:50.113Z","PRESSURE":-62,"MESSAGE":"[BOT ROOM 2] PRESS=-62 < 15 PA"}
{"TYPE":"WISENSOR","DTU":"B0-1D-93-38-3B-83","NAME":"BOT ROOM 1","GROUP":"BOT 1","TIMESTAMP":"2025-07-18T00:17:23.103Z","TEMP":"21.22","RH":"52","MESSAGE":"[BOT ROOM 1] TEMP=21.220 > 21C"}
{"TYPE":"DIFF PRESS","DTU":4371,"NAME":"BOT ROOM 1","GROUP":"BOT 1","TIMESTAMP":"2025-07-18T00:22:42.037Z","PRESSURE":25.4,"MESSAGE":"[BOT ROOM 1] PRESS=25.4 > 25 PA"}
{"TYPE":"WISENSOR","DTU":"B0-D3-35-4E-A4-26","NAME":"GOT ROOM 1","GROUP":"GOT 1","TIMESTAMP":"2025-07-18T00:23:44.863Z","TEMP":"18.92","RH":"61","MESSAGE":"[GOT ROOM 1] RH=61% > 60%"}
{"TYPE":"DIFF PRESS","DTU":3553,"NAME":"BOT ROOM 2","GROUP":"BOT 2","TIMESTAMP":"2025-07-18T00:24:50.655Z","PRESSURE":-63,"MESSAGE":"[BOT ROOM 2] PRESS=-63 < 15 PA"}
{"TYPE":"WISENSOR","DTU":"B0-D3-35-4E-A4-26","NAME":"GOT ROOM 1","GROUP":"GOT 1","TIMESTAMP":"2025-07-18T00:44:02.652Z","TEMP":"18.84","RH":"61","MESSAGE":"[GOT ROOM 1] RH=61% > 60%"}
{"TYPE":"WISENSOR","DTU":"B0-D3-35-4E-A4-26","NAME":"GOT ROOM 1","GROUP":"GOT 1","TIMESTAMP":"2025-07-18T00:54:08.545Z","TEMP":"18.92","RH":"61","MESSAGE":"[GOT ROOM 1] RH=61% > 60%"}
{"TYPE":"DIFF PRESS","DTU":6937,"NAME":"GOT ROOM 1","GROUP":"GOT 1","TIMESTAMP":"2025-07-18T01:09:50.408Z","PRESSURE":9.9,"MESSAGE":"[GOT ROOM 1] PRESS=9.9 < 15 PA"}
{"TYPE":"DIFF PRESS","DTU":6937,"NAME":"GOT ROOM 1","GROUP":"GOT 1","TIMESTAMP":"2025-07-18T01:29:51.129Z","PRESSURE":13.8,"MESSAGE":"[GOT ROOM 1] PRESS=13.8 < 15 PA"}
{"TYPE":"DIFF PRESS","DTU":3553,"NAME":"BOT ROOM 2","GROUP":"BOT 2","TIMESTAMP":"2025-07-18T02:04:55.559Z","PRESSURE":-63,"MESSAGE":"[BOT ROOM 2] PRESS=-63 < 15 PA"}
{"TYPE":"WISENSOR","DTU":"B0-1D-93-38-3B-83","NAME":"BOT ROOM 1","GROUP":"BOT 1","TIMESTAMP":"2025-07-18T02:28:31.247Z","TEMP":"21.14","RH":"53","MESSAGE":"[BOT ROOM 1] TEMP=21.140 > 21C"}
{"TYPE":"WISENSOR","DTU":"B0-1D-93-38-3B-83","NAME":"BOT ROOM 1","GROUP":"BOT 1","TIMESTAMP":"2025-07-18T02:38:40.924Z","TEMP":"21.16","RH":"53","MESSAGE":"[BOT ROOM 1] TEMP=21.160 > 21C"}
{"TYPE":"DIFF PRESS","DTU":6937,"NAME":"GOT ROOM 1","GROUP":"GOT 1","TIMESTAMP":"2025-07-18T02:39:53.702Z","PRESSURE":14.7,"MESSAGE":"[GOT ROOM 1] PRESS=14.7 < 15 PA"}
{"TYPE":"DIFF PRESS","DTU":3553,"NAME":"BOT ROOM 2","GROUP":"BOT 2","TIMESTAMP":"2025-07-18T02:54:58.062Z","PRESSURE":-61,"MESSAGE":"[BOT ROOM 2] PRESS=-61 < 15 PA"}
{"TYPE":"DIFF PRESS","DTU":6938,"NAME":"GOT ROOM 2","GROUP":"GOT 2","TIMESTAMP":"2025-07-18T03:23:43.109Z","PRESSURE":14.9,"MESSAGE":"[GOT ROOM 2] PRESS=14.9 < 15 PA"}
{"TYPE":"DIFF PRESS","DTU":6938,"NAME":"GOT ROOM 2","GROUP":"GOT 2","TIMESTAMP":"2025-07-18T03:33:43.438Z","PRESSURE":14.8,"MESSAGE":"[GOT ROOM 2] PRESS=14.8 < 15 PA"}
{"TYPE":"WISENSOR","DTU":"B0-1D-93-38-3B-83","NAME":"BOT ROOM 1","GROUP":"BOT 1","TIMESTAMP":"2025-07-18T09:11:27.549Z","TEMP":"21.32","RH":"50","MESSAGE":"[BOT ROOM 1] TEMP=21.320 > 21C"}
{"TYPE":"WISENSOR","DTU":"B0-1D-93-38-3B-83","NAME":"BOT ROOM 1","GROUP":"BOT 1","TIMESTAMP":"2025-07-18T09:21:32.740Z","TEMP":"21.70","RH":"73","MESSAGE":"[BOT ROOM 1] TEMP=21.700 > 21C RH=73% > 60%"}
{"TYPE":"WISENSOR","DTU":"B0-C8-55-84-AD-31","NAME":"GOT ROOM 2","GROUP":"GOT 2","TIMESTAMP":"2025-07-18T09:29:25.116Z","TEMP":"20.02","RH":"63","MESSAGE":"[GOT ROOM 2] RH=63% > 60%"}
{"TYPE":"WISENSOR","DTU":"B0-1D-93-38-3B-83","NAME":"BOT ROOM 1","GROUP":"BOT 1","TIMESTAMP":"2025-07-19T02:58:52.299Z","TEMP":"21.19","RH":"60","MESSAGE":"[BOT ROOM 1] TEMP=21.190 > 21C"}
{"TYPE":"WISENSOR","DTU":"B0-1D-93-38-3B-83","NAME":"BOT ROOM 1","GROUP":"BOT 1","TIMESTAMP":"2025-07-19T03:06:39.837Z","TEMP":"21.06","RH":"60","MESSAGE":"[BOT ROOM 1] TEMP=21.060 > 21C"}
{"TYPE":"WISENSOR","DTU":"B0-1D-93-38-3B-83","NAME":"BOT ROOM 1","GROUP":"BOT 1","TIMESTAMP":"2025-07-19T03:14:32.432Z","TEMP":"21.08","RH":"59","MESSAGE":"[BOT ROOM 1] TEMP=21.080 > 21C"}
